03-15 13:39:10.545 I/AT      ( 1287): [0] AT< +EOPS: 0,2,"62120",1 (RIL_ATCI_READER, tid:496816395504)
03-15 13:39:10.545 I/AT      ( 1287): [0] AT< OK (RIL_CMD_READER_1, tid:496826938608)
03-15 13:39:10.545 D/NetworkRegistrationManager( 1997): getNetworkRegistrationState domain 2
03-15 13:39:10.546 D/NetworkRegistrationManager( 1997): getNetworkRegistrationState domain 1
03-15 13:39:10.547 I/AT      ( 1287): [0] AT< OK (RIL_ATCI_READER, tid:496816395504)
03-15 13:39:10.547 D/RILJ    ( 1997): [4836]> DATA_REGISTRATION_STATE [SUB0]
03-15 13:39:10.548 D/RILJ    ( 1997): [4837]> QUERY_NETWORK_SELECTION_MODE [SUB0]
03-15 13:39:10.549 I/RtcEmbmsAt( 1287): [0] Handle URC RFX_MSG_URC_EMBMS_CELL_INFO_NOTIFICATION Slot 0 (DefaultDataSlot:0)
03-15 13:39:10.549 I/RtcEmbmsAt( 1287): [0] handleCellInfoUrc cell_id 4FF4, status 0, plmn 62120
03-15 13:39:10.549 I/RtcEmbmsAt( 1287): [0] urcToSocket:+CEREG:0
03-15 13:39:10.549 I/AT      ( 1287): [0] AT> AT+EOPS? (RIL_CMD_RT_7, tid:496813274352)
03-15 13:39:10.549 D/RILJ    ( 1997): [4838]> VOICE_REGISTRATION_STATE [SUB0]
03-15 13:39:10.549 I/RtcEmbmsAt( 1287): [0] urcToSocket:%MBMSEV:4,621200004FF4
03-15 13:39:10.550 D/RILJ    ( 1997): Unsol response received; Sending ack to ril.cpp [SUB0]
03-15 13:39:10.550 D/RILJ    ( 1997): [UNSL]< UNSOL_RESPONSE_PS_NETWORK_STATE_CHANGED [SUB0]
03-15 13:39:10.550 D/MTKSST  ( 1997): [GsmSST0] onPsNetworkStateChangeResult, mPsRegState:1,newUrcState:1,info[0]:0,info[1]:62120,info[2]:2
03-15 13:39:10.552 D/RILJ    ( 1997): Unsol response received; Sending ack to ril.cpp [SUB0]
03-15 13:39:10.553 I/AT      ( 1287): [0] AT< +EOPS: 0,2,"62120",1 (RIL_CMD_RT_7, tid:496814314736)
03-15 13:39:10.553 D/RILJ    ( 1997): [UNSL]< MTK: RIL_UNSOL_EMBMS_AT_INFO +CEREG:0
03-15 13:39:10.553 D/RILJ    ( 1997):  [SUB0]
03-15 13:39:10.553 D/RILJ    ( 1997): Notify mEmbmsAtInfoNotificationRegistrant [SUB0]
03-15 13:39:10.553 I/MtkEmbmsAdaptor( 1997): MSG_ID_EVENT_IND data: +CEREG:0
03-15 13:39:10.554 E/MtkEmbmsAdaptor( 1997): sendCommand fail!! mAdaptorIoThread is null!
03-15 13:39:10.554 I/AT      ( 1287): [0] AT< OK (RIL_CMD_RT_7, tid:496814314736)
03-15 13:39:10.554 I/AT      ( 1287): [0] AT> AT+EGREG? (RIL_CMD_RT_7, tid:496813274352)
03-15 13:39:10.555 D/RILJ    ( 1997): Unsol response received; Sending ack to ril.cpp [SUB0]
03-15 13:39:10.556 D/RILJ    ( 1997): [UNSL]< MTK: RIL_UNSOL_EMBMS_AT_INFO %MBMSEV:4,621200004FF4
03-15 13:39:10.556 D/RILJ    ( 1997):  [SUB0]
03-15 13:39:10.556 D/RILJ    ( 1997): Notify mEmbmsAtInfoNotificationRegistrant [SUB0]
03-15 13:39:10.556 I/MtkEmbmsAdaptor( 1997): MSG_ID_EVENT_IND data: %MBMSEV:4,621200004FF4
03-15 13:39:10.556 E/MtkEmbmsAdaptor( 1997): sendCommand fail!! mAdaptorIoThread is null!
03-15 13:39:10.557 D/RILJ    ( 1997): [4835]< OPERATOR {, , } [SUB0]
03-15 13:39:10.557 I/AT      ( 1287): [0] AT< +EGREG: 3,0,"0301","00004FF4",2,0,0,0,0,14 (RIL_CMD_RT_7, tid:496814314736)
03-15 13:39:10.557 I/AT      ( 1287): [0] AT< OK (RIL_CMD_RT_7, tid:496814314736)
03-15 13:39:10.558 I/AT      ( 1287): [0] AT> AT+COPS? (RIL_CMD_RT_7, tid:496813274352)
03-15 13:39:10.558 D/agps-ril( 1287): [-1] [RtcAgpsNSlotController]onServiceStateChanged(0) cs_reg=12, cs_rat=0, ps_reg=0, ps_rat=0, iwlan_reg=0
03-15 13:39:10.558 D/RILJ    ( 1997): [4836]< DATA_REGISTRATION_STATE {.regState = NOT_REG_MT_NOT_SEARCHING_OP, .rat = 0, .reasonDataDenied = 14, .maxDataCalls = 1, .cellIdentity = {.cellInfoType = NONE, .cellIdentityGsm = [], .cellIdentityWcdma = [], .cellIdentityCdma = [], .cellIdentityLte = [], .cellIdentityTdscdma = []}} [SUB0]
03-15 13:39:10.559 D/NetworkRegistrationManager( 1997): onGetNetworkRegistrationStateComplete result 0 state NetworkRegistrationState{transportType=1 domain=PS regState=NOT_REG_NOT_SEARCHING accessNetworkTechnology=UNKNOWN reasonForDenial=14 emergencyEnabled=false supportedServices=null cellIdentity=null voiceSpecificStates=null dataSpecificStates=DataSpecificRegistrationStates { mMaxDataCalls=1}}
03-15 13:39:10.560 I/AT      ( 1287): [0] AT< +COPS: 0 (RIL_CMD_RT_7, tid:496814314736)
03-15 13:39:10.560 I/AT      ( 1287): [0] AT< OK (RIL_CMD_RT_7, tid:496814314736)
03-15 13:39:10.561 I/AT      ( 1287): [0] AT> AT+EREG? (RIL_CMD_RT_7, tid:496813274352)
03-15 13:39:10.561 D/RILJ    ( 1997): [4837]< QUERY_NETWORK_SELECTION_MODE {0} [SUB0]
03-15 13:39:10.561 D/MTKSST  ( 1997): [GsmSST0] EVENT_POLL_STATE_NETWORK_SELECTION_MODE
03-15 13:39:10.564 I/AT      ( 1287): [0] AT< +EREG: 3,2,"0301","00004FF4",2,0,0,0,0 (RIL_CMD_RT_7, tid:496814314736)
03-15 13:39:10.564 I/AT      ( 1287): [0] AT< OK (RIL_CMD_RT_7, tid:496814314736)
03-15 13:39:10.564 I/AT      ( 1287): [0] AT> AT+VLOCINFO? (RIL_CMD_RT_7, tid:496813274352)
03-15 13:39:10.568 I/AT      ( 1287): [0] AT< +VLOCINFO:0,111,11,0,0,0,0,0,0x00000000000000000000000000000000,0x00 (RIL_CMD_RT_7, tid:496814314736)
03-15 13:39:10.568 I/AT      ( 1287): [0] AT< OK (RIL_CMD_RT_7, tid:496814314736)
03-15 13:39:10.570 D/RILJ    ( 1997): [4838]< VOICE_REGISTRATION_STATE {.regState = NOT_REG_MT_SEARCHING_OP_EM, .rat = 0, .cssSupported = false, .roamingIndicator = 0, .systemIsInPrl = -1, .defaultRoamingIndicator = 2, .reasonForDenial = 0, .cellIdentity = {.cellInfoType = NONE, .cellIdentityGsm = [], .cellIdentityWcdma = [], .cellIdentityCdma = [], .cellIdentityLte = [], .cellIdentityTdscdma = []}} [SUB0]
03-15 13:39:10.570 D/NetworkRegistrationManager( 1997): onGetNetworkRegistrationStateComplete result 0 state NetworkRegistrationState{transportType=1 domain=CS regState=NOT_REG_SEARCHING accessNetworkTechnology=UNKNOWN reasonForDenial=0 emergencyEnabled=true supportedServices=[I@961eb01 cellIdentity=null voiceSpecificStates=VoiceSpecificRegistrationStates { mCssSupported=false mRoamingIndicator=0 mSystemIsInPrl=-1 mDefaultRoamingIndicator=2} dataSpecificStates=null}
03-15 13:39:10.570 D/MTKSST  ( 1997): [GsmSST0] Could not set ServiceState channel number. CellIdentity null
03-15 13:39:10.573 D/MTKSST  ( 1997): [GsmSST0] serviceMccmnc = ,simMccmnc = 62183
03-15 13:39:10.574 D/MTKSST  ( 1997): [GsmSST0] guix inSwitchingDss = false  mSimState = 5 PhoneId = 0
03-15 13:39:10.574 D/SubscriptionController( 1997): [getSubId]- numSubIds == 0, return DummySubIds slotIndex=1
03-15 13:39:10.577 I/chatty  ( 1997): uid=1001(radio) com.android.phone identical 3 lines
03-15 13:39:10.578 D/SubscriptionController( 1997): [getSubId]- numSubIds == 0, return DummySubIds slotIndex=1
03-15 13:39:10.579 D/MTKSST  ( 1997): [GsmSST0] ct simcard check:non-ct, need smooth 
03-15 13:39:10.579 D/MTKSST  ( 1997): [GsmSST0] oppoDelayOosState checkResult = 1,oldstate=1
03-15 13:39:12.901 I/RilClient( 1287): initialize: commandFd is 102
03-15 13:39:12.901 I/RilClient( 1287): start listen on fd: 12, socket name: rild-oem
03-15 13:39:12.903 I/RmcOemHandler( 1287): requestQueryThermal Enter: -1
03-15 13:39:12.903 I/AT      ( 1287): [0] AT> AT+ETHERMAL (RIL_CMD_READER_1, tid:496825898224)
03-15 13:39:12.906 I/AT      ( 1287): [0] AT< +ETHERMAL: 1, 32767,,, 25652, 32767, -28533 (RIL_CMD_READER_1, tid:496826938608)
03-15 13:39:12.907 I/AT      ( 1287): [0] AT< OK (RIL_CMD_READER_1, tid:496826938608)
03-15 13:39:12.907 I/RmcOemHandler( 1287): requestQueryThermal success
03-15 13:39:12.907 D/RtcRilClientController( 1287): client 1001 handle requestComplete
03-15 13:39:22.917 I/RilClient( 1287): initialize: commandFd is 0
03-15 13:39:22.917 I/RilClient( 1287): start listen on fd: 12, socket name: rild-oem
03-15 13:39:22.918 I/RmcOemHandler( 1287): requestQueryThermal Enter: -1
03-15 13:39:22.918 I/AT      ( 1287): [0] AT> AT+ETHERMAL (RIL_CMD_READER_1, tid:496825898224)
03-15 13:39:22.921 I/AT      ( 1287): [0] AT< +ETHERMAL: 1, 32767,,, 25652, 32767, -28533 (RIL_CMD_READER_1, tid:496826938608)
03-15 13:39:22.921 I/AT      ( 1287): [0] AT< OK (RIL_CMD_READER_1, tid:496826938608)
03-15 13:39:22.922 I/RmcOemHandler( 1287): requestQueryThermal success
03-15 13:39:22.922 D/RtcRilClientController( 1287): client 1001 handle requestComplete
03-15 13:39:28.128 I/AT      ( 1287): [0] AT< +ECSQ: 43,0,-272,1,1,1,1,2,32767,2 (RIL_URC_READER, tid:496834221296)
03-15 13:39:30.485 I/AT      ( 1287): [0] AT< +ECSQ: 41,3,-280,1,1,1,1,2,32767,2 (RIL_URC_READER, tid:496834221296)
03-15 13:39:30.486 D/RmcNwHdlr( 1287): [0] handleSignalStrength, gsm_signal_strength: 21, gsm_bit_error_rate: 3, gsm_timing_advance: 2147483647, cdma_dbm: -1, cdma_ecio: -1, evdo_dbm: -1, evdo_ecio: -1, evdo_snr: -1, lte_signal_strength: 99, lte_rsrp: 2147483647, lte_rsrq: 2147483647, lte_rssnr: 2147483647, lte_cqi: 2147483647, lte_timing_advance: 2147483647, tdscdma_signal_strength: 99, tdscdma_bit_error_rate: 99, tdscdma_rscp: 255, wcdma_signal_strength: 99, wcdma_bit_error_rate: 99, wcdma_scdma_rscp: 255, wcdma_ecno: 255,
03-15 13:39:30.491 D/SST     ( 1997): getSignalStrengthLevel=true
03-15 13:39:30.491 D/SST     ( 1997): mOEMLevel_0=4,mOEMLevel_1:0
03-15 13:39:30.491 D/MTKSST  ( 1997): [GsmSST0] no service fix signal...
03-15 13:39:30.491 D/MTKSST  ( 1997): [GsmSST0] old:{level:4, raw:SignalStrength: 22 0 -120 -160 -120 -160 -1 99 2147483647 2147483647 2147483647 2147483647 0 2147483647 99 255 2147483647 4 4 gsm|lte use_rsrp_and_rssnr_for_lte_level  [-128, -118, -108, -98] [-115, -105, -95, -85]}, new:{level:4, raw:SignalStrength: 21 3 -120 -160 -120 -160 -1 99 2147483647 2147483647 2147483647 2147483647 0 2147483647 99 255 2147483647 4 4 gsm|lte use_rsrp_and_rssnr_for_lte_level  [-128, -118, -108, -98] [-115, -105, -95, -85]}
03-15 13:39:30.492 D/MTKSST  ( 1997): [GsmSST0] old:{level:4, raw:SignalStrength: 22 0 -120 -160 -120 -160 -1 99 2147483647 2147483647 2147483647 2147483647 0 2147483647 99 255 2147483647 4 4 gsm|lte use_rsrp_and_rssnr_for_lte_level  [-128, -118, -108, -98] [-115, -105, -95, -85]}, new:{level:4, raw:SignalStrength: 21 3 -120 -160 -120 -160 -1 99 2147483647 2147483647 2147483647 2147483647 0 2147483647 99 255 2147483647 4 4 gsm|lte use_rsrp_and_rssnr_for_lte_level  [-128, -118, -108, -98] [-115, -105, -95, -85]}new:{level:4, raw:SignalStrength: 21 3 -120 -160 -120 -160 -1 99 2147483647 2147483647 2147483647 2147483647 0 2147483647 99 255 2147483647 4 4 gsm|lte use_rsrp_and_rssnr_for_lte_level  [-128, -118, -108, -98] [-115, -105, -95, -85]}
03-15 13:39:31.395 D/MTKSST  ( 1997): [GsmSST0] pollState: modemTriggered=false, mPollingContext=0, RadioState=RADIO_ON
03-15 13:39:31.397 D/RILJ    ( 1997): [4842]> OPERATOR [SUB0]
03-15 13:39:31.398 D/NetworkRegistrationManager( 1997): getNetworkRegistrationState domain 2
03-15 13:39:31.398 D/NetworkRegistrationManager( 1997): getNetworkRegistrationState domain 1
03-15 13:39:31.399 D/RILJ    ( 1997): [4843]> QUERY_NETWORK_SELECTION_MODE [SUB0]
03-15 13:39:31.400 I/AT      ( 1287): [0] AT> AT+EOPS? (RIL_CMD_RT_7, tid:496813274352)
03-15 13:39:31.400 D/RILJ    ( 1997): [4844]> DATA_REGISTRATION_STATE [SUB0]
03-15 13:39:31.401 D/RILJ    ( 1997): [4845]> VOICE_REGISTRATION_STATE [SUB0]
03-15 13:39:31.403 I/AT      ( 1287): [0] AT< +EOPS: 0,2,"62120",1 (RIL_CMD_RT_7, tid:496814314736)
03-15 13:39:31.403 I/AT      ( 1287): [0] AT< OK (RIL_CMD_RT_7, tid:496814314736)
03-15 13:39:31.403 I/AT      ( 1287): [0] AT> AT+COPS? (RIL_CMD_RT_7, tid:496813274352)
03-15 13:39:31.404 D/RILJ    ( 1997): [4842]< OPERATOR {, , } [SUB0]
03-15 13:39:31.407 I/AT      ( 1287): [0] AT< +COPS: 0 (RIL_CMD_RT_7, tid:496814314736)
03-15 13:39:31.408 I/AT      ( 1287): [0] AT< OK (RIL_CMD_RT_7, tid:496814314736)
03-15 13:39:31.408 I/AT      ( 1287): [0] AT> AT+EGREG? (RIL_CMD_RT_7, tid:496813274352)
03-15 13:39:31.409 D/RILJ    ( 1997): [4843]< QUERY_NETWORK_SELECTION_MODE {0} [SUB0]
03-15 13:39:31.409 D/MTKSST  ( 1997): [GsmSST0] EVENT_POLL_STATE_NETWORK_SELECTION_MODE
03-15 13:39:31.412 I/AT      ( 1287): [0] AT< +EGREG: 3,0,"0301","00004FF4",2,0,0,0,0,14 (RIL_CMD_RT_7, tid:496814314736)
03-15 13:39:31.412 I/AT      ( 1287): [0] AT< OK (RIL_CMD_RT_7, tid:496814314736)
03-15 13:39:31.413 I/AT      ( 1287): [0] AT> AT+EREG? (RIL_CMD_RT_7, tid:496813274352)
03-15 13:39:31.414 D/RILJ    ( 1997): [4844]< DATA_REGISTRATION_STATE {.regState = NOT_REG_MT_NOT_SEARCHING_OP, .rat = 0, .reasonDataDenied = 14, .maxDataCalls = 1, .cellIdentity = {.cellInfoType = NONE, .cellIdentityGsm = [], .cellIdentityWcdma = [], .cellIdentityCdma = [], .cellIdentityLte = [], .cellIdentityTdscdma = []}} [SUB0]
03-15 13:39:31.414 D/NetworkRegistrationManager( 1997): onGetNetworkRegistrationStateComplete result 0 state NetworkRegistrationState{transportType=1 domain=PS regState=NOT_REG_NOT_SEARCHING accessNetworkTechnology=UNKNOWN reasonForDenial=14 emergencyEnabled=false supportedServices=null cellIdentity=null voiceSpecificStates=null dataSpecificStates=DataSpecificRegistrationStates { mMaxDataCalls=1}}
03-15 13:39:31.416 I/AT      ( 1287): [0] AT< +EREG: 3,2,"0301","00004FF4",2,0,0,0,0 (RIL_CMD_RT_7, tid:496814314736)
03-15 13:39:31.416 I/AT      ( 1287): [0] AT< OK (RIL_CMD_RT_7, tid:496814314736)
03-15 13:39:31.416 I/AT      ( 1287): [0] AT> AT+VLOCINFO? (RIL_CMD_RT_7, tid:496813274352)
03-15 13:39:31.420 I/AT      ( 1287): [0] AT< +VLOCINFO:0,111,11,0,0,0,0,0,0x00000000000000000000000000000000,0x00 (RIL_CMD_RT_7, tid:496814314736)
03-15 13:39:31.420 I/AT      ( 1287): [0] AT< OK (RIL_CMD_RT_7, tid:496814314736)
03-15 13:39:31.422 D/RILJ    ( 1997): [4845]< VOICE_REGISTRATION_STATE {.regState = NOT_REG_MT_SEARCHING_OP_EM, .rat = 0, .cssSupported = false, .roamingIndicator = 0, .systemIsInPrl = -1, .defaultRoamingIndicator = 2, .reasonForDenial = 0, .cellIdentity = {.cellInfoType = NONE, .cellIdentityGsm = [], .cellIdentityWcdma = [], .cellIdentityCdma = [], .cellIdentityLte = [], .cellIdentityTdscdma = []}} [SUB0]
03-15 13:39:31.422 D/NetworkRegistrationManager( 1997): onGetNetworkRegistrationStateComplete result 0 state NetworkRegistrationState{transportType=1 domain=CS regState=NOT_REG_SEARCHING accessNetworkTechnology=UNKNOWN reasonForDenial=0 emergencyEnabled=true supportedServices=[I@ab8de32 cellIdentity=null voiceSpecificStates=VoiceSpecificRegistrationStates { mCssSupported=false mRoamingIndicator=0 mSystemIsInPrl=-1 mDefaultRoamingIndicator=2} dataSpecificStates=null}
03-15 13:39:31.422 D/MTKSST  ( 1997): [GsmSST0] Could not set ServiceState channel number. CellIdentity null
03-15 13:39:31.425 D/MTKSST  ( 1997): [GsmSST0] serviceMccmnc = ,simMccmnc = 62183
03-15 13:39:31.426 D/MTKSST  ( 1997): [GsmSST0] guix inSwitchingDss = false  mSimState = 5 PhoneId = 0
03-15 13:39:31.426 D/SubscriptionController( 1997): [getSubId]- numSubIds == 0, return DummySubIds slotIndex=1
03-15 13:39:31.430 I/chatty  ( 1997): uid=1001(radio) com.android.phone identical 3 lines
03-15 13:39:31.430 D/SubscriptionController( 1997): [getSubId]- numSubIds == 0, return DummySubIds slotIndex=1
03-15 13:39:31.431 D/MTKSST  ( 1997): [GsmSST0] ct simcard check:non-ct, need smooth 
03-15 13:39:31.431 D/MTKSST  ( 1997): [GsmSST0] oppoDelayOosState currentTime: 1773578371426  OosStartTime:1773578326388
03-15 13:39:31.431 D/MTKSST  ( 1997): [GsmSST0] oppoDelayOosState checkResult = 2,oldstate=1
03-15 13:39:31.431 D/MTKSST  ( 1997): [GsmSST0] key_log:OOS_DELAY_TIMEOUT
03-15 13:39:31.431 D/MTKSST  ( 1997): [GsmSST0] key_log:try
03-15 13:39:31.436 D/MTKSST  ( 1997): [GsmSST0] key_log:1 Out of service event Write log, return: = 1
03-15 13:39:31.442 D/MtkRILJ ( 1997): subId=2 numeric= desireLongName=true nLac=-1
03-15 13:39:31.442 D/MtkRILJ ( 1997): invalid lac, set 0
03-15 13:39:31.444 D/MtkRILJ ( 1997): plmn name update to MVNO: 
03-15 13:39:31.445 D/MtkRILJ ( 1997): subId=2 numeric= desireLongName=false nLac=-1
03-15 13:39:31.445 D/MtkRILJ ( 1997): invalid lac, set 0
03-15 13:39:31.447 D/MtkRILJ ( 1997): plmn name update to MVNO: 
03-15 13:39:31.447 D/MTKSST  ( 1997): [GsmSST0] refreshSpn: , , fromPollState=true, mForceBroadcastServiceState=false
03-15 13:39:31.448 D/MTKSST  ( 1997): [GsmSST0] Poll ServiceState done:  oldSS=[{mVoiceRegState=1(OUT_OF_SERVICE), mDataRegState=1(OUT_OF_SERVICE), mChannelNumber=-1, duplexMode()=0, mCellBandwidths=[], mVoiceRoamingType=home, mDataRoamingType=home, mVoiceOperatorAlphaLong=, mVoiceOperatorAlphaShort=, mDataOperatorAlphaLong=, mDataOperatorAlphaShort=, isManualNetworkSelection=false(automatic), mRilVoiceRadioTechnology=0(Unknown), mRilDataRadioTechnology=0(Unknown), mCssIndicator=unsupported, mNetworkId=-1, mSystemId=-1, mCdmaRoamingIndicator=-1, mCdmaDefaultRoamingIndicator=-1, mIsEmergencyOnly=true, mIsDataRoamingFromRegistration=false, mIsUsingCarrierAggregation=false, mLteEarfcnRsrpBoost=0, mNetworkRegistrationStates=[NetworkRegistrationState{transportType=1 domain=PS regState=NOT_REG_NOT_SEARCHING accessNetworkTechnology=UNKNOWN reasonForDenial=14 emergencyEnabled=false supportedServices=null cellIdentity=null voiceSpecificStates=null dataSpecificStates=DataSpecificRegistrationStates { mMaxDataCalls=1}}, NetworkRegistrationState{transportType=1 domain=CS regState=NOT_REG_SEARCHING accessNetworkTechnology=UNKNOWN reasonForDenial=0 emergencyEnabled=true supportedServices=[I@adbfb91 cellIdentity=null voiceSpecificStates=VoiceSpecificRegistrationStates { mCssSupported=false mRoamingIndicator=0 mSystemIsInPrl=-1 mDefaultRoamingIndicator=2} dataSpecificStates=null}], Ril Voice Regist state=2, Ril Data Regist state=0, mProprietaryDataRadioTechnology=0, VoiceRejectCause=-1, DataRejectCause=-1, IwlanRegState=1, CellularVoiceRegState=1, CellularDataRegState=1, RilCellularDataRegState=0, CellularDataRoamingType=0, RilCellularDataRadioTechnology=0, IsUsingCellularCarrierAggregation=false}] newSS=[{mVoiceRegState=1(OUT_OF_SERVICE), mDataRegState=1(OUT_OF_SERVICE), mChannelNumber=-1, duplexMode()=0, mCellBandwidths=[], mVoiceRoamingType=home, mDataRoamingType=home, mVoiceOperatorAlphaLong=, mVoiceOperatorAlphaShort=, mDataOperatorAlphaLong=, mDataOperatorAlphaShort=, isManualNetworkSelection=false(automatic), mRilVoiceRadioTechnology=0(Unknown), mRilDataRadioTechnology=0(Unknown), mCssIndicator=unsupported, mNetworkId=-1, mSystemId=-1, mCdmaRoamingIndicator=-1, mCdmaDefaultRoamingIndicator=-1, mIsEmergencyOnly=true, mIsDataRoamingFromRegistration=false, mIsUsingCarrierAggregation=false, mLteEarfcnRsrpBoost=0, mNetworkRegistrationStates=[NetworkRegistrationState{transportType=1 domain=PS regState=NOT_REG_NOT_SEARCHING accessNetworkTechnology=UNKNOWN reasonForDenial=14 emergencyEnabled=false supportedServices=null cellIdentity=null voiceSpecificStates=null dataSpecificStates=DataSpecificRegistrationStates { mMaxDataCalls=1}}, NetworkRegistrationState{transportType=1 domain=CS regState=NOT_REG_SEARCHING accessNetworkTechnology=UNKNOWN reasonForDenial=0 emergencyEnabled=true supportedServices=[I@ab8de32 cellIdentity=null voiceSpecificStates=VoiceSpecificRegistrationStates { mCssSupported=false mRoamingIndicator=0 mSystemIsInPrl=-1 mDefaultRoamingIndicator=2} dataSpecificStates=null}], Ril Voice Regist state=2, Ril Data Regist state=0, mProprietaryDataRadioTechnology=0, VoiceRejectCause=-1, DataRejectCause=-1, IwlanRegState=1, CellularVoiceRegState=1, CellularDataRegState=1, RilCellularDataRegState=0, CellularDataRoamingType=0, RilCellularDataRadioTechnology=0, IsUsingCellularCarrierAggregation=false}] oldMaxDataCalls=1 mNewMaxDataCalls=1 oldReasonDataDenied=14 mNewReasonDataDenied=14 isImsEccOnly= false
03-15 13:39:31.448 D/MTKSST  ( 1997): [GsmSST0] romFeature = allnet
03-15 13:39:31.448 D/MTKSST  ( 1997): [GsmSST0] pollStateDone: hasRegistered=false hasDeregistered=false hasDataAttached=false hasDataDetached=false hasDataRegStateChanged=false hasRilVoiceRadioTechnologyChanged= false hasRilDataRadioTechnologyChanged=false hasChanged=false hasVoiceRoamingOn=false hasVoiceRoamingOff=false hasDataRoamingOn=false hasDataRoamingOff=false hasLocationChanged=false has4gHandoff = false hasMultiApnSupport=false hasLostMultiApnSupport=false hasCssIndicatorChanged=false hasVoiceRoamingTypeChange=false hasDataRoamingTypeChange=false
03-15 13:39:32.840 I/AT      ( 1287): [0] AT< +ECSQ: 39,4,-288,1,1,1,1,2,32767,2 (RIL_URC_READER, tid:496834221296)
03-15 13:39:32.841 D/RmcNwHdlr( 1287): [0] handleSignalStrength, gsm_signal_strength: 20, gsm_bit_error_rate: 4, gsm_timing_advance: 2147483647, cdma_dbm: -1, cdma_ecio: -1, evdo_dbm: -1, evdo_ecio: -1, evdo_snr: -1, lte_signal_strength: 99, lte_rsrp: 2147483647, lte_rsrq: 2147483647, lte_rssnr: 2147483647, lte_cqi: 2147483647, lte_timing_advance: 2147483647, tdscdma_signal_strength: 99, tdscdma_bit_error_rate: 99, tdscdma_rscp: 255, wcdma_signal_strength: 99, wcdma_bit_error_rate: 99, wcdma_scdma_rscp: 255, wcdma_ecno: 255,
03-15 13:39:32.846 D/SST     ( 1997): getSignalStrengthLevel=true
03-15 13:39:32.846 D/SST     ( 1997): mOEMLevel_0=4,mOEMLevel_1:0
03-15 13:39:32.846 D/MTKSST  ( 1997): [GsmSST0] no service fix signal...
03-15 13:39:32.846 D/MTKSST  ( 1997): [GsmSST0] old:{level:4, raw:SignalStrength: 21 3 -120 -160 -120 -160 -1 99 2147483647 2147483647 2147483647 2147483647 0 2147483647 99 255 2147483647 4 4 gsm|lte use_rsrp_and_rssnr_for_lte_level  [-128, -118, -108, -98] [-115, -105, -95, -85]}, new:{level:4, raw:SignalStrength: 20 4 -120 -160 -120 -160 -1 99 2147483647 2147483647 2147483647 2147483647 0 2147483647 99 255 2147483647 4 4 gsm|lte use_rsrp_and_rssnr_for_lte_level  [-128, -118, -108, -98] [-115, -105, -95, -85]}
03-15 13:39:32.846 D/MTKSST  ( 1997): [GsmSST0] old:{level:4, raw:SignalStrength: 21 3 -120 -160 -120 -160 -1 99 2147483647 2147483647 2147483647 2147483647 0 2147483647 99 255 2147483647 4 4 gsm|lte use_rsrp_and_rssnr_for_lte_level  [-128, -118, -108, -98] [-115, -105, -95, -85]}, new:{level:4, raw:SignalStrength: 20 4 -120 -160 -120 -160 -1 99 2147483647 2147483647 2147483647 2147483647 0 2147483647 99 255 2147483647 4 4 gsm|lte use_rsrp_and_rssnr_for_lte_level  [-128, -118, -108, -98] [-115, -105, -95, -85]}new:{level:4, raw:SignalStrength: 20 4 -120 -160 -120 -160 -1 99 2147483647 2147483647 2147483647 2147483647 0 2147483647 99 255 2147483647 4 4 gsm|lte use_rsrp_and_rssnr_for_lte_level  [-128, -118, -108, -98] [-115, -105, -95, -85]}
03-15 13:39:32.932 I/RilClient( 1287): initialize: commandFd is 102
03-15 13:39:32.932 I/RilClient( 1287): start listen on fd: 12, socket name: rild-oem
03-15 13:39:32.933 I/RmcOemHandler( 1287): requestQueryThermal Enter: -1
03-15 13:39:32.934 I/AT      ( 1287): [0] AT> AT+ETHERMAL (RIL_CMD_READER_1, tid:496825898224)
03-15 13:39:32.937 I/AT      ( 1287): [0] AT< +ETHERMAL: 1, 32767,,, 25652, 32767, -28533 (RIL_CMD_READER_1, tid:496826938608)
03-15 13:39:32.937 I/AT      ( 1287): [0] AT< OK (RIL_CMD_READER_1, tid:496826938608)
03-15 13:39:32.937 I/RmcOemHandler( 1287): requestQueryThermal success
03-15 13:39:32.938 D/RtcRilClientController( 1287): client 1001 handle requestComplete
03-15 13:39:35.193 I/AT      ( 1287): [0] AT< +ECSQ: 42,0,-274,1,1,1,1,2,32767,2 (RIL_URC_READER, tid:496834221296)
03-15 13:39:35.194 D/RmcNwHdlr( 1287): [0] handleSignalStrength, gsm_signal_strength: 22, gsm_bit_error_rate: 0, gsm_timing_advance: 2147483647, cdma_dbm: -1, cdma_ecio: -1, evdo_dbm: -1, evdo_ecio: -1, evdo_snr: -1, lte_signal_strength: 99, lte_rsrp: 2147483647, lte_rsrq: 2147483647, lte_rssnr: 2147483647, lte_cqi: 2147483647, lte_timing_advance: 2147483647, tdscdma_signal_strength: 99, tdscdma_bit_error_rate: 99, tdscdma_rscp: 255, wcdma_signal_strength: 99, wcdma_bit_error_rate: 99, wcdma_scdma_rscp: 255, wcdma_ecno: 255,
03-15 13:39:35.200 D/SST     ( 1997): getSignalStrengthLevel=true
03-15 13:39:35.200 D/SST     ( 1997): mOEMLevel_0=4,mOEMLevel_1:0
03-15 13:39:35.200 D/MTKSST  ( 1997): [GsmSST0] no service fix signal...
03-15 13:39:35.200 D/MTKSST  ( 1997): [GsmSST0] old:{level:4, raw:SignalStrength: 20 4 -120 -160 -120 -160 -1 99 2147483647 2147483647 2147483647 2147483647 0 2147483647 99 255 2147483647 4 4 gsm|lte use_rsrp_and_rssnr_for_lte_level  [-128, -118, -108, -98] [-115, -105, -95, -85]}, new:{level:4, raw:SignalStrength: 22 0 -120 -160 -120 -160 -1 99 2147483647 2147483647 2147483647 2147483647 0 2147483647 99 255 2147483647 4 4 gsm|lte use_rsrp_and_rssnr_for_lte_level  [-128, -118, -108, -98] [-115, -105, -95, -85]}
03-15 13:39:35.200 D/MTKSST  ( 1997): [GsmSST0] old:{level:4, raw:SignalStrength: 20 4 -120 -160 -120 -160 -1 99 2147483647 2147483647 2147483647 2147483647 0 2147483647 99 255 2147483647 4 4 gsm|lte use_rsrp_and_rssnr_for_lte_level  [-128, -118, -108, -98] [-115, -105, -95, -85]}, new:{level:4, raw:SignalStrength: 22 0 -120 -160 -120 -160 -1 99 2147483647 2147483647 2147483647 2147483647 0 2147483647 99 255 2147483647 4 4 gsm|lte use_rsrp_and_rssnr_for_lte_level  [-128, -118, -108, -98] [-115, -105, -95, -85]}new:{level:4, raw:SignalStrength: 22 0 -120 -160 -120 -160 -1 99 2147483647 2147483647 2147483647 2147483647 0 2147483647 99 255 2147483647 4 4 gsm|lte use_rsrp_and_rssnr_for_lte_level  [-128, -118, -108, -98] [-115, -105, -95, -85]}
03-15 13:39:37.548 I/AT      ( 1287): [0] AT< +ECSQ: 41,0,-278,1,1,1,1,2,32767,2 (RIL_URC_READER, tid:496834221296)
03-15 13:39:39.902 I/AT      ( 1287): [0] AT< +ECSQ: 42,0,-273,1,1,1,1,2,32767,2 (RIL_URC_READER, tid:496834221296)
03-15 13:39:42.256 I/AT      ( 1287): [0] AT< +ECSQ: 41,1,-279,1,1,1,1,2,32767,2 (RIL_URC_READER, tid:496834221296)
03-15 13:39:42.257 D/RmcNwHdlr( 1287): [0] handleSignalStrength, gsm_signal_strength: 22, gsm_bit_error_rate: 1, gsm_timing_advance: 2147483647, cdma_dbm: -1, cdma_ecio: -1, evdo_dbm: -1, evdo_ecio: -1, evdo_snr: -1, lte_signal_strength: 99, lte_rsrp: 2147483647, lte_rsrq: 2147483647, lte_rssnr: 2147483647, lte_cqi: 2147483647, lte_timing_advance: 2147483647, tdscdma_signal_strength: 99, tdscdma_bit_error_rate: 99, tdscdma_rscp: 255, wcdma_signal_strength: 99, wcdma_bit_error_rate: 99, wcdma_scdma_rscp: 255, wcdma_ecno: 255,
03-15 13:39:42.261 D/SST     ( 1997): getSignalStrengthLevel=true
03-15 13:39:42.261 D/SST     ( 1997): mOEMLevel_0=4,mOEMLevel_1:0
03-15 13:39:42.261 D/MTKSST  ( 1997): [GsmSST0] no service fix signal...
03-15 13:39:42.262 D/MTKSST  ( 1997): [GsmSST0] old:{level:4, raw:SignalStrength: 22 0 -120 -160 -120 -160 -1 99 2147483647 2147483647 2147483647 2147483647 0 2147483647 99 255 2147483647 4 4 gsm|lte use_rsrp_and_rssnr_for_lte_level  [-128, -118, -108, -98] [-115, -105, -95, -85]}, new:{level:4, raw:SignalStrength: 22 1 -120 -160 -120 -160 -1 99 2147483647 2147483647 2147483647 2147483647 0 2147483647 99 255 2147483647 4 4 gsm|lte use_rsrp_and_rssnr_for_lte_level  [-128, -118, -108, -98] [-115, -105, -95, -85]}
03-15 13:39:42.262 D/MTKSST  ( 1997): [GsmSST0] old:{level:4, raw:SignalStrength: 22 0 -120 -160 -120 -160 -1 99 2147483647 2147483647 2147483647 2147483647 0 2147483647 99 255 2147483647 4 4 gsm|lte use_rsrp_and_rssnr_for_lte_level  [-128, -118, -108, -98] [-115, -105, -95, -85]}, new:{level:4, raw:SignalStrength: 22 1 -120 -160 -120 -160 -1 99 2147483647 2147483647 2147483647 2147483647 0 2147483647 99 255 2147483647 4 4 gsm|lte use_rsrp_and_rssnr_for_lte_level  [-128, -118, -108, -98] [-115, -105, -95, -85]}new:{level:4, raw:SignalStrength: 22 1 -120 -160 -120 -160 -1 99 2147483647 2147483647 2147483647 2147483647 0 2147483647 99 255 2147483647 4 4 gsm|lte use_rsrp_and_rssnr_for_lte_level  [-128, -118, -108, -98] [-115, -105, -95, -85]}
03-15 13:39:42.946 I/RilClient( 1287): initialize: commandFd is 0
03-15 13:39:42.946 I/RilClient( 1287): start listen on fd: 12, socket name: rild-oem
03-15 13:39:42.948 I/RmcOemHandler( 1287): requestQueryThermal Enter: -1
03-15 13:39:42.948 I/AT      ( 1287): [0] AT> AT+ETHERMAL (RIL_CMD_READER_1, tid:496825898224)
03-15 13:39:42.951 I/AT      ( 1287): [0] AT< +ETHERMAL: 1, 32767,,, 25652, 32767, -28533 (RIL_CMD_READER_1, tid:496826938608)
03-15 13:39:42.951 I/AT      ( 1287): [0] AT< OK (RIL_CMD_READER_1, tid:496826938608)
03-15 13:39:42.951 I/RmcOemHandler( 1287): requestQueryThermal success
03-15 13:39:42.952 D/RtcRilClientController( 1287): client 1001 handle requestComplete
03-15 13:39:44.609 I/AT      ( 1287): [0] AT< +ECSQ: 42,1,-276,1,1,1,1,2,32767,2 (RIL_URC_READER, tid:496834221296)
03-15 13:39:45.858 I/AT      ( 1287): [0] AT< +EACMT: 1, 0 (RIL_URC_READER, tid:496834221296)
03-15 13:39:52.221 E/RPC     (  861): entry g_lowpower_mode
03-15 13:39:52.962 I/RilClient( 1287): initialize: commandFd is 102
03-15 13:39:52.962 I/RilClient( 1287): start listen on fd: 12, socket name: rild-oem
03-15 13:39:52.963 I/RmcOemHandler( 1287): requestQueryThermal Enter: -1
03-15 13:39:52.963 I/AT      ( 1287): [0] AT> AT+ETHERMAL (RIL_CMD_READER_1, tid:496825898224)
03-15 13:39:52.974 I/AT      ( 1287): [0] AT< +ETHERMAL: 1, 32767,,, 25652, 32767, -28533 (RIL_CMD_READER_1, tid:496826938608)
03-15 13:39:52.975 I/AT      ( 1287): [0] AT< OK (RIL_CMD_READER_1, tid:496826938608)
03-15 13:39:52.975 I/RmcOemHandler( 1287): requestQueryThermal success
03-15 13:39:52.976 D/RtcRilClientController( 1287): client 1001 handle requestComplete
03-15 13:39:59.024 I/AT      ( 1287): [0] AT< +ECSQ: 43,99,-271,1,1,1,1,2,32767,2 (RIL_URC_READER, tid:496834221296)
03-15 13:39:59.025 D/RmcNwHdlr( 1287): [0] handleSignalStrength, gsm_signal_strength: 23, gsm_bit_error_rate: 99, gsm_timing_advance: 2147483647, cdma_dbm: -1, cdma_ecio: -1, evdo_dbm: -1, evdo_ecio: -1, evdo_snr: -1, lte_signal_strength: 99, lte_rsrp: 2147483647, lte_rsrq: 2147483647, lte_rssnr: 2147483647, lte_cqi: 2147483647, lte_timing_advance: 2147483647, tdscdma_signal_strength: 99, tdscdma_bit_error_rate: 99, tdscdma_rscp: 255, wcdma_signal_strength: 99, wcdma_bit_error_rate: 99, wcdma_scdma_rscp: 255, wcdma_ecno: 255,
03-15 13:39:59.030 D/SST     ( 1997): getSignalStrengthLevel=true
03-15 13:39:59.030 D/SST     ( 1997): mOEMLevel_0=4,mOEMLevel_1:0
03-15 13:39:59.030 D/MTKSST  ( 1997): [GsmSST0] no service fix signal...
03-15 13:39:59.031 D/MTKSST  ( 1997): [GsmSST0] old:{level:4, raw:SignalStrength: 22 1 -120 -160 -120 -160 -1 99 2147483647 2147483647 2147483647 2147483647 0 2147483647 99 255 2147483647 4 4 gsm|lte use_rsrp_and_rssnr_for_lte_level  [-128, -118, -108, -98] [-115, -105, -95, -85]}, new:{level:4, raw:SignalStrength: 23 99 -120 -160 -120 -160 -1 99 2147483647 2147483647 2147483647 2147483647 0 2147483647 99 255 2147483647 4 4 gsm|lte use_rsrp_and_rssnr_for_lte_level  [-128, -118, -108, -98] [-115, -105, -95, -85]}
03-15 13:39:59.031 D/MTKSST  ( 1997): [GsmSST0] old:{level:4, raw:SignalStrength: 22 1 -120 -160 -120 -160 -1 99 2147483647 2147483647 2147483647 2147483647 0 2147483647 99 255 2147483647 4 4 gsm|lte use_rsrp_and_rssnr_for_lte_level  [-128, -118, -108, -98] [-115, -105, -95, -85]}, new:{level:4, raw:SignalStrength: 23 99 -120 -160 -120 -160 -1 99 2147483647 2147483647 2147483647 2147483647 0 2147483647 99 255 2147483647 4 4 gsm|lte use_rsrp_and_rssnr_for_lte_level  [-128, -118, -108, -98] [-115, -105, -95, -85]}new:{level:4, raw:SignalStrength: 23 99 -120 -160 -120 -160 -1 99 2147483647 2147483647 2147483647 2147483647 0 2147483647 99 255 2147483647 4 4 gsm|lte use_rsrp_and_rssnr_for_lte_level  [-128, -118, -108, -98] [-115, -105, -95, -85]}
03-15 13:40:02.986 I/RilClient( 1287): initialize: commandFd is 0
03-15 13:40:02.987 I/RilClient( 1287): start listen on fd: 12, socket name: rild-oem
03-15 13:40:02.988 I/RmcOemHandler( 1287): requestQueryThermal Enter: -1
03-15 13:40:02.988 I/AT      ( 1287): [0] AT> AT+ETHERMAL (RIL_CMD_READER_1, tid:496825898224)
03-15 13:40:02.991 I/AT      ( 1287): [0] AT< +ETHERMAL: 1, 32767,,, 25652, 32767, -28533 (RIL_CMD_READER_1, tid:496826938608)
03-15 13:40:02.991 I/AT      ( 1287): [0] AT< OK (RIL_CMD_READER_1, tid:496826938608)
03-15 13:40:02.992 I/RmcOemHandler( 1287): requestQueryThermal success
03-15 13:40:02.992 D/RtcRilClientController( 1287): client 1001 handle requestComplete
03-15 13:40:03.441 I/AT      ( 1287): [0] AT< +ECSQ: 42,0,-275,1,1,1,1,2,32767,2 (RIL_URC_READER, tid:496834221296)
03-15 13:40:03.442 D/RmcNwHdlr( 1287): [0] handleSignalStrength, gsm_signal_strength: 22, gsm_bit_error_rate: 0, gsm_timing_advance: 2147483647, cdma_dbm: -1, cdma_ecio: -1, evdo_dbm: -1, evdo_ecio: -1, evdo_snr: -1, lte_signal_strength: 99, lte_rsrp: 2147483647, lte_rsrq: 2147483647, lte_rssnr: 2147483647, lte_cqi: 2147483647, lte_timing_advance: 2147483647, tdscdma_signal_strength: 99, tdscdma_bit_error_rate: 99, tdscdma_rscp: 255, wcdma_signal_strength: 99, wcdma_bit_error_rate: 99, wcdma_scdma_rscp: 255, wcdma_ecno: 255,
03-15 13:40:03.448 D/SST     ( 1997): getSignalStrengthLevel=true
03-15 13:40:03.448 D/SST     ( 1997): mOEMLevel_0=4,mOEMLevel_1:0
03-15 13:40:03.448 D/MTKSST  ( 1997): [GsmSST0] no service fix signal...
03-15 13:40:03.448 D/MTKSST  ( 1997): [GsmSST0] old:{level:4, raw:SignalStrength: 23 99 -120 -160 -120 -160 -1 99 2147483647 2147483647 2147483647 2147483647 0 2147483647 99 255 2147483647 4 4 gsm|lte use_rsrp_and_rssnr_for_lte_level  [-128, -118, -108, -98] [-115, -105, -95, -85]}, new:{level:4, raw:SignalStrength: 22 0 -120 -160 -120 -160 -1 99 2147483647 2147483647 2147483647 2147483647 0 2147483647 99 255 2147483647 4 4 gsm|lte use_rsrp_and_rssnr_for_lte_level  [-128, -118, -108, -98] [-115, -105, -95, -85]}
03-15 13:40:03.448 D/MTKSST  ( 1997): [GsmSST0] old:{level:4, raw:SignalStrength: 23 99 -120 -160 -120 -160 -1 99 2147483647 2147483647 2147483647 2147483647 0 2147483647 99 255 2147483647 4 4 gsm|lte use_rsrp_and_rssnr_for_lte_level  [-128, -118, -108, -98] [-115, -105, -95, -85]}, new:{level:4, raw:SignalStrength: 22 0 -120 -160 -120 -160 -1 99 2147483647 2147483647 2147483647 2147483647 0 2147483647 99 255 2147483647 4 4 gsm|lte use_rsrp_and_rssnr_for_lte_level  [-128, -118, -108, -98] [-115, -105, -95, -85]}new:{level:4, raw:SignalStrength: 22 0 -120 -160 -120 -160 -1 99 2147483647 2147483647 2147483647 2147483647 0 2147483647 99 255 2147483647 4 4 gsm|lte use_rsrp_and_rssnr_for_lte_level  [-128, -118, -108, -98] [-115, -105, -95, -85]}
03-15 13:40:06.597 E/RPC     (  861): entry g_lowpower_mode
03-15 13:40:12.847 I/AT      ( 1287): [0] AT< +ECSQ: 41,3,-279,1,1,1,1,2,32767,2 (RIL_URC_READER, tid:496834221296)
03-15 13:40:12.848 D/RmcNwHdlr( 1287): [0] handleSignalStrength, gsm_signal_strength: 22, gsm_bit_error_rate: 3, gsm_timing_advance: 2147483647, cdma_dbm: -1, cdma_ecio: -1, evdo_dbm: -1, evdo_ecio: -1, evdo_snr: -1, lte_signal_strength: 99, lte_rsrp: 2147483647, lte_rsrq: 2147483647, lte_rssnr: 2147483647, lte_cqi: 2147483647, lte_timing_advance: 2147483647, tdscdma_signal_strength: 99, tdscdma_bit_error_rate: 99, tdscdma_rscp: 255, wcdma_signal_strength: 99, wcdma_bit_error_rate: 99, wcdma_scdma_rscp: 255, wcdma_ecno: 255,
03-15 13:40:12.853 D/SST     ( 1997): getSignalStrengthLevel=true
03-15 13:40:12.853 D/SST     ( 1997): mOEMLevel_0=4,mOEMLevel_1:0
03-15 13:40:12.853 D/MTKSST  ( 1997): [GsmSST0] no service fix signal...
03-15 13:40:12.853 D/MTKSST  ( 1997): [GsmSST0] old:{level:4, raw:SignalStrength: 22 0 -120 -160 -120 -160 -1 99 2147483647 2147483647 2147483647 2147483647 0 2147483647 99 255 2147483647 4 4 gsm|lte use_rsrp_and_rssnr_for_lte_level  [-128, -118, -108, -98] [-115, -105, -95, -85]}, new:{level:4, raw:SignalStrength: 22 3 -120 -160 -120 -160 -1 99 2147483647 2147483647 2147483647 2147483647 0 2147483647 99 255 2147483647 4 4 gsm|lte use_rsrp_and_rssnr_for_lte_level  [-128, -118, -108, -98] [-115, -105, -95, -85]}
03-15 13:40:12.853 D/MTKSST  ( 1997): [GsmSST0] old:{level:4, raw:SignalStrength: 22 0 -120 -160 -120 -160 -1 99 2147483647 2147483647 2147483647 2147483647 0 2147483647 99 255 2147483647 4 4 gsm|lte use_rsrp_and_rssnr_for_lte_level  [-128, -118, -108, -98] [-115, -105, -95, -85]}, new:{level:4, raw:SignalStrength: 22 3 -120 -160 -120 -160 -1 99 2147483647 2147483647 2147483647 2147483647 0 2147483647 99 255 2147483647 4 4 gsm|lte use_rsrp_and_rssnr_for_lte_level  [-128, -118, -108, -98] [-115, -105, -95, -85]}new:{level:4, raw:SignalStrength: 22 3 -120 -160 -120 -160 -1 99 2147483647 2147483647 2147483647 2147483647 0 2147483647 99 255 2147483647 4 4 gsm|lte use_rsrp_and_rssnr_for_lte_level  [-128, -118, -108, -98] [-115, -105, -95, -85]}
03-15 13:40:13.002 I/RilClient( 1287): initialize: commandFd is 102
03-15 13:40:13.003 I/RilClient( 1287): start listen on fd: 12, socket name: rild-oem
03-15 13:40:13.004 I/RmcOemHandler( 1287): requestQueryThermal Enter: -1
03-15 13:40:13.004 I/AT      ( 1287): [0] AT> AT+ETHERMAL (RIL_CMD_READER_1, tid:496825898224)
03-15 13:40:13.007 I/AT      ( 1287): [0] AT< +ETHERMAL: 1, 32767,,, 25652, 32767, -28533 (RIL_CMD_READER_1, tid:496826938608)
03-15 13:40:13.008 I/AT      ( 1287): [0] AT< OK (RIL_CMD_READER_1, tid:496826938608)
03-15 13:40:13.008 I/RmcOemHandler( 1287): requestQueryThermal success
03-15 13:40:13.009 D/RtcRilClientController( 1287): client 1001 handle requestComplete
03-15 13:40:15.201 I/AT      ( 1287): [0] AT< +ECSQ: 43,0,-271,1,1,1,1,2,32767,2 (RIL_URC_READER, tid:496834221296)
03-15 13:40:15.202 D/RmcNwHdlr( 1287): [0] handleSignalStrength, gsm_signal_strength: 23, gsm_bit_error_rate: 0, gsm_timing_advance: 2147483647, cdma_dbm: -1, cdma_ecio: -1, evdo_dbm: -1, evdo_ecio: -1, evdo_snr: -1, lte_signal_strength: 99, lte_rsrp: 2147483647, lte_rsrq: 2147483647, lte_rssnr: 2147483647, lte_cqi: 2147483647, lte_timing_advance: 2147483647, tdscdma_signal_strength: 99, tdscdma_bit_error_rate: 99, tdscdma_rscp: 255, wcdma_signal_strength: 99, wcdma_bit_error_rate: 99, wcdma_scdma_rscp: 255, wcdma_ecno: 255,
03-15 13:40:15.208 D/SST     ( 1997): getSignalStrengthLevel=true
03-15 13:40:15.208 D/SST     ( 1997): mOEMLevel_0=4,mOEMLevel_1:0
03-15 13:40:15.208 D/MTKSST  ( 1997): [GsmSST0] no service fix signal...
03-15 13:40:15.208 D/MTKSST  ( 1997): [GsmSST0] old:{level:4, raw:SignalStrength: 22 3 -120 -160 -120 -160 -1 99 2147483647 2147483647 2147483647 2147483647 0 2147483647 99 255 2147483647 4 4 gsm|lte use_rsrp_and_rssnr_for_lte_level  [-128, -118, -108, -98] [-115, -105, -95, -85]}, new:{level:4, raw:SignalStrength: 23 0 -120 -160 -120 -160 -1 99 2147483647 2147483647 2147483647 2147483647 0 2147483647 99 255 2147483647 4 4 gsm|lte use_rsrp_and_rssnr_for_lte_level  [-128, -118, -108, -98] [-115, -105, -95, -85]}
03-15 13:40:15.209 D/MTKSST  ( 1997): [GsmSST0] old:{level:4, raw:SignalStrength: 22 3 -120 -160 -120 -160 -1 99 2147483647 2147483647 2147483647 2147483647 0 2147483647 99 255 2147483647 4 4 gsm|lte use_rsrp_and_rssnr_for_lte_level  [-128, -118, -108, -98] [-115, -105, -95, -85]}, new:{level:4, raw:SignalStrength: 23 0 -120 -160 -120 -160 -1 99 2147483647 2147483647 2147483647 2147483647 0 2147483647 99 255 2147483647 4 4 gsm|lte use_rsrp_and_rssnr_for_lte_level  [-128, -118, -108, -98] [-115, -105, -95, -85]}new:{level:4, raw:SignalStrength: 23 0 -120 -160 -120 -160 -1 99 2147483647 2147483647 2147483647 2147483647 0 2147483647 99 255 2147483647 4 4 gsm|lte use_rsrp_and_rssnr_for_lte_level  [-128, -118, -108, -98] [-115, -105, -95, -85]}
03-15 13:40:18.684 D/MTKSST  ( 1997): [GsmSST0] SST.getAllCellInfo(): E
03-15 13:40:18.686 D/RILJ    ( 1997): [4846]> RIL_REQUEST_GET_CELL_INFO_LIST [SUB0]
03-15 13:40:18.687 D/RILJ    ( 1997): [POWERSTATE] call Uid=1001 package:android.uid.phone:1001 [SUB0]
03-15 13:40:18.688 I/AT      ( 1287): [0] AT> AT+ECELL (RIL_CMD_READER_1, tid:496825898224)
03-15 13:40:18.692 I/AT      ( 1287): [0] AT< +ECELL: 1,0,"00004FF4","0301",621,20,,43,99,-272,1,0,,,54,10 (RIL_CMD_READER_1, tid:496826938608)
03-15 13:40:18.692 I/AT      ( 1287): [0] AT< OK (RIL_CMD_READER_1, tid:496826938608)
03-15 13:40:18.695 D/RILJ    ( 1997): [4846]< RIL_REQUEST_GET_CELL_INFO_LIST [CellInfoGsm:{mRegistered=NO mTimeStampType=unknown mTimeStamp=0ns mCellConnectionStatus=0 CellIdentityGsm:{ mLac=769 mCid=20468 mArfcn=10 mBsic=0x36 mMcc=621 mMnc=20 mAlphaLong=Airtel mAlphaShort=Airtel} CellSignalStrengthGsm: ss=22 ber=99 mTa=0}] [SUB0]
03-15 13:40:18.695 D/MTKSST  ( 1997): [GsmSST0] EVENT_MTK_GET_CELL_INFO_LIST: size=1 list=[CellInfoGsm:{mRegistered=NO mTimeStampType=unknown mTimeStamp=0ns mCellConnectionStatus=0 CellIdentityGsm:{ mLac=769 mCid=20468 mArfcn=10 mBsic=0x36 mMcc=621 mMnc=20 mAlphaLong=Airtel mAlphaShort=Airtel} CellSignalStrengthGsm: ss=22 ber=99 mTa=0}]
03-15 13:40:18.695 D/MTKSST  ( 1997): [GsmSST0] SST.getAllCellInfo(): X size=1 list=[CellInfoGsm:{mRegistered=NO mTimeStampType=unknown mTimeStamp=0ns mCellConnectionStatus=0 CellIdentityGsm:{ mLac=769 mCid=20468 mArfcn=10 mBsic=0x36 mMcc=621 mMnc=20 mAlphaLong=Airtel mAlphaShort=Airtel} CellSignalStrengthGsm: ss=22 ber=99 mTa=0}]
03-15 13:40:18.696 D/LocaleTracker( 1997): getCellInfo: cell info=[CellInfoGsm:{mRegistered=NO mTimeStampType=unknown mTimeStamp=0ns mCellConnectionStatus=0 CellIdentityGsm:{ mLac=769 mCid=20468 mArfcn=10 mBsic=0x36 mMcc=621 mMnc=20 mAlphaLong=Airtel mAlphaShort=Airtel} CellSignalStrengthGsm: ss=22 ber=99 mTa=0}]
03-15 13:40:18.696 D/LocaleTracker( 1997): updateLocale: mcc = 621, country = ng
03-15 13:40:18.696 D/MTKSST  ( 1997): [GsmSST0] setMccProperties: phoneId = 0  mcc:621
03-15 13:40:18.698 D/MtkTelephonyManagerEx( 1997): getSimOnOffState slotId = 0 result = 11
03-15 13:40:18.698 D/SubscriptionController( 1997): [getActiveSubInfoCount]- count: 1
03-15 13:40:18.706 D/MTKSST  ( 1997): [GsmSST0] broadcastMccChange  sysMcc:621  sysMcc2:621
03-15 13:40:18.717 D/MtkUiccProfile( 1997): hasIccCard(): isSimInsert =  true ,CardState = CARDSTATE_PRESENT, iccId = 892340007[****] (phoneId 0)
03-15 13:40:21.507 I/AT      ( 1287): [0] AT< +EACMT: 1, 0 (RIL_URC_READER, tid:496834221296)
03-15 13:40:23.015 I/RilClient( 1287): initialize: commandFd is 0
03-15 13:40:23.015 I/RilClient( 1287): start listen on fd: 12, socket name: rild-oem
03-15 13:40:23.016 I/RmcOemHandler( 1287): requestQueryThermal Enter: -1
03-15 13:40:23.016 I/AT      ( 1287): [0] AT> AT+ETHERMAL (RIL_CMD_READER_1, tid:496825898224)
03-15 13:40:23.023 I/AT      ( 1287): [0] AT< +ETHERMAL: 1, 32767,,, 25652, 32767, -28533 (RIL_CMD_READER_1, tid:496826938608)
03-15 13:40:23.024 I/AT      ( 1287): [0] AT< OK (RIL_CMD_READER_1, tid:496826938608)
03-15 13:40:23.024 I/RmcOemHandler( 1287): requestQueryThermal success
03-15 13:40:23.025 D/RtcRilClientController( 1287): client 1001 handle requestComplete
03-15 13:40:31.039 I/AT      ( 1287): [0] AT< +ECSQ: 48,99,-251,1,1,1,1,2,32767,2 (RIL_URC_READER, tid:496834221296)
03-15 13:40:31.040 D/RmcNwHdlr( 1287): [0] handleSignalStrength, gsm_signal_strength: 25, gsm_bit_error_rate: 99, gsm_timing_advance: 2147483647, cdma_dbm: -1, cdma_ecio: -1, evdo_dbm: -1, evdo_ecio: -1, evdo_snr: -1, lte_signal_strength: 99, lte_rsrp: 2147483647, lte_rsrq: 2147483647, lte_rssnr: 2147483647, lte_cqi: 2147483647, lte_timing_advance: 2147483647, tdscdma_signal_strength: 99, tdscdma_bit_error_rate: 99, tdscdma_rscp: 255, wcdma_signal_strength: 99, wcdma_bit_error_rate: 99, wcdma_scdma_rscp: 255, wcdma_ecno: 255,
03-15 13:40:31.045 D/SST     ( 1997): getSignalStrengthLevel=true
03-15 13:40:31.045 D/SST     ( 1997): mOEMLevel_0=4,mOEMLevel_1:0
03-15 13:40:31.045 D/MTKSST  ( 1997): [GsmSST0] no service fix signal...
03-15 13:40:31.045 D/MTKSST  ( 1997): [GsmSST0] old:{level:4, raw:SignalStrength: 23 0 -120 -160 -120 -160 -1 99 2147483647 2147483647 2147483647 2147483647 0 2147483647 99 255 2147483647 4 4 gsm|lte use_rsrp_and_rssnr_for_lte_level  [-128, -118, -108, -98] [-115, -105, -95, -85]}, new:{level:4, raw:SignalStrength: 25 99 -120 -160 -120 -160 -1 99 2147483647 2147483647 2147483647 2147483647 0 2147483647 99 255 2147483647 4 4 gsm|lte use_rsrp_and_rssnr_for_lte_level  [-128, -118, -108, -98] [-115, -105, -95, -85]}
03-15 13:40:31.045 D/MTKSST  ( 1997): [GsmSST0] old:{level:4, raw:SignalStrength: 23 0 -120 -160 -120 -160 -1 99 2147483647 2147483647 2147483647 2147483647 0 2147483647 99 255 2147483647 4 4 gsm|lte use_rsrp_and_rssnr_for_lte_level  [-128, -118, -108, -98] [-115, -105, -95, -85]}, new:{level:4, raw:SignalStrength: 25 99 -120 -160 -120 -160 -1 99 2147483647 2147483647 2147483647 2147483647 0 2147483647 99 255 2147483647 4 4 gsm|lte use_rsrp_and_rssnr_for_lte_level  [-128, -118, -108, -98] [-115, -105, -95, -85]}new:{level:4, raw:SignalStrength: 25 99 -120 -160 -120 -160 -1 99 2147483647 2147483647 2147483647 2147483647 0 2147483647 99 255 2147483647 4 4 gsm|lte use_rsrp_and_rssnr_for_lte_level  [-128, -118, -108, -98] [-115, -105, -95, -85]}
03-15 13:40:33.033 I/RilClient( 1287): initialize: commandFd is 102
03-15 13:40:33.034 I/RilClient( 1287): start listen on fd: 12, socket name: rild-oem
03-15 13:40:33.034 I/RmcOemHandler( 1287): requestQueryThermal Enter: -1
03-15 13:40:33.034 I/AT      ( 1287): [0] AT> AT+ETHERMAL (RIL_CMD_READER_1, tid:496825898224)
03-15 13:40:33.037 I/AT      ( 1287): [0] AT< +ETHERMAL: 1, 32767,,, 25652, 32767, -28533 (RIL_CMD_READER_1, tid:496826938608)
03-15 13:40:33.037 I/AT      ( 1287): [0] AT< OK (RIL_CMD_READER_1, tid:496826938608)
03-15 13:40:33.037 I/RmcOemHandler( 1287): requestQueryThermal success
03-15 13:40:33.038 D/RtcRilClientController( 1287): client 1001 handle requestComplete
03-15 13:40:37.326 I/AT      ( 1287): [0] AT< +ECSQ: 51,0,-239,1,1,1,1,2,32767,2 (RIL_URC_READER, tid:496834221296)
03-15 13:40:37.328 D/RmcNwHdlr( 1287): [0] handleSignalStrength, gsm_signal_strength: 27, gsm_bit_error_rate: 0, gsm_timing_advance: 2147483647, cdma_dbm: -1, cdma_ecio: -1, evdo_dbm: -1, evdo_ecio: -1, evdo_snr: -1, lte_signal_strength: 99, lte_rsrp: 2147483647, lte_rsrq: 2147483647, lte_rssnr: 2147483647, lte_cqi: 2147483647, lte_timing_advance: 2147483647, tdscdma_signal_strength: 99, tdscdma_bit_error_rate: 99, tdscdma_rscp: 255, wcdma_signal_strength: 99, wcdma_bit_error_rate: 99, wcdma_scdma_rscp: 255, wcdma_ecno: 255,
03-15 13:40:37.332 D/SST     ( 1997): getSignalStrengthLevel=true
03-15 13:40:37.332 D/SST     ( 1997): mOEMLevel_0=4,mOEMLevel_1:0
03-15 13:40:37.332 D/MTKSST  ( 1997): [GsmSST0] no service fix signal...
03-15 13:40:37.333 D/MTKSST  ( 1997): [GsmSST0] old:{level:4, raw:SignalStrength: 25 99 -120 -160 -120 -160 -1 99 2147483647 2147483647 2147483647 2147483647 0 2147483647 99 255 2147483647 4 4 gsm|lte use_rsrp_and_rssnr_for_lte_level  [-128, -118, -108, -98] [-115, -105, -95, -85]}, new:{level:4, raw:SignalStrength: 27 0 -120 -160 -120 -160 -1 99 2147483647 2147483647 2147483647 2147483647 0 2147483647 99 255 2147483647 4 4 gsm|lte use_rsrp_and_rssnr_for_lte_level  [-128, -118, -108, -98] [-115, -105, -95, -85]}
03-15 13:40:37.333 D/MTKSST  ( 1997): [GsmSST0] old:{level:4, raw:SignalStrength: 25 99 -120 -160 -120 -160 -1 99 2147483647 2147483647 2147483647 2147483647 0 2147483647 99 255 2147483647 4 4 gsm|lte use_rsrp_and_rssnr_for_lte_level  [-128, -118, -108, -98] [-115, -105, -95, -85]}, new:{level:4, raw:SignalStrength: 27 0 -120 -160 -120 -160 -1 99 2147483647 2147483647 2147483647 2147483647 0 2147483647 99 255 2147483647 4 4 gsm|lte use_rsrp_and_rssnr_for_lte_level  [-128, -118, -108, -98] [-115, -105, -95, -85]}new:{level:4, raw:SignalStrength: 27 0 -120 -160 -120 -160 -1 99 2147483647 2147483647 2147483647 2147483647 0 2147483647 99 255 2147483647 4 4 gsm|lte use_rsrp_and_rssnr_for_lte_level  [-128, -118, -108, -98] [-115, -105, -95, -85]}
03-15 13:40:43.046 I/RilClient( 1287): initialize: commandFd is 0
03-15 13:40:43.046 I/RilClient( 1287): start listen on fd: 12, socket name: rild-oem
03-15 13:40:43.047 I/RmcOemHandler( 1287): requestQueryThermal Enter: -1
03-15 13:40:43.047 I/AT      ( 1287): [0] AT> AT+ETHERMAL (RIL_CMD_READER_1, tid:496825898224)
03-15 13:40:43.051 I/AT      ( 1287): [0] AT< +ETHERMAL: 1, 32767,,, 25652, 32767, -28533 (RIL_CMD_READER_1, tid:496826938608)
03-15 13:40:43.051 I/AT      ( 1287): [0] AT< OK (RIL_CMD_READER_1, tid:496826938608)
03-15 13:40:43.051 I/RmcOemHandler( 1287): requestQueryThermal success
03-15 13:40:43.052 D/RtcRilClientController( 1287): client 1001 handle requestComplete
03-15 13:40:51.450 I/AT      ( 1287): [0] AT< +ECSQ: 52,0,-236,1,1,1,1,2,32767,2 (RIL_URC_READER, tid:496834221296)
03-15 13:40:52.281 E/RPC     (  861): entry g_lowpower_mode
03-15 13:40:53.060 I/RilClient( 1287): initialize: commandFd is 102
03-15 13:40:53.060 I/RilClient( 1287): start listen on fd: 12, socket name: rild-oem
03-15 13:40:53.061 I/RmcOemHandler( 1287): requestQueryThermal Enter: -1
03-15 13:40:53.061 I/AT      ( 1287): [0] AT> AT+ETHERMAL (RIL_CMD_READER_1, tid:496825898224)
03-15 13:40:53.064 I/AT      ( 1287): [0] AT< +ETHERMAL: 1, 32767,,, 25652, 32767, -28533 (RIL_CMD_READER_1, tid:496826938608)
03-15 13:40:53.064 I/AT      ( 1287): [0] AT< OK (RIL_CMD_READER_1, tid:496826938608)
03-15 13:40:53.064 I/RmcOemHandler( 1287): requestQueryThermal success
03-15 13:40:53.065 D/RtcRilClientController( 1287): client 1001 handle requestComplete
03-15 13:40:55.042 I/AT      ( 1287): [0] AT< +EACMT: 1, 0 (RIL_URC_READER, tid:496834221296)
03-15 13:40:55.301 I/AT      ( 1287): [0] AT< +EREG: 3,"0301","000028E4",2,0,0,0,0 (RIL_URC_READER, tid:496834221296)
03-15 13:40:55.306 D/RILJ    ( 1997): Unsol response received; Sending ack to ril.cpp [SUB0]
03-15 13:40:55.306 D/RILJ    ( 1997): [UNSL]< UNSOL_RESPONSE_CS_NETWORK_STATE_CHANGED [SUB0]
03-15 13:40:55.307 D/MTKSST  ( 1997): [GsmSST0] onNetworkStateChangeResult state:3 lac:769 cid:10468 Act:16 cause:0
03-15 13:40:55.308 D/RILJ    ( 1997): Unsol response received; Sending ack to ril.cpp [SUB0]
03-15 13:40:55.308 D/RILJ    ( 1997): [UNSL]< UNSOL_RESPONSE_NETWORK_STATE_CHANGED [SUB0]
03-15 13:40:55.308 D/NetworkRegistrationManager( 1997): onNetworkStateChanged
03-15 13:40:55.308 D/MTKSST  ( 1997): [GsmSST0] pollState: modemTriggered=true, mPollingContext=0, RadioState=RADIO_ON
03-15 13:40:55.310 D/RILJ    ( 1997): [4849]> OPERATOR [SUB0]
03-15 13:40:55.310 D/NetworkRegistrationManager( 1997): getNetworkRegistrationState domain 2
03-15 13:40:55.310 D/NetworkRegistrationManager( 1997): getNetworkRegistrationState domain 1
03-15 13:40:55.311 I/AT      ( 1287): [0] AT> AT+EOPS? (RIL_CMD_RT_7, tid:496813274352)
03-15 13:40:55.312 D/RILJ    ( 1997): [4850]> QUERY_NETWORK_SELECTION_MODE [SUB0]
03-15 13:40:55.313 D/RILJ    ( 1997): [4851]> DATA_REGISTRATION_STATE [SUB0]
03-15 13:40:55.314 D/RILJ    ( 1997): [4852]> VOICE_REGISTRATION_STATE [SUB0]
