03-15 13:45:07.905 D/MTKSST  ( 1997): [GsmSST1] Poll ServiceState done:  oldSS=[{mVoiceRegState=3(POWER_OFF), mDataRegState=3(POWER_OFF), mChannelNumber=-1, duplexMode()=0, mCellBandwidths=[], mVoiceRoamingType=home, mDataRoamingType=home, mVoiceOperatorAlphaLong=null, mVoiceOperatorAlphaShort=null, mDataOperatorAlphaLong=null, mDataOperatorAlphaShort=null, isManualNetworkSelection=false(automatic), mRilVoiceRadioTechnology=0(Unknown), mRilDataRadioTechnology=0(Unknown), mCssIndicator=unsupported, mNetworkId=-1, mSystemId=-1, mCdmaRoamingIndicator=-1, mCdmaDefaultRoamingIndicator=-1, mIsEmergencyOnly=false, mIsDataRoamingFromRegistration=false, mIsUsingCarrierAggregation=false, mLteEarfcnRsrpBoost=0, mNetworkRegistrationStates=[], Ril Voice Regist state=0, Ril Data Regist state=0, mProprietaryDataRadioTechnology=0, VoiceRejectCause=-1, DataRejectCause=-1, IwlanRegState=1, CellularVoiceRegState=3, CellularDataRegState=3, RilCellularDataRegState=0, CellularDataRoamingType=0, RilCellularDataRadioTechnology=0, IsUsingCellularCarrierAggregation=false}] newSS=[{mVoiceRegState=3(POWER_OFF), mDataRegState=3(POWER_OFF), mChannelNumber=-1, duplexMode()=0, mCellBandwidths=[], mVoiceRoamingType=home, mDataRoamingType=home, mVoiceOperatorAlphaLong=null, mVoiceOperatorAlphaShort=null, mDataOperatorAlphaLong=null, mDataOperatorAlphaShort=null, isManualNetworkSelection=false(automatic), mRilVoiceRadioTechnology=0(Unknown), mRilDataRadioTechnology=0(Unknown), mCssIndicator=unsupported, mNetworkId=-1, mSystemId=-1, mCdmaRoamingIndicator=-1, mCdmaDefaultRoamingIndicator=-1, mIsEmergencyOnly=false, mIsDataRoamingFromRegistration=false, mIsUsingCarrierAggregation=false, mLteEarfcnRsrpBoost=0, mNetworkRegistrationStates=[], Ril Voice Regist state=0, Ril Data Regist state=0, mProprietaryDataRadioTechnology=0, VoiceRejectCause=-1, DataRejectCause=-1, IwlanRegState=1, CellularVoiceRegState=3, CellularDataRegState=3, RilCellularDataRegState=0, CellularDataRoamingType=0, RilCellularDataRadioTechnology=0, IsUsingCellularCarrierAggregation=false}] oldMaxDataCalls=1 mNewMaxDataCalls=1 oldReasonDataDenied=0 mNewReasonDataDenied=0 isImsEccOnly= false
03-15 13:45:07.906 D/MTKSST  ( 1997): [GsmSST1] romFeature = allnet
03-15 13:45:07.906 D/MTKSST  ( 1997): [GsmSST1] pollStateDone: hasRegistered=false hasDeregistered=false hasDataAttached=false hasDataDetached=false hasDataRegStateChanged=false hasRilVoiceRadioTechnologyChanged= false hasRilDataRadioTechnologyChanged=false hasChanged=false hasVoiceRoamingOn=false hasVoiceRoamingOff=false hasDataRoamingOn=false hasDataRoamingOff=false hasLocationChanged=false has4gHandoff = false hasMultiApnSupport=false hasLostMultiApnSupport=false hasCssIndicatorChanged=false hasVoiceRoamingTypeChange=false hasDataRoamingTypeChange=false
03-15 13:45:08.142 D/MwiRIL  ( 2408): [3674]> RIL_REQUEST_NOTIFY_EPDG_SCREEN_STATE [SUB0]
03-15 13:45:08.142 E/RILC    ( 1287): notifyEPDGScreenState: serial 26
03-15 13:45:08.143 D/RmcMwi  ( 1287): [0] notifyEPDGScreenState: state:1
03-15 13:45:08.143 I/AT      ( 1287): [0] AT> AT+ESCREENSTATE = 1 (RIL_CMD_READER_3, tid:496819516656)
03-15 13:45:08.146 I/AT      ( 1287): [0] AT< +CME ERROR: 100 (RIL_CMD_READER_3, tid:496820557040)
03-15 13:45:08.146 E/RfxBaseHandler( 1287): [0] 60531 failed!
03-15 13:45:08.146 E/RILC    ( 1287): notifyEPDGScreenStateResponse: radioService[2]->mRadioResponseMwiV3_3 NOT NULL
03-15 13:45:08.147 D/MwiRIL  ( 2408): [3674]< RIL_REQUEST_NOTIFY_EPDG_SCREEN_STATE error 38 [SUB0]
03-15 13:45:08.147 D/MwiRIL-RilRequest( 2408): [3674]< RIL_REQUEST_NOTIFY_EPDG_SCREEN_STATE error: com.android.internal.telephony.CommandException: INTERNAL_ERR ret=
03-15 13:45:13.471 I/RilClient( 1287): initialize: commandFd is 102
03-15 13:45:13.472 I/RilClient( 1287): start listen on fd: 12, socket name: rild-oem
03-15 13:45:13.473 I/RmcOemHandler( 1287): requestQueryThermal Enter: -1
03-15 13:45:13.473 I/AT      ( 1287): [0] AT> AT+ETHERMAL (RIL_CMD_READER_1, tid:496825898224)
03-15 13:45:13.476 I/AT      ( 1287): [0] AT< +ETHERMAL: 2, 32767, -127, 20821, 32767, -20554 (RIL_CMD_READER_1, tid:496826938608)
03-15 13:45:13.477 I/AT      ( 1287): [0] AT< OK (RIL_CMD_READER_1, tid:496826938608)
03-15 13:45:13.477 I/RmcOemHandler( 1287): requestQueryThermal success
03-15 13:45:13.477 D/RtcRilClientController( 1287): client 1001 handle requestComplete
03-15 13:45:17.776 E/RILMUXD ( 1252): 2989:thread_serial_device_read(): Interrupt signal EINTR caught
03-15 13:45:17.777 D/SS_CCCI ( 1287): getModemCurrentStatus(): getModemCurrentStatus(), modem status=2
03-15 13:45:19.919 E/RILMUXD ( 1252): 2989:thread_serial_device_read(): Interrupt signal EINTR caught
03-15 13:45:20.673 D/RILJ    ( 1997): [4965]> RIL_REQUEST_GET_ACTIVITY_INFO [SUB0]
03-15 13:45:20.674 D/RpOemCtlr( 1287): onHandleGetActivityInfo
03-15 13:45:20.675 I/RfxMclMessenger( 1287): RFX_MSG_REQUEST_GET_ACTIVITY_INFO(55518) dispatchs to main protocol: 0
03-15 13:45:20.675 I/AT      ( 1287): [0] AT> AT+ERFTX=11 (RIL_CMD_READER_1, tid:496825898224)
03-15 13:45:20.698 I/AT      ( 1287): [0] AT< +ERFTX: 11,5,0,0,0,0,0,144,9067,13835 (RIL_CMD_READER_1, tid:496826938608)
03-15 13:45:20.698 I/AT      ( 1287): [0] AT< OK (RIL_CMD_READER_1, tid:496826938608)
03-15 13:45:20.699 D/RILJ    ( 1997): [4965]< RIL_REQUEST_GET_ACTIVITY_INFO ModemActivityInfo{ mTimestamp=4820497 mSleepTimeMs=9067 mIdleTimeMs=13835 mTxTimeMs[]=[0, 0, 0, 0, 0] mRxTimeMs=144 mEnergyUsed=0} [SUB0]
03-15 13:45:20.730 D/FdManager( 1997): [phoneId0]isScreenOn: Screen BUILT_IN on
03-15 13:45:20.730 D/FdManager( 1997): [phoneId0]onScreenSwitched: screenOn = true
03-15 13:45:20.732 D/MtkRILJ ( 1997): [4966]> MTK: RIL_REQUEST_SET_FD_MODE [SUB0]
03-15 13:45:20.734 D/FdManager( 1997): [phoneId1]isScreenOn: Screen BUILT_IN on
03-15 13:45:20.734 D/FdManager( 1997): [phoneId1]onScreenSwitched: screenOn = true
03-15 13:45:20.735 D/MtkRILJ ( 1997): [4967]> MTK: RIL_REQUEST_SET_FD_MODE [SUB1]
03-15 13:45:20.735 I/RfxRoot ( 1287): Reject message [type=REQUEST, source=GSM, dest=GSM, pId=RFX_MSG_REQUEST_SET_FD_MODE(53023), pToken=1319, id=RFX_MSG_REQUEST_SET_FD_MODE(53023), token=1409, slotId=1,             clientId = -1, error = 0, isSentOnCdmaCapabilitySlot = 2, sendToMainProtocol = 0,            m_priority = 1, pTimeStamp = 4612389303812]
03-15 13:45:20.735 I/AT      ( 1287): [0] AT> AT+EFD=3,1 (RIL_CMD_READER_4, tid:496817435888)
03-15 13:45:20.736 D/RILJ    ( 1997): [4967]< MTK: RIL_REQUEST_SET_FD_MODE error 1 [SUB1]
03-15 13:45:20.737 D/RilRequest( 1997): [4967]< MTK: RIL_REQUEST_SET_FD_MODE error: com.android.internal.telephony.CommandException: RADIO_NOT_AVAILABLE ret=
03-15 13:45:20.737 D/RILJ    ( 1997): [4968]> RIL_REQUEST_SEND_DEVICE_STATE 2:false [SUB0]
03-15 13:45:20.738 E/RfxRoot ( 1287): no RfxBaseData, send error to RILJ
03-15 13:45:20.740 D/RILJ    ( 1997): [4968]< RIL_REQUEST_SEND_DEVICE_STATE error 6 [SUB0]
03-15 13:45:20.740 D/RilRequest( 1997): [4968]< RIL_REQUEST_SEND_DEVICE_STATE error: com.android.internal.telephony.CommandException: REQUEST_NOT_SUPPORTED ret=
03-15 13:45:20.740 D/RILJ    ( 1997): [4969]> RIL_REQUEST_SET_UNSOLICITED_RESPONSE_FILTER 31 [SUB0]
03-15 13:45:20.741 D/RILJ    ( 1997): [4970]> RIL_REQUEST_SEND_DEVICE_STATE 2:false [SUB1]
03-15 13:45:20.741 I/AT      ( 1287): [0] AT< OK (RIL_CMD_READER_4, tid:496818476272)
03-15 13:45:20.742 D/RILJ    ( 1997): [4971]> RIL_REQUEST_SET_UNSOLICITED_RESPONSE_FILTER 31 [SUB1]
03-15 13:45:20.742 I/AT      ( 1287): [0] AT> AT+ECSQ=1 (RIL_CMD_READER_1, tid:496825898224)
03-15 13:45:20.742 D/RILJ    ( 1997): [4966]< MTK: RIL_REQUEST_SET_FD_MODE  [SUB0]
03-15 13:45:20.745 E/RfxRoot ( 1287): no RfxBaseData, send error to RILJ
03-15 13:45:20.746 D/RILJ    ( 1997): [4970]< RIL_REQUEST_SEND_DEVICE_STATE error 6 [SUB1]
03-15 13:45:20.746 D/RilRequest( 1997): [4970]< RIL_REQUEST_SEND_DEVICE_STATE error: com.android.internal.telephony.CommandException: REQUEST_NOT_SUPPORTED ret=
03-15 13:45:20.747 I/AT      ( 1287): [0] AT< OK (RIL_CMD_READER_1, tid:496826938608)
03-15 13:45:20.747 I/AT      ( 1287): [0] AT> AT+ECSQ (RIL_CMD_READER_1, tid:496825898224)
03-15 13:45:20.750 I/AT      ( 1287): [1] AT> AT+ECSQ=1 (RIL_CMD2_READER_1, tid:496797668592)
03-15 13:45:20.751 I/AT      ( 1287): [0] AT< +ECSQ: 255,255,1,1,1,1,1,4096,32767,-1 (RIL_CMD_READER_1, tid:496826938608)
03-15 13:45:20.751 I/AT      ( 1287): [0] AT< +ECSQ: 0,0,0,0,0,0,0,0,0,0 (RIL_CMD_READER_1, tid:496826938608)
03-15 13:45:20.751 I/AT      ( 1287): [0] AT< +ECSQ: 0,0,0,0,0,0,0,0,0,0 (RIL_CMD_READER_1, tid:496826938608)
03-15 13:45:20.751 I/AT      ( 1287): [0] AT< OK (RIL_CMD_READER_1, tid:496826938608)
03-15 13:45:20.751 D/RmcNwHdlr( 1287): [0] updateSignalStrength, gsm_signal_strength: 99, gsm_bit_error_rate: 99, gsm_timing_advance: 2147483647, cdma_dbm: -1, cdma_ecio: -1, evdo_dbm: -1, evdo_ecio: -1, evdo_snr: -1, lte_signal_strength: 99, lte_rsrp: 2147483647, lte_rsrq: 2147483647, lte_rssnr: 2147483647, lte_cqi: 2147483647, lte_timing_advance: 2147483647, tdscdma_signal_strength: 99, tdscdma_bit_error_rate: 99, tdscdma_rscp: 255, wcdma_signal_strength: 19, wcdma_bit_error_rate: 99, wcdma_scdma_rscp: 45, wcdma_ecno: 26,
03-15 13:45:20.752 I/AT      ( 1287): [0] AT> AT+EREG=3 (RIL_CMD_READER_1, tid:496825898224)
03-15 13:45:20.754 I/AT      ( 1287): [1] AT< OK (RIL_CMD2_READER_1, tid:496798708976)
03-15 13:45:20.755 D/MtkTelephonyManagerEx( 1997): getSimOnOffState slotId = 0 result = 11
03-15 13:45:20.755 D/MTKSST  ( 1997): [GsmSST0] [POWERSTATE]~~~~~~~~~~~~~~~~~~~~~~~~~~~~~~~SCRENN ON~~~~~~~~~~~~~~~~~~~~~~~~~~~~~~~~~~~
03-15 13:45:20.755 D/MTKSST  ( 1997): [POWERSTATE]mBeginNoServiceTime:1773575185 isActivePhone:true mNoServiceTime:0
03-15 13:45:20.755 D/MTKSST  ( 1997): [GsmSST0] [POWERSTATE]set mBeginNoServiceTime=mScreenOffTime:1773578707
03-15 13:45:20.755 D/MTKSST  ( 1997): [GsmSST0] [POWERSTATE]DATA_CALL_COUNT:0 NO_SERVICE_TIME:13 RESELECT_PER_MIN:0.0 SMS_SEND_COUNT:0 NITZ_COUNT:0
03-15 13:45:20.755 I/AT      ( 1287): [1] AT> AT+ECSQ (RIL_CMD2_READER_1, tid:496797668592)
03-15 13:45:20.755 D/RILJ    ( 1997): [POWERSTATE]RILJ_TOP:VOICE_REGISTRATION_STATE:2 DATA_REGISTRATION_STATE:2 OPERATOR:2  [SUB0]
03-15 13:45:20.755 D/MTKSST  ( 1997): [GsmSST0] [POWERSTATE]set already updated, mReselectCount:0.0 getTelephonyPowerState:NO_SERVICE_TIME:0.22100000000000003 RILJ_TOP:20
03-15 13:45:20.755 D/MTKSST  ( 1997): [GsmSST0] [POWERSTATE]DATA_CALL_COUNT:0 NO_SERVICE_TIME:13 RESELECT_PER_MIN:0.0 SMS_SEND_COUNT:0 NITZ_COUNT:0
03-15 13:45:20.755 D/RILJ    ( 1997): [POWERSTATE]RILJ_TOP:VOICE_REGISTRATION_STATE:2 DATA_REGISTRATION_STATE:2 OPERATOR:2  [SUB0]
03-15 13:45:20.756 D/MTKSST  ( 1997): [GsmSST0] leon EVENT_OEM_SCREEN_CHANGED:true
03-15 13:45:20.756 D/RILJ    ( 1997): [UNSL]< MTK: UNSOL_SIGNAL_STRENGTH_WITH_WCDMA_ECIO SignalStrength: 99 99 45 26 -1 -1 -1 -1 -1 99 2147483647 2147483647 0 2147483647 2147483647 255 135 0 0 gsm|lte use_rsrp_and_rssnr_for_lte_level  [-128, -118, -108, -98] [-115, -105, -95, -85] [SUB0]
03-15 13:45:20.756 D/MtkRILJ ( 1997): [4972]> OEM_HOOK_STRINGS strings = AT+EINFO=1082,402,0   [SUB0]
03-15 13:45:20.756 D/OemProximitySensor( 1997): onScreenChanged:true, processSwitch
03-15 13:45:20.757 D/FdManager( 1997): [phoneId1]handleMessage: msg.what = 0
03-15 13:45:20.757 E/FdManager( 1997): [phoneId1]handleMessage: RIL_REQUEST_SET_FD_MODE error!
03-15 13:45:20.757 D/SubscriptionController( 1997): [getSubId]- numSubIds == 0, return DummySubIds slotIndex=1
03-15 13:45:20.757 D/MTKSST  ( 1997): [GsmSST1] [POWERSTATE]~~~~~~~~~~~~~~~~~~~~~~~~~~~~~~~SCRENN ON~~~~~~~~~~~~~~~~~~~~~~~~~~~~~~~~~~~
03-15 13:45:20.757 D/MTKSST  ( 1997): [POWERSTATE]mBeginNoServiceTime:0 isActivePhone:false mNoServiceTime:13
03-15 13:45:20.757 D/MTKSST  ( 1997): [GsmSST1] [POWERSTATE]DATA_CALL_COUNT:0 NO_SERVICE_TIME:13 RESELECT_PER_MIN:0.0 SMS_SEND_COUNT:0 NITZ_COUNT:0
03-15 13:45:20.758 D/RILJ    ( 1997): [POWERSTATE]RILJ_TOP:VOICE_REGISTRATION_STATE:2 DATA_REGISTRATION_STATE:2 OPERATOR:2  [SUB1]
03-15 13:45:20.758 D/MTKSST  ( 1997): [GsmSST1] [POWERSTATE]set already updated, mReselectCount:0.0 getTelephonyPowerState:NO_SERVICE_TIME:0.22100000000000003 RILJ_TOP:20
03-15 13:45:20.758 D/MTKSST  ( 1997): [GsmSST1] [POWERSTATE]DATA_CALL_COUNT:0 NO_SERVICE_TIME:13 RESELECT_PER_MIN:0.0 SMS_SEND_COUNT:0 NITZ_COUNT:0
03-15 13:45:20.758 D/RILJ    ( 1997): [POWERSTATE]RILJ_TOP:VOICE_REGISTRATION_STATE:2 DATA_REGISTRATION_STATE:2 OPERATOR:2  [SUB1]
03-15 13:45:20.758 D/RpOemCtlr( 1287): onHandleOemHookString, data[0] = AT+EINFO=1082,402,0
03-15 13:45:20.758 D/MTKSST  ( 1997): [GsmSST1] leon EVENT_OEM_SCREEN_CHANGED:true
03-15 13:45:20.759 D/RILJ    ( 1997): currentSignalStrengthWithWcdmaEcioInd SignalStrength=SignalStrength: 99 99 45 26 -1 -1 -1 -1 -1 99 2147483647 2147483647 0 2147483647 2147483647 255 135 0 0 gsm|lte use_rsrp_and_rssnr_for_lte_level  [-128, -118, -108, -98] [-115, -105, -95, -85] [SUB0]
03-15 13:45:20.759 D/MtkRILJ ( 1997): [4973]> OEM_HOOK_STRINGS strings = AT+EINFO=1082,402,0   [SUB1]
03-15 13:45:20.759 I/AT      ( 1287): [1] AT< +ECSQ: 0,0,0,0,0,0,0,0,0,0 (RIL_CMD2_READER_1, tid:496798708976)
03-15 13:45:20.759 D/FdManager( 1997): [phoneId0]handleMessage: msg.what = 0
03-15 13:45:20.759 I/AT      ( 1287): [1] AT< +ECSQ: 0,0,0,0,0,0,0,0,0,0 (RIL_CMD2_READER_1, tid:496798708976)
03-15 13:45:20.759 I/AT      ( 1287): [1] AT< +ECSQ: 0,0,0,0,0,0,0,0,0,0 (RIL_CMD2_READER_1, tid:496798708976)
03-15 13:45:20.760 D/RpOemCtlr( 1287): onHandleOemHookString, data[0] = AT+EINFO=1082,402,0
03-15 13:45:20.761 D/SST     ( 1997): getSignalStrengthLevel=true
03-15 13:45:20.761 D/SST     ( 1997): mOEMLevel_0=4,mOEMLevel_1:0
03-15 13:45:20.761 D/MTKSST  ( 1997): [GsmSST0] no service fix signal...
03-15 13:45:20.762 W/MtkSignalStrength( 1367): [getLteLevel] null op customization instance
03-15 13:45:20.762 I/AT      ( 1287): [0] AT< +EREG: 2,"03AA","0054C79F",96,0,0,0,0 (RIL_URC_READER, tid:496834221296)
03-15 13:45:20.763 I/AT      ( 1287): [0] AT< OK (RIL_CMD_READER_1, tid:496826938608)
03-15 13:45:20.763 I/AT      ( 1287): [0] AT> AT+EGREG=3 (RIL_CMD_READER_1, tid:496825898224)
03-15 13:45:20.763 I/AT      ( 1287): [1] AT< OK (RIL_CMD2_READER_1, tid:496798708976)
03-15 13:45:20.763 D/RmcNwHdlr( 1287): [1] updateSignalStrength, gsm_signal_strength: 99, gsm_bit_error_rate: 99, gsm_timing_advance: 2147483647, cdma_dbm: -1, cdma_ecio: -1, evdo_dbm: -1, evdo_ecio: -1, evdo_snr: -1, lte_signal_strength: 99, lte_rsrp: 2147483647, lte_rsrq: 2147483647, lte_rssnr: 2147483647, lte_cqi: 2147483647, lte_timing_advance: 2147483647, tdscdma_signal_strength: 99, tdscdma_bit_error_rate: 99, tdscdma_rscp: 255, wcdma_signal_strength: 99, wcdma_bit_error_rate: 99, wcdma_scdma_rscp: 255, wcdma_ecno: 255,
03-15 13:45:20.763 I/AT      ( 1287): [1] AT> AT+EREG=3 (RIL_CMD2_READER_1, tid:496797668592)
03-15 13:45:20.769 I/AT      ( 1287): [0] AT< +EGREG: 2,"03AA","0054C79F",96,"02",0,0,0,0 (RIL_URC_READER, tid:496834221296)
03-15 13:45:20.769 I/AT      ( 1287): [0] AT< OK (RIL_CMD_READER_1, tid:496826938608)
03-15 13:45:20.769 I/AT      ( 1287): [0] AT> AT+PSBEARER=1 (RIL_CMD_READER_1, tid:496825898224)
03-15 13:45:20.770 D/RILJ    ( 1997): Unsol response received; Sending ack to ril.cpp [SUB0]
03-15 13:45:20.770 D/RILJ    ( 1997): [UNSL]< UNSOL_RESPONSE_CS_NETWORK_STATE_CHANGED [SUB0]
03-15 13:45:20.770 I/RmcEmbmsReq( 1287): [0] postEpsNetworkUpdate urc=+EGREG: 2,"03AA","0054C79F",96,"02",0,0,0,0
03-15 13:45:20.770 I/AT      ( 1287): [0] AT> AT+EOPS? (RIL_ATCI_READER, tid:496815355120)
03-15 13:45:20.771 I/RILC    ( 1287): try to getOpUnsolResponse from operator library
03-15 13:45:20.771 I/RilOpProxy( 1287): [getOpUnsolResponseInfo] dlopen failed in libmtk-rilop.so: (null)
03-15 13:45:20.771 E/RILC    ( 1287): unsupported unsolicited response code 0
03-15 13:45:20.771 D/MTKSST  ( 1997): [GsmSST0] ===oppoNotifySignalStrengthe=mSignalStrength==SignalStrength: 99 99 -120 -160 -120 -160 -1 99 2147483647 2147483647 2147483647 2147483647 0 2147483647 19 45 -75 4 4 gsm|lte use_rsrp_and_rssnr_for_lte_level  [-128, -118, -108, -98] [-115, -105, -95, -85]
03-15 13:45:20.771 I/phonestatemonitor( 1997): onSignalStrengthChanged.
03-15 13:45:20.771 D/MTKSST  ( 1997): [GsmSST0] old:{level:4, raw:SignalStrength: 99 99 -120 -160 -120 -160 -1 99 2147483647 2147483647 2147483647 2147483647 0 2147483647 19 45 -75 4 4 gsm|lte use_rsrp_and_rssnr_for_lte_level  [-128, -118, -108, -98] [-115, -105, -95, -85]}, new:{level:4, raw:SignalStrength: 99 99 -120 -160 -120 -160 -1 99 2147483647 2147483647 2147483647 2147483647 0 2147483647 19 45 -75 4 4 gsm|lte use_rsrp_and_rssnr_for_lte_level  [-128, -118, -108, -98] [-115, -105, -95, -85]}
03-15 13:45:20.771 D/MTKSST  ( 1997): [GsmSST0] old:{level:4, raw:SignalStrength: 99 99 -120 -160 -120 -160 -1 99 2147483647 2147483647 2147483647 2147483647 0 2147483647 19 45 -75 4 4 gsm|lte use_rsrp_and_rssnr_for_lte_level  [-128, -118, -108, -98] [-115, -105, -95, -85]}, new:{level:4, raw:SignalStrength: 99 99 -120 -160 -120 -160 -1 99 2147483647 2147483647 2147483647 2147483647 0 2147483647 19 45 -75 4 4 gsm|lte use_rsrp_and_rssnr_for_lte_level  [-128, -118, -108, -98] [-115, -105, -95, -85]}new:{level:4, raw:SignalStrength: 99 99 -120 -160 -120 -160 -1 99 2147483647 2147483647 2147483647 2147483647 0 2147483647 19 45 -75 4 4 gsm|lte use_rsrp_and_rssnr_for_lte_level  [-128, -118, -108, -98] [-115, -105, -95, -85]}
03-15 13:45:20.771 I/AT      ( 1287): [1] AT< OK (RIL_CMD2_READER_1, tid:496798708976)
03-15 13:45:20.771 I/AT      ( 1287): [1] AT< +EREG: 0,"0000","00000000",0,0,0,0,0 (RIL_URC2_READER, tid:496829019376)
03-15 13:45:20.771 I/AT      ( 1287): [1] AT> AT+EGREG=3 (RIL_CMD2_READER_1, tid:496797668592)
03-15 13:45:20.772 I/AT      ( 1287): [0] AT< OK (RIL_CMD_READER_1, tid:496826938608)
03-15 13:45:20.772 I/AT      ( 1287): [0] AT> AT+CIREG=2 (RIL_CMD_READER_1, tid:496825898224)
03-15 13:45:20.773 D/MtkTelephonyRegistryEx( 1367): idMatchEx: rSubId=2147483647, subId=2, dSubId=2, rPhoneId=-1, phoneId=0
03-15 13:45:20.773 D/MtkTelephonyRegistryEx( 1367): idMatchEx: rSubId=2147483647, subId=2, dSubId=2, rPhoneId=0, phoneId=0
03-15 13:45:20.773 D/MtkTelephonyRegistryEx( 1367): idMatchEx: rSubId=2147483647, subId=2, dSubId=2, rPhoneId=1, phoneId=0
03-15 13:45:20.773 D/MtkTelephonyRegistryEx( 1367): idMatchEx: rSubId=2, subId=2, dSubId=2, rPhoneId=0, phoneId=0
03-15 13:45:20.774 I/AT      ( 1287): [0] AT< +EOPS: 0,2,"62120",1 (RIL_ATCI_READER, tid:496816395504)
03-15 13:45:20.774 I/AT      ( 1287): [0] AT< OK (RIL_ATCI_READER, tid:496816395504)
03-15 13:45:20.774 D/MtkTelephonyRegistryEx( 1367): idMatchEx: rSubId=2, subId=2, dSubId=2, rPhoneId=0, phoneId=0
03-15 13:45:20.774 I/RtcEmbmsAt( 1287): [0] Handle URC RFX_MSG_URC_EMBMS_CELL_INFO_NOTIFICATION Slot 0 (DefaultDataSlot:0)
03-15 13:45:20.774 I/RtcEmbmsAt( 1287): [0] handleCellInfoUrc cell_id 54C79F, status 0, plmn 62120
03-15 13:45:20.774 I/RtcEmbmsAt( 1287): [0] urcToSocket:+CEREG:0
03-15 13:45:20.774 D/MtkTelephonyRegistryEx( 1367): idMatchEx: rSubId=2147483647, subId=2, dSubId=2, rPhoneId=1, phoneId=0
03-15 13:45:20.774 I/RtcEmbmsAt( 1287): [0] urcToSocket:%MBMSEV:4,62120054C79F
03-15 13:45:20.774 D/MtkTelephonyRegistryEx( 1367): idMatchEx: rSubId=2, subId=2, dSubId=2, rPhoneId=0, phoneId=0
03-15 13:45:20.775 D/RILJ    ( 1997): Unsol response received; Sending ack to ril.cpp [SUB0]
03-15 13:45:20.775 D/RILJ    ( 1997): [UNSL]< UNSOL_RESPONSE_NETWORK_STATE_CHANGED [SUB0]
03-15 13:45:20.775 I/AT      ( 1287): [1] AT< +EGREG: 0,"0000","00000000",0,"00",0,0,0,0 (RIL_URC2_READER, tid:496829019376)
03-15 13:45:20.775 D/NetworkRegistrationManager( 1997): onNetworkStateChanged
03-15 13:45:20.775 I/AT      ( 1287): [1] AT< OK (RIL_CMD2_READER_1, tid:496798708976)
03-15 13:45:20.775 I/AT      ( 1287): [1] AT> AT+PSBEARER=1 (RIL_CMD2_READER_1, tid:496797668592)
03-15 13:45:20.775 I/RmcEmbmsReq( 1287): [1] postEpsNetworkUpdate urc=+EGREG: 0,"0000","00000000",0,"00",0,0,0,0
03-15 13:45:20.775 I/RILC    ( 1287): try to getOpUnsolResponse from operator library
03-15 13:45:20.775 I/RilOpProxy( 1287): [getOpUnsolResponseInfo] dlopen failed in libmtk-rilop.so: (null)
03-15 13:45:20.775 E/RILC    ( 1287): unsupported unsolicited response code 0
03-15 13:45:20.775 I/AT      ( 1287): [1] AT> AT+EOPS? (RIL_ATCI2_READER, tid:496789345520)
03-15 13:45:20.776 D/MtkTelephonyRegistryEx( 1367): idMatchEx: rSubId=2, subId=2, dSubId=2, rPhoneId=0, phoneId=0
03-15 13:45:20.776 D/MtkTelephonyRegistryEx( 1367): idMatchEx: rSubId=2147483647, subId=2, dSubId=2, rPhoneId=1, phoneId=0
03-15 13:45:20.776 D/RILJ    ( 1997): [UNSL]< MTK: UNSOL_SIGNAL_STRENGTH_WITH_WCDMA_ECIO SignalStrength: 99 99 255 255 -1 -1 -1 -1 -1 99 2147483647 2147483647 0 2147483647 2147483647 255 135 0 0 gsm|lte use_rsrp_and_rssnr_for_lte_level  [-128, -118, -108, -98] [-115, -105, -95, -85] [SUB1]
03-15 13:45:20.776 D/RILJ    ( 1997): currentSignalStrengthWithWcdmaEcioInd SignalStrength=SignalStrength: 99 99 255 255 -1 -1 -1 -1 -1 99 2147483647 2147483647 0 2147483647 2147483647 255 135 0 0 gsm|lte use_rsrp_and_rssnr_for_lte_level  [-128, -118, -108, -98] [-115, -105, -95, -85] [SUB1]
03-15 13:45:20.778 I/AT      ( 1287): [0] AT< +CIREGU: 0 (RIL_URC_READER, tid:496834221296)
03-15 13:45:20.778 I/AT      ( 1287): [0] AT< OK (RIL_CMD_READER_1, tid:496826938608)
03-15 13:45:20.778 I/AT      ( 1287): [0] AT> AT+EREGINFO=1 (RIL_CMD_READER_1, tid:496825898224)
03-15 13:45:20.779 I/AT      ( 1287): [1] AT< OK (RIL_CMD2_READER_1, tid:496798708976)
03-15 13:45:20.779 I/AT      ( 1287): [1] AT< +EOPS: 0,2,"",1 (RIL_ATCI2_READER, tid:496790385904)
03-15 13:45:20.779 I/AT      ( 1287): [1] AT> AT+CIREG=2 (RIL_CMD2_READER_1, tid:496797668592)
03-15 13:45:20.779 I/AT      ( 1287): [1] AT< OK (RIL_ATCI2_READER, tid:496790385904)
03-15 13:45:20.779 D/MtkTelephonyRegistryEx( 1367): idMatchEx: rSubId=2147483647, subId=2, dSubId=2, rPhoneId=-1, phoneId=0
03-15 13:45:20.779 D/MtkTelephonyRegistryEx( 1367): idMatchEx: rSubId=2147483647, subId=2, dSubId=2, rPhoneId=0, phoneId=0
03-15 13:45:20.779 E/RmcEmbmsReq( 1287): [1] Error due to cell_id = 0
03-15 13:45:20.779 D/MtkTelephonyRegistryEx( 1367): idMatchEx: rSubId=2147483647, subId=2, dSubId=2, rPhoneId=1, phoneId=0
03-15 13:45:20.779 D/MtkTelephonyRegistryEx( 1367): idMatchEx: rSubId=2, subId=2, dSubId=2, rPhoneId=0, phoneId=0
03-15 13:45:20.780 D/MtkTelephonyRegistryEx( 1367): idMatchEx: rSubId=2, subId=2, dSubId=2, rPhoneId=0, phoneId=0
03-15 13:45:20.780 D/MtkTelephonyRegistryEx( 1367): idMatchEx: rSubId=2147483647, subId=2, dSubId=2, rPhoneId=1, phoneId=0
03-15 13:45:20.780 D/MtkTelephonyRegistryEx( 1367): idMatchEx: rSubId=2, subId=2, dSubId=2, rPhoneId=0, phoneId=0
03-15 13:45:20.780 D/MtkTelephonyRegistryEx( 1367): idMatchEx: rSubId=2, subId=2, dSubId=2, rPhoneId=0, phoneId=0
03-15 13:45:20.780 D/MtkTelephonyRegistryEx( 1367): idMatchEx: rSubId=2147483647, subId=2, dSubId=2, rPhoneId=1, phoneId=0
03-15 13:45:20.780 D/SubscriptionController( 1997): [getSubId]- numSubIds == 0, return DummySubIds slotIndex=1
03-15 13:45:20.780 D/MtkTelephonyRegistryEx( 1367): idMatchEx: rSubId=2147483647, subId=-3, dSubId=2, rPhoneId=-1, phoneId=1
03-15 13:45:20.780 D/MtkTelephonyRegistryEx( 1367): idMatchEx: rSubId=2147483647, subId=-3, dSubId=2, rPhoneId=0, phoneId=1
03-15 13:45:20.780 D/MtkTelephonyRegistryEx( 1367): idMatchEx: rSubId=2147483647, subId=-3, dSubId=2, rPhoneId=1, phoneId=1
03-15 13:45:20.780 D/MtkTelephonyRegistryEx( 1367): idMatchEx: rSubId=2, subId=-3, dSubId=2, rPhoneId=0, phoneId=1
03-15 13:45:20.781 D/MtkTelephonyRegistryEx( 1367): idMatchEx: rSubId=2, subId=-3, dSubId=2, rPhoneId=0, phoneId=1
03-15 13:45:20.781 D/MtkTelephonyRegistryEx( 1367): idMatchEx: rSubId=2147483647, subId=-3, dSubId=2, rPhoneId=1, phoneId=1
03-15 13:45:20.781 I/AT      ( 1287): [0] AT< OK (RIL_CMD_READER_1, tid:496826938608)
03-15 13:45:20.781 D/MtkTelephonyRegistryEx( 1367): idMatchEx: rSubId=2, subId=-3, dSubId=2, rPhoneId=0, phoneId=1
03-15 13:45:20.781 D/MtkTelephonyRegistryEx( 1367): idMatchEx: rSubId=2, subId=-3, dSubId=2, rPhoneId=0, phoneId=1
03-15 13:45:20.781 D/MtkTelephonyRegistryEx( 1367): idMatchEx: rSubId=2147483647, subId=-3, dSubId=2, rPhoneId=1, phoneId=1
03-15 13:45:20.781 I/AT      ( 1287): [0] AT> AT+EIPRL? (RIL_CMD_READER_1, tid:496825898224)
03-15 13:45:20.781 D/SubscriptionController( 1997): [getSubId]- numSubIds == 0, return DummySubIds slotIndex=1
03-15 13:45:20.781 D/RILJ    ( 1997): Unsol response received; Sending ack to ril.cpp [SUB0]
03-15 13:45:20.781 D/MtkTelephonyRegistryEx( 1367): idMatchEx: rSubId=2147483647, subId=-3, dSubId=2, rPhoneId=-1, phoneId=1
03-15 13:45:20.781 D/MtkTelephonyRegistryEx( 1367): idMatchEx: rSubId=2147483647, subId=-3, dSubId=2, rPhoneId=0, phoneId=1
03-15 13:45:20.781 D/MtkTelephonyRegistryEx( 1367): idMatchEx: rSubId=2147483647, subId=-3, dSubId=2, rPhoneId=1, phoneId=1
03-15 13:45:20.781 D/MtkTelephonyRegistryEx( 1367): idMatchEx: rSubId=2, subId=-3, dSubId=2, rPhoneId=0, phoneId=1
03-15 13:45:20.781 D/SuppServExt( 2408): [0]handleMessage: EVENT_IMS_REGISTRATION_INFO(1)
03-15 13:45:20.781 D/MtkTelephonyRegistryEx( 1367): idMatchEx: rSubId=2, subId=-3, dSubId=2, rPhoneId=0, phoneId=1
03-15 13:45:20.781 D/SuppServExt( 2408): [0]EVENT_IMS_REGISTRATION_INFO: 0
03-15 13:45:20.781 D/MtkTelephonyRegistryEx( 1367): idMatchEx: rSubId=2147483647, subId=-3, dSubId=2, rPhoneId=1, phoneId=1
03-15 13:45:20.781 I/ImsService( 2408): [0] state 3 updateImsRegstration, tech -1, reason ImsReasonInfo :: {1000, 0, 0}
03-15 13:45:20.781 D/MtkTelephonyRegistryEx( 1367): idMatchEx: rSubId=2, subId=-3, dSubId=2, rPhoneId=0, phoneId=1
03-15 13:45:20.781 D/MtkTelephonyRegistryEx( 1367): idMatchEx: rSubId=2, subId=-3, dSubId=2, rPhoneId=0, phoneId=1
03-15 13:45:20.782 D/MtkTelephonyRegistryEx( 1367): idMatchEx: rSubId=2147483647, subId=-3, dSubId=2, rPhoneId=1, phoneId=1
03-15 13:45:20.782 D/MTKSST  ( 1997): [GsmSST0] onNetworkStateChangeResult state:2 lac:938 cid:5556127 Act:3 cause:0
03-15 13:45:20.782 D/MTKSST  ( 1997): [GsmSST0] pollState: modemTriggered=true, mPollingContext=0, RadioState=RADIO_ON
03-15 13:45:20.782 D/ImsSmsDispacher( 1997): onImsDisconnected imsReasonInfo=ImsReasonInfo :: {1000, 0, 0}
03-15 13:45:20.782 I/AT      ( 1287): [1] AT< OK (RIL_CMD2_READER_1, tid:496798708976)
03-15 13:45:20.782 I/AT      ( 1287): [1] AT> AT+EREGINFO=1 (RIL_CMD2_READER_1, tid:496797668592)
03-15 13:45:20.783 D/RILJ    ( 1997): [4977]> OPERATOR [SUB0]
03-15 13:45:20.783 D/NetworkRegistrationManager( 1997): getNetworkRegistrationState domain 2
03-15 13:45:20.783 D/NetworkRegistrationManager( 1997): getNetworkRegistrationState domain 1
03-15 13:45:20.783 I/AT      ( 1287): [1] AT< +CIREGU: 0 (RIL_URC2_READER, tid:496829019376)
03-15 13:45:20.783 I/AT      ( 1287): [0] AT> AT+EOPS? (RIL_CMD_RT_7, tid:496813274352)
03-15 13:45:20.783 D/RILJ    ( 1997): [4978]> QUERY_NETWORK_SELECTION_MODE [SUB0]
03-15 13:45:20.784 D/SubscriptionController( 1997): [getSubId]- numSubIds == 0, return DummySubIds slotIndex=1
03-15 13:45:20.784 D/ImsPhoneCallTracker( 1997): [0] onImsDisconnected imsReasonInfo=ImsReasonInfo :: {1000, 0, 0}
03-15 13:45:20.784 I/AT      ( 1287): [0] AT< +EIPRL:0,255,1,255 (RIL_CMD_READER_1, tid:496826938608)
03-15 13:45:20.785 D/RILJ    ( 1997): [4979]> DATA_REGISTRATION_STATE [SUB0]
03-15 13:45:20.785 D/ImsPhoneCallTracker( 1997): [0] onImsDisconnected imsReasonInfo=ImsReasonInfo :: {1000, 0, 0}
03-15 13:45:20.785 D/SST     ( 1997): getSignalStrengthLevel=true
03-15 13:45:20.785 D/SST     ( 1997): mOEMLevel_0=0,mOEMLevel_1:0
03-15 13:45:20.785 D/MTKSST  ( 1997): [GsmSST1] no service fix signal...
03-15 13:45:20.785 D/SubscriptionController( 1997): [getSubId]- numSubIds == 0, return DummySubIds slotIndex=1
03-15 13:45:20.785 D/SubscriptionController( 1997): [getSubId]- numSubIds == 0, return DummySubIds slotIndex=1
03-15 13:45:20.785 I/AT      ( 1287): [0] AT< OK (RIL_CMD_READER_1, tid:496826938608)
03-15 13:45:20.785 I/AT      ( 1287): [0] AT> AT+EDEFROAM=1 (RIL_CMD_READER_1, tid:496825898224)
03-15 13:45:20.786 W/MtkSignalStrength( 1367): [getLteLevel] null op customization instance
03-15 13:45:20.786 I/AT      ( 1287): [0] AT< +EOPS: 0,2,"62120",1 (RIL_CMD_RT_7, tid:496814314736)
03-15 13:45:20.786 I/AT      ( 1287): [0] AT< OK (RIL_CMD_RT_7, tid:496814314736)
03-15 13:45:20.786 D/RILJ    ( 1997): [4980]> VOICE_REGISTRATION_STATE [SUB0]
03-15 13:45:20.787 I/AT      ( 1287): [1] AT< OK (RIL_CMD2_READER_1, tid:496798708976)
03-15 13:45:20.787 I/AT      ( 1287): [1] AT> AT+EIPRL? (RIL_CMD2_READER_1, tid:496797668592)
03-15 13:45:20.787 I/AT      ( 1287): [0] AT> AT+COPS? (RIL_CMD_RT_7, tid:496813274352)
03-15 13:45:20.787 D/RILJ    ( 1997): [UNSL]< MTK: RIL_UNSOL_EMBMS_AT_INFO +CEREG:0
03-15 13:45:20.787 D/RILJ    ( 1997):  [SUB0]
03-15 13:45:20.787 D/RILJ    ( 1997): Notify mEmbmsAtInfoNotificationRegistrant [SUB0]
03-15 13:45:20.788 D/MtkMmTelFeature( 2408): [0] notifyCapabilitiesStatusChanged MmTel Capabilities - [Voice: false Video: false UT: false SMS: false]
03-15 13:45:20.788 D/ImsPhoneCallTracker( 1997): [0] onCapabilitiesStatusChanged: Capabilities: 0
03-15 13:45:20.788 D/MTKSST  ( 1997): [GsmSST1] ===oppoNotifySignalStrengthe=mSignalStrength==SignalStrength: 99 99 -120 -160 -120 -160 -1 99 2147483647 2147483647 2147483647 2147483647 0 2147483647 99 255 2147483647 0 0 gsm|lte use_rsrp_and_rssnr_for_lte_level  [-128, -118, -108, -98] [-115, -105, -95, -85]
03-15 13:45:20.788 I/phonestatemonitor( 1997): onSignalStrengthChanged.
03-15 13:45:20.788 D/MTKSST  ( 1997): [GsmSST1] old:{level:0, raw:SignalStrength: 99 -1 -1 -1 -1 -1 -1 99 2147483647 2147483647 2147483647 2147483647 0 2147483647 99 255 2147483647 0 0 gsm|lte use_rsrp_and_rssnr_for_lte_level  [-128, -118, -108, -98] [-115, -105, -95, -85]}, new:{level:0, raw:SignalStrength: 99 99 -120 -160 -120 -160 -1 99 2147483647 2147483647 2147483647 2147483647 0 2147483647 99 255 2147483647 0 0 gsm|lte use_rsrp_and_rssnr_for_lte_level  [-128, -118, -108, -98] [-115, -105, -95, -85]}
03-15 13:45:20.788 D/MTKSST  ( 1997): [GsmSST1] old:{level:0, raw:SignalStrength: 99 -1 -1 -1 -1 -1 -1 99 2147483647 2147483647 2147483647 2147483647 0 2147483647 99 255 2147483647 0 0 gsm|lte use_rsrp_and_rssnr_for_lte_level  [-128, -118, -108, -98] [-115, -105, -95, -85]}, new:{level:0, raw:SignalStrength: 99 99 -120 -160 -120 -160 -1 99 2147483647 2147483647 2147483647 2147483647 0 2147483647 99 255 2147483647 0 0 gsm|lte use_rsrp_and_rssnr_for_lte_level  [-128, -118, -108, -98] [-115, -105, -95, -85]}new:{level:0, raw:SignalStrength: 99 99 -120 -160 -120 -160 -1 99 2147483647 2147483647 2147483647 2147483647 0 2147483647 99 255 2147483647 0 0 gsm|lte use_rsrp_and_rssnr_for_lte_level  [-128, -118, -108, -98] [-115, -105, -95, -85]}
03-15 13:45:20.789 D/FdManager( 1997): [phoneId1]mIntentReceiver: Received ACTION_CHARGING
03-15 13:45:20.789 D/FdManager( 1997): [phoneId1]onChargingModeSwitched: preCharging = false mIsCharging = true preEnableFdonCharging = 0 mEnableFdOnCharing = 0
03-15 13:45:20.789 D/SuppServExt( 2408): [1]handleMessage: EVENT_IMS_REGISTRATION_INFO(1)
03-15 13:45:20.789 D/SuppServExt( 2408): [1]EVENT_IMS_REGISTRATION_INFO: 0
03-15 13:45:20.789 I/ImsService( 2408): [1] state 3 updateImsRegstration, tech -1, reason ImsReasonInfo :: {1000, 0, 0}
03-15 13:45:20.789 D/SubscriptionController( 1997): [getSubId]- numSubIds == 0, return DummySubIds slotIndex=1
03-15 13:45:20.789 D/FdManager( 1997): [phoneId1]isDefaultDataSubId: subId = -3 dataSubId = 2
03-15 13:45:20.789 D/ImsPhoneCallTracker( 1997): [1] onImsDisconnected imsReasonInfo=ImsReasonInfo :: {1000, 0, 0}
03-15 13:45:20.789 D/RILJ    ( 1997): Unsol response received; Sending ack to ril.cpp [SUB1]
03-15 13:45:20.789 D/RILJ    ( 1997): [UNSL]< UNSOL_RESPONSE_NETWORK_STATE_CHANGED [SUB1]
03-15 13:45:20.789 D/ImsPhoneCallTracker( 1997): [1] onImsDisconnected imsReasonInfo=ImsReasonInfo :: {1000, 0, 0}
03-15 13:45:20.789 D/FdManager( 1997): [phoneId0]mIntentReceiver: Received ACTION_CHARGING
03-15 13:45:20.789 D/FdManager( 1997): [phoneId0]onChargingModeSwitched: preCharging = false mIsCharging = true preEnableFdonCharging = 0 mEnableFdOnCharing = 0
03-15 13:45:20.789 D/FdManager( 1997): [phoneId0]isDefaultDataSubId: subId = 2 dataSubId = 2
03-15 13:45:20.789 D/SubscriptionController( 1997): [getSubId]- numSubIds == 0, return DummySubIds slotIndex=1
03-15 13:45:20.789 D/SubscriptionController( 1997): [getSubId]- numSubIds == 0, return DummySubIds slotIndex=1
03-15 13:45:20.790 I/AT      ( 1287): [0] AT< OK (RIL_CMD_READER_1, tid:496826938608)
03-15 13:45:20.790 I/AT      ( 1287): [0] AT> AT+EDEFROAM? (RIL_CMD_READER_1, tid:496825898224)
03-15 13:45:20.790 D/RILJ    ( 1997): Unsol response received; Sending ack to ril.cpp [SUB1]
03-15 13:45:20.790 D/RILJ    ( 1997): [UNSL]< UNSOL_RESPONSE_CS_NETWORK_STATE_CHANGED [SUB1]
03-15 13:45:20.791 I/AT      ( 1287): [0] AT< +COPS: 0 (RIL_CMD_RT_7, tid:496814314736)
03-15 13:45:20.791 I/AT      ( 1287): [0] AT< OK (RIL_CMD_RT_7, tid:496814314736)
03-15 13:45:20.791 D/MtkRILJ ( 1997): [4983]> MTK: RIL_REQUEST_SET_FD_MODE [SUB0]
03-15 13:45:20.791 D/NetworkRegistrationManager( 1997): onNetworkStateChanged
03-15 13:45:20.791 I/AT      ( 1287): [1] AT< +EIPRL:0,255,1,255 (RIL_CMD2_READER_1, tid:496798708976)
03-15 13:45:20.791 I/AT      ( 1287): [0] AT> AT+EGREG? (RIL_CMD_RT_7, tid:496813274352)
03-15 13:45:20.791 I/AT      ( 1287): [1] AT< OK (RIL_CMD2_READER_1, tid:496798708976)
03-15 13:45:20.791 I/AT      ( 1287): [1] AT> AT+EDEFROAM=1 (RIL_CMD2_READER_1, tid:496797668592)
03-15 13:45:20.791 I/AT      ( 1287): [0] AT> AT+EFD=0 (RIL_CMD_READER_4, tid:496817435888)
03-15 13:45:20.791 I/MtkEmbmsAdaptor( 1997): MSG_ID_EVENT_IND data: +CEREG:0
03-15 13:45:20.791 E/MtkEmbmsAdaptor( 1997): sendCommand fail!! mAdaptorIoThread is null!
03-15 13:45:20.791 D/ImsPhoneCallTracker( 1997): [0] handleMessage what=26
03-15 13:45:20.791 D/ImsPhoneCallTracker( 1997): [0] handleMessage what=26
03-15 13:45:20.792 D/ImsPhoneCallTracker( 1997): [0] handleFeatureCapabilityChanged: Capabilities: 0 isVideoEnabledStateChanged=false
03-15 13:45:20.792 D/ImsPhoneCallTracker( 1997): [0] handleFeatureCapabilityChanged: isVolteEnabled=false, isVideoCallEnabled=false, isVowifiEnabled=false, isUtEnabled=false
03-15 13:45:20.792 I/AT      ( 1287): [0] AT< +EDEFROAM:1,2 (RIL_CMD_READER_1, tid:496826938608)
03-15 13:45:20.793 D/SubscriptionController( 1997): [getSubId]- numSubIds == 0, return DummySubIds slotIndex=1
03-15 13:45:20.793 I/AT      ( 1287): [0] AT< OK (RIL_CMD_READER_1, tid:496826938608)
03-15 13:45:20.793 I/AT      ( 1287): [0] AT> AT+EFD=3,1 (RIL_CMD_READER_1, tid:496825898224)
03-15 13:45:20.794 D/MtkMmTelFeature( 2408): [1] notifyCapabilitiesStatusChanged MmTel Capabilities - [Voice: false Video: false UT: false SMS: false]
03-15 13:45:20.794 D/DefaultPhoneNotifier( 1997): notifyVoLteServiceStateChanged: mRegistry=com.android.internal.telephony.ITelephonyRegistry$Stub$Proxy@808588a lteState=VoLteServiceState: 5 sender=Handler (com.mediatek.internal.telephony.imsphone.MtkImsPhone) {5d52451} phondId=0 subId=2
03-15 13:45:20.794 D/ImsPhoneCallTracker( 1997): [1] onCapabilitiesStatusChanged: Capabilities: 0
03-15 13:45:20.795 I/AT      ( 1287): [0] AT< +EGREG: 3,2,"03AA","0054C79F",96,0,0,0,0,0 (RIL_CMD_RT_7, tid:496814314736)
03-15 13:45:20.795 I/AT      ( 1287): [0] AT< OK (RIL_CMD_RT_7, tid:496814314736)
03-15 13:45:20.795 D/RILJ    ( 1997): Unsol response received; Sending ack to ril.cpp [SUB0]
03-15 13:45:20.795 D/RILJ    ( 1997): [UNSL]< UNSOL_RESPONSE_IMS_NETWORK_STATE_CHANGED [SUB0]
03-15 13:45:20.795 I/AT      ( 1287): [0] AT> AT+EREG? (RIL_CMD_RT_7, tid:496813274352)
03-15 13:45:20.795 D/RILJ    ( 1997): [4977]< OPERATOR {, , } [SUB0]
03-15 13:45:20.798 D/ImsPhoneCallTracker( 1997): [0] handleFeatureCapabilityChanged: registerImsType = ,phoneId = 0, status 5
03-15 13:45:20.800 D/RILJ    ( 1997): [4986]> RIL_REQUEST_SEND_DEVICE_STATE 1:true [SUB1]
03-15 13:45:20.800 D/MTKSST  ( 1997): [GsmSST1] onNetworkStateChangeResult state:0 lac:0 cid:0 Act:0 cause:0
03-15 13:45:20.800 D/MTKSST  ( 1997): [GsmSST1] pollState: modemTriggered=true, mPollingContext=0, RadioState=RADIO_OFF
03-15 13:45:20.800 I/AT      ( 1287): [1] AT< OK (RIL_CMD2_READER_1, tid:496798708976)
03-15 13:45:20.800 D/SST     ( 1997): handleNetworkUnavailable
03-15 13:45:20.800 I/AT      ( 1287): [1] AT> AT+EDEFROAM? (RIL_CMD2_READER_1, tid:496797668592)
03-15 13:45:20.800 I/AT      ( 1287): [0] AT< OK (RIL_CMD_READER_1, tid:496826938608)
03-15 13:45:20.800 E/RfxRoot ( 1287): no RfxBaseData, send error to RILJ
03-15 13:45:20.800 I/AT      ( 1287): [0] AT> AT+EXLCE=1 (RIL_CMD_READER_1, tid:496825898224)
03-15 13:45:20.800 I/AT      ( 1287): [0] AT< OK (RIL_CMD_READER_4, tid:496818476272)
03-15 13:45:20.800 D/RILJ    ( 1997): [4987]> OPERATOR [SUB1]
03-15 13:45:20.801 D/NetworkRegistrationManager( 1997): getNetworkRegistrationState domain 2
03-15 13:45:20.801 D/NetworkRegistrationManager( 1997): getNetworkRegistrationState domain 1
03-15 13:45:20.801 I/AT      ( 1287): [1] AT> AT+EOPS? (RIL_CMD2_RT_7, tid:496785183984)
03-15 13:45:20.801 D/RILJ    ( 1997): [4988]> DATA_REGISTRATION_STATE [SUB1]
03-15 13:45:20.803 D/RILJ    ( 1997): [4989]> QUERY_NETWORK_SELECTION_MODE [SUB1]
03-15 13:45:20.803 I/AT      ( 1287): [0] AT< +EREG: 3,2,"03AA","0054C79F",96,0,0,0,0 (RIL_CMD_RT_7, tid:496814314736)
03-15 13:45:20.803 I/AT      ( 1287): [0] AT< OK (RIL_CMD_RT_7, tid:496814314736)
03-15 13:45:20.803 I/AT      ( 1287): [0] AT> AT+VLOCINFO? (RIL_CMD_RT_7, tid:496813274352)
03-15 13:45:20.803 I/AT      ( 1287): [1] AT< +EDEFROAM:1,2 (RIL_CMD2_READER_1, tid:496798708976)
03-15 13:45:20.803 I/AT      ( 1287): [1] AT< OK (RIL_CMD2_READER_1, tid:496798708976)
03-15 13:45:20.804 I/AT      ( 1287): [1] AT> AT+EFD=3,1 (RIL_CMD2_READER_1, tid:496797668592)
03-15 13:45:20.804 I/AT      ( 1287): [0] AT< OK (RIL_CMD_READER_1, tid:496826938608)
03-15 13:45:20.805 I/AT      ( 1287): [0] AT> AT+EINFO=1082,402,0 (RIL_CMD_READER_1, tid:496825898224)
03-15 13:45:20.805 D/RILJ    ( 1997): [4991]> RIL_REQUEST_SEND_DEVICE_STATE 1:true [SUB0]
03-15 13:45:20.806 D/ImsPhoneCallTracker( 1997): [1] handleMessage what=26
03-15 13:45:20.806 D/ImsPhoneCallTracker( 1997): [1] handleMessage what=26
03-15 13:45:20.806 I/AT      ( 1287): [1] AT< +EOPS: 0,2,"",1 (RIL_CMD2_RT_7, tid:496786224368)
03-15 13:45:20.806 D/ImsPhoneCallTracker( 1997): [1] handleFeatureCapabilityChanged: Capabilities: 0 isVideoEnabledStateChanged=false
03-15 13:45:20.806 I/AT      ( 1287): [1] AT< OK (RIL_CMD2_RT_7, tid:496786224368)
03-15 13:45:20.806 E/RfxRoot ( 1287): no RfxBaseData, send error to RILJ
03-15 13:45:20.806 D/ImsPhoneCallTracker( 1997): [1] handleFeatureCapabilityChanged: isVolteEnabled=false, isVideoCallEnabled=false, isVowifiEnabled=false, isUtEnabled=false
03-15 13:45:20.807 I/AT      ( 1287): [0] AT< +VLOCINFO:0,111,11,0,0,0,0,0,0x00000000000000000000000000000000,0x00 (RIL_CMD_RT_7, tid:496814314736)
03-15 13:45:20.807 I/AT      ( 1287): [0] AT< OK (RIL_CMD_RT_7, tid:496814314736)
03-15 13:45:20.807 I/AT      ( 1287): [1] AT< OK (RIL_CMD2_READER_1, tid:496798708976)
03-15 13:45:20.807 I/AT      ( 1287): [1] AT> AT+EGREG? (RIL_CMD2_RT_7, tid:496785183984)
03-15 13:45:20.807 I/AT      ( 1287): [1] AT> AT+EXLCE=1 (RIL_CMD2_READER_1, tid:496797668592)
03-15 13:45:20.809 I/AT      ( 1287): [0] AT< OK (RIL_CMD_READER_1, tid:496826938608)
03-15 13:45:20.809 I/AT      ( 1287): [0] AT> AT+EOPS? (RIL_CMD_READER_1, tid:496825898224)
03-15 13:45:20.809 D/SubscriptionController( 1997): [getSubId]- numSubIds == 0, return DummySubIds slotIndex=1
03-15 13:45:20.810 D/DefaultPhoneNotifier( 1997): notifyVoLteServiceStateChanged: mRegistry=com.android.internal.telephony.ITelephonyRegistry$Stub$Proxy@808588a lteState=VoLteServiceState: 5 sender=Handler (com.mediatek.internal.telephony.imsphone.MtkImsPhone) {59c0642} phondId=1 subId=-3
03-15 13:45:20.810 I/AT      ( 1287): [1] AT< +EGREG: 3,0,"0000","00000000",0,0,0,0,0,0 (RIL_CMD2_RT_7, tid:496786224368)
03-15 13:45:20.810 D/SubscriptionController( 1997): [getSubId]- numSubIds == 0, return DummySubIds slotIndex=1
03-15 13:45:20.811 D/RILJ    ( 1997): Unsol response received; Sending ack to ril.cpp [SUB0]
03-15 13:45:20.811 I/AT      ( 1287): [1] AT< OK (RIL_CMD2_RT_7, tid:496786224368)
03-15 13:45:20.811 D/RILJ    ( 1997): [UNSL]< MTK: RIL_UNSOL_EMBMS_AT_INFO %MBMSEV:4,62120054C79F
03-15 13:45:20.811 D/RILJ    ( 1997):  [SUB0]
03-15 13:45:20.811 D/RILJ    ( 1997): Notify mEmbmsAtInfoNotificationRegistrant [SUB0]
03-15 13:45:20.811 D/SubscriptionController( 1997): [getSubId]- numSubIds == 0, return DummySubIds slotIndex=1
03-15 13:45:20.812 I/AT      ( 1287): [1] AT< OK (RIL_CMD2_READER_1, tid:496798708976)
03-15 13:45:20.812 I/AT      ( 1287): [0] AT< +EOPS: 0,2,"62120",1 (RIL_CMD_READER_1, tid:496826938608)
03-15 13:45:20.812 I/AT      ( 1287): [0] AT< OK (RIL_CMD_READER_1, tid:496826938608)
03-15 13:45:20.812 I/AT      ( 1287): [1] AT> AT+EINFO=1082,402,0 (RIL_CMD2_READER_1, tid:496797668592)
03-15 13:45:20.812 D/SubscriptionController( 1997): [getSubId]- numSubIds == 0, return DummySubIds slotIndex=1
03-15 13:45:20.812 I/AT      ( 1287): [1] AT> AT+COPS? (RIL_CMD2_RT_7, tid:496785183984)
03-15 13:45:20.813 D/SubscriptionController( 1997): [getSubId]- numSubIds == 0, return DummySubIds slotIndex=1
03-15 13:45:20.813 D/SubscriptionController( 1997): [getSubId]- numSubIds == 0, return DummySubIds slotIndex=1
03-15 13:45:20.814 D/ImsPhoneCallTracker( 1997): [1] handleFeatureCapabilityChanged: registerImsType = ,phoneId = 1, status 5
03-15 13:45:20.814 I/AT      ( 1287): [1] AT< OK (RIL_CMD2_READER_1, tid:496798708976)
03-15 13:45:20.814 I/AT      ( 1287): [1] AT< +COPS: 0 (RIL_CMD2_RT_7, tid:496786224368)
03-15 13:45:20.815 D/RILJ    ( 1997): [4993]> RIL_REQUEST_IMS_REGISTRATION_STATE [SUB0]
03-15 13:45:20.815 I/AT      ( 1287): [1] AT> AT+EOPS? (RIL_CMD2_READER_1, tid:496797668592)
03-15 13:45:20.815 D/RILJ    ( 1997): [4994]> RIL_REQUEST_IMS_REGISTRATION_STATE [SUB0]
03-15 13:45:20.815 I/AT      ( 1287): [1] AT< OK (RIL_CMD2_RT_7, tid:496786224368)
03-15 13:45:20.816 D/MTKSST  ( 1997): [GsmSST0] EVENT_IMS_CAPABILITY_CHANGED
03-15 13:45:20.816 D/RILJ    ( 1997): Unsol response received; Sending ack to ril.cpp [SUB1]
03-15 13:45:20.817 D/RILJ    ( 1997): [UNSL]< UNSOL_RESPONSE_IMS_NETWORK_STATE_CHANGED [SUB1]
03-15 13:45:20.817 I/AT      ( 1287): [0] AT> AT+CIREG? (RIL_CMD_READER_3, tid:496819516656)
03-15 13:45:20.817 D/MTKSST  ( 1997): [GsmSST0] updateSpnDisplay: radio is on but out of service, set plmn='No service'
03-15 13:45:20.817 D/RILJ    ( 1997): Unsol response received; Sending ack to ril.cpp [SUB0]
03-15 13:45:20.817 I/AT      ( 1287): [1] AT< +EOPS: 0,2,"",1 (RIL_CMD2_READER_1, tid:496798708976)
03-15 13:45:20.818 D/RILJ    ( 1997): [4990]> VOICE_REGISTRATION_STATE [SUB1]
03-15 13:45:20.818 D/RILJ    ( 1997): [UNSL]< UNSOL_RESPONSE_NETWORK_STATE_CHANGED [SUB0]
03-15 13:45:20.818 D/NetworkRegistrationManager( 1997): onNetworkStateChanged
03-15 13:45:20.818 D/RILJ    ( 1997): [4978]< QUERY_NETWORK_SELECTION_MODE {0} [SUB0]
03-15 13:45:20.818 I/AT      ( 1287): [1] AT< OK (RIL_CMD2_READER_1, tid:496798708976)
03-15 13:45:20.818 D/MtkTelephonyManagerEx( 1997): getSimOnOffState slotId = 0 result = 11
03-15 13:45:20.818 D/RILJ    ( 1997): [4986]< RIL_REQUEST_SEND_DEVICE_STATE error 6 [SUB1]
03-15 13:45:20.818 D/RilRequest( 1997): [4986]< RIL_REQUEST_SEND_DEVICE_STATE error: com.android.internal.telephony.CommandException: REQUEST_NOT_SUPPORTED ret=
03-15 13:45:20.819 D/MTKSST  ( 1997): [GsmSST0] [POWERSTATE]mBeginNoServiceTime:1773578707,mNoServiceTime:13, isPowerOff:false,isVolteEnabled:false,isInService:false,isActivePhone:true
03-15 13:45:20.819 D/MTKSST  ( 1997): [GsmSST0] [POWERSTATE]updateSpnDisplay: showPlmn:true plmn:No service showSpn:false spn:null subId:2,set mBeginNoServiceTime_phone0:1773578707mBeginNoServiceTime_phone1:0
03-15 13:45:20.819 I/MtkEmbmsAdaptor( 1997): MSG_ID_EVENT_IND data: %MBMSEV:4,62120054C79F
03-15 13:45:20.819 I/AT      ( 1287): [1] AT> AT+EREG? (RIL_CMD2_RT_7, tid:496785183984)
03-15 13:45:20.819 E/MtkEmbmsAdaptor( 1997): sendCommand fail!! mAdaptorIoThread is null!
03-15 13:45:20.819 D/MTKSST  ( 1997): [GsmSST1] EVENT_IMS_CAPABILITY_CHANGED
03-15 13:45:20.819 D/RILJ    ( 1997): [4983]< MTK: RIL_REQUEST_SET_FD_MODE  [SUB0]
03-15 13:45:20.819 D/MTKSST  ( 1997): [GsmSST1] updateSpnDisplay: radio is off w/ showPlmn=true plmn=No service
03-15 13:45:20.820 D/SubscriptionController( 1997): [getSubId]- numSubIds == 0, return DummySubIds slotIndex=1
03-15 13:45:20.820 I/AT      ( 1287): [0] AT< +CIREG: 2,0,0 (RIL_CMD_READER_3, tid:496820557040)
03-15 13:45:20.820 I/AT      ( 1287): [0] AT< OK (RIL_CMD_READER_3, tid:496820557040)
03-15 13:45:20.820 I/AT      ( 1287): [0] AT> AT+CIREG? (RIL_CMD_READER_3, tid:496819516656)
03-15 13:45:20.820 D/SubscriptionController( 1997): [getSubId]- numSubIds == 0, return DummySubIds slotIndex=1
03-15 13:45:20.821 D/MTKSST  ( 1997): [GsmSST1] [POWERSTATE]mBeginNoServiceTime:0,mNoServiceTime:13, isPowerOff:true,isVolteEnabled:false,isInService:false,isActivePhone:false
03-15 13:45:20.821 D/MTKSST  ( 1997): [GsmSST1] [POWERSTATE]updateSpnDisplay: showPlmn:true plmn:No service showSpn:false spn:null subId:-3,set mBeginNoServiceTime_phone0:1773578707mBeginNoServiceTime_phone1:0
03-15 13:45:20.822 I/AT      ( 1287): [1] AT< +EREG: 3,0,"0000","00000000",0,0,0,0,0 (RIL_CMD2_RT_7, tid:496786224368)
03-15 13:45:20.822 I/AT      ( 1287): [1] AT< OK (RIL_CMD2_RT_7, tid:496786224368)
03-15 13:45:20.822 I/AT      ( 1287): [1] AT> AT+VLOCINFO? (RIL_CMD2_RT_7, tid:496785183984)
03-15 13:45:20.822 I/AT      ( 1287): [0] AT< +CIREG: 2,0,0 (RIL_CMD_READER_3, tid:496820557040)
03-15 13:45:20.822 I/AT      ( 1287): [0] AT< OK (RIL_CMD_READER_3, tid:496820557040)
03-15 13:45:20.825 I/AT      ( 1287): [1] AT< +VLOCINFO:0,111,11,0,0,0,0,0,0x00000000000000000000000000000000,0x00 (RIL_CMD2_RT_7, tid:496786224368)
03-15 13:45:20.825 I/AT      ( 1287): [1] AT< OK (RIL_CMD2_RT_7, tid:496786224368)
03-15 13:45:20.836 D/SubscriptionController( 1997): getSubscriptionProperty Query value = -1
03-15 13:45:20.839 D/RILJ    ( 1997): Unsol response received; Sending ack to ril.cpp [SUB0]
03-15 13:45:20.839 D/RILJ    ( 1997): [4997]> RIL_REQUEST_IMS_REGISTRATION_STATE [SUB1]
03-15 13:45:20.839 D/RILJ    ( 1997): [UNSL]< UNSOL_RESPONSE_PS_NETWORK_STATE_CHANGED [SUB0]
03-15 13:45:20.839 D/RILJ    ( 1997): [4973]< OEM_HOOK_STRINGS {} [SUB1]
03-15 13:45:20.839 D/RILJ    ( 1997): [4998]> RIL_REQUEST_IMS_REGISTRATION_STATE [SUB1]
03-15 13:45:20.839 D/MTKSST  ( 1997): [GsmSST0] pollState: modemTriggered=true, mPollingContext=3, RadioState=RADIO_ON
03-15 13:45:20.839 D/RILJ    ( 1997): [4979]< DATA_REGISTRATION_STATE {.regState = NOT_REG_MT_SEARCHING_OP, .rat = 0, .reasonDataDenied = 0, .maxDataCalls = 1, .cellIdentity = {.cellInfoType = NONE, .cellIdentityGsm = [], .cellIdentityWcdma = [], .cellIdentityCdma = [], .cellIdentityLte = [], .cellIdentityTdscdma = []}} [SUB0]
03-15 13:45:20.840 I/AT      ( 1287): [1] AT> AT+CIREG? (RIL_CMD2_READER_3, tid:496793507056)
03-15 13:45:20.840 D/RILJ    ( 1997): [4999]> OPERATOR [SUB0]
03-15 13:45:20.840 D/NetworkRegistrationManager( 1997): getNetworkRegistrationState domain 2
03-15 13:45:20.840 D/NetworkRegistrationManager( 1997): getNetworkRegistrationState domain 1
03-15 13:45:20.840 D/NetworkRegistrationManager( 1997): onGetNetworkRegistrationStateComplete result 0 state NetworkRegistrationState{transportType=1 domain=PS regState=NOT_REG_SEARCHING accessNetworkTechnology=UNKNOWN reasonForDenial=0 emergencyEnabled=false supportedServices=null cellIdentity=null voiceSpecificStates=null dataSpecificStates=DataSpecificRegistrationStates { mMaxDataCalls=1}}
03-15 13:45:20.840 D/RILJ    ( 1997): [4987]< OPERATOR {, , } [SUB1]
03-15 13:45:20.840 D/RILJ    ( 1997): [4972]< OEM_HOOK_STRINGS {} [SUB0]
03-15 13:45:20.840 D/RILJ    ( 1997): [5000]> QUERY_NETWORK_SELECTION_MODE [SUB0]
03-15 13:45:20.841 D/MTKSST  ( 1997): [GsmSST0] EVENT_POLL_STATE_NETWORK_SELECTION_MODE
03-15 13:45:20.841 D/FdManager( 1997): [phoneId0]handleMessage: msg.what = 0
03-15 13:45:20.841 D/MTKSST  ( 1997): [GsmSST0] onPsNetworkStateChangeResult, mPsRegState:1,newUrcState:1,info[0]:2,info[1]:62120,info[2]:15
03-15 13:45:20.841 I/AT      ( 1287): [0] AT> AT+EOPS? (RIL_CMD_RT_7, tid:496813274352)
03-15 13:45:20.841 D/RILJ    ( 1997): Unsol response received; Sending ack to ril.cpp [SUB1]
03-15 13:45:20.841 D/RILJ    ( 1997): [UNSL]< UNSOL_RESPONSE_PS_NETWORK_STATE_CHANGED [SUB1]
03-15 13:45:20.841 D/MTKSST  ( 1997): [GsmSST1] onPsNetworkStateChangeResult, mPsRegState:3,newUrcState:1,info[0]:0,info[1]:0,info[2]:0
03-15 13:45:20.841 D/RILJ    ( 1997): [4969]< RIL_REQUEST_SET_UNSOLICITED_RESPONSE_FILTER  [SUB0]
03-15 13:45:20.842 D/RILJ    ( 1997): [5001]> DATA_REGISTRATION_STATE [SUB0]
03-15 13:45:20.842 D/RILJ    ( 1997): [4971]< RIL_REQUEST_SET_UNSOLICITED_RESPONSE_FILTER  [SUB1]
03-15 13:45:20.842 D/RILJ    ( 1997): [4991]< RIL_REQUEST_SEND_DEVICE_STATE error 6 [SUB0]
03-15 13:45:20.842 D/RilRequest( 1997): [4991]< RIL_REQUEST_SEND_DEVICE_STATE error: com.android.internal.telephony.CommandException: REQUEST_NOT_SUPPORTED ret=
03-15 13:45:20.844 I/AT      ( 1287): [1] AT< +CIREG: 2,0,0 (RIL_CMD2_READER_3, tid:496794547440)
03-15 13:45:20.844 I/AT      ( 1287): [1] AT< OK (RIL_CMD2_READER_3, tid:496794547440)
03-15 13:45:20.844 I/AT      ( 1287): [0] AT< +EOPS: 0,2,"62120",1 (RIL_CMD_RT_7, tid:496814314736)
03-15 13:45:20.844 I/AT      ( 1287): [0] AT< OK (RIL_CMD_RT_7, tid:496814314736)
03-15 13:45:20.844 I/AT      ( 1287): [1] AT> AT+CIREG? (RIL_CMD2_READER_3, tid:496793507056)
03-15 13:45:20.844 I/AT      ( 1287): [0] AT> AT+COPS? (RIL_CMD_RT_7, tid:496813274352)
03-15 13:45:20.845 D/RILJ    ( 1997): [5003]> VOICE_REGISTRATION_STATE [SUB0]
