03-15 13:42:22.749 I/AT      ( 1287): [0] AT< +EOPS: 0,2,"62120",1 (RIL_CMD_READER_1, tid:496826938608)
03-15 13:42:22.749 D/RILJ    ( 1997): [4882]> OPERATOR [SUB0]
03-15 13:42:22.750 I/AT      ( 1287): [0] AT< OK (RIL_CMD_READER_1, tid:496826938608)
03-15 13:42:22.750 D/NetworkRegistrationManager( 1997): getNetworkRegistrationState domain 2
03-15 13:42:22.750 D/NetworkRegistrationManager( 1997): getNetworkRegistrationState domain 1
03-15 13:42:22.750 I/AT      ( 1287): [0] AT< +EOPS: 0,2,"62120",1 (RIL_ATCI_READER, tid:496816395504)
03-15 13:42:22.751 I/AT      ( 1287): [0] AT< OK (RIL_ATCI_READER, tid:496816395504)
03-15 13:42:22.751 I/AT      ( 1287): [0] AT> AT+EOPS? (RIL_CMD_RT_7, tid:496813274352)
03-15 13:42:22.752 D/RILJ    ( 1997): [4883]> QUERY_NETWORK_SELECTION_MODE [SUB0]
03-15 13:42:22.752 I/RtcEmbmsAt( 1287): [0] Handle URC RFX_MSG_URC_EMBMS_CELL_INFO_NOTIFICATION Slot 0 (DefaultDataSlot:0)
03-15 13:42:22.752 I/RtcEmbmsAt( 1287): [0] handleCellInfoUrc cell_id 28E4, status 0, plmn 62120
03-15 13:42:22.752 I/RtcEmbmsAt( 1287): [0] urcToSocket:+CEREG:0
03-15 13:42:22.752 I/RtcEmbmsAt( 1287): [0] urcToSocket:%MBMSEV:4,6212000028E4
03-15 13:42:22.752 D/RILJ    ( 1997): Unsol response received; Sending ack to ril.cpp [SUB0]
03-15 13:42:22.753 D/RILJ    ( 1997): [UNSL]< UNSOL_RESPONSE_PS_NETWORK_STATE_CHANGED [SUB0]
03-15 13:42:22.753 D/MTKSST  ( 1997): [GsmSST0] onPsNetworkStateChangeResult, mPsRegState:1,newUrcState:1,info[0]:0,info[1]:62120,info[2]:2
03-15 13:42:22.753 D/RILJ    ( 1997): [4884]> DATA_REGISTRATION_STATE [SUB0]
03-15 13:42:22.754 D/RILJ    ( 1997): Unsol response received; Sending ack to ril.cpp [SUB0]
03-15 13:42:22.754 D/RILJ    ( 1997): [4887]> VOICE_REGISTRATION_STATE [SUB0]
03-15 13:42:22.755 D/RILJ    ( 1997): [UNSL]< MTK: RIL_UNSOL_EMBMS_AT_INFO +CEREG:0
03-15 13:42:22.755 D/RILJ    ( 1997):  [SUB0]
03-15 13:42:22.755 D/RILJ    ( 1997): Notify mEmbmsAtInfoNotificationRegistrant [SUB0]
03-15 13:42:22.755 I/AT      ( 1287): [0] AT< +EOPS: 0,2,"62120",1 (RIL_CMD_RT_7, tid:496814314736)
03-15 13:42:22.756 I/AT      ( 1287): [0] AT< OK (RIL_CMD_RT_7, tid:496814314736)
03-15 13:42:22.756 I/MtkEmbmsAdaptor( 1997): MSG_ID_EVENT_IND data: +CEREG:0
03-15 13:42:22.756 E/MtkEmbmsAdaptor( 1997): sendCommand fail!! mAdaptorIoThread is null!
03-15 13:42:22.756 I/AT      ( 1287): [0] AT> AT+COPS? (RIL_CMD_RT_7, tid:496813274352)
03-15 13:42:22.757 D/RILJ    ( 1997): Unsol response received; Sending ack to ril.cpp [SUB0]
03-15 13:42:22.758 D/RILJ    ( 1997): [UNSL]< MTK: RIL_UNSOL_EMBMS_AT_INFO %MBMSEV:4,6212000028E4
03-15 13:42:22.758 D/RILJ    ( 1997):  [SUB0]
03-15 13:42:22.758 D/RILJ    ( 1997): Notify mEmbmsAtInfoNotificationRegistrant [SUB0]
03-15 13:42:22.758 I/MtkEmbmsAdaptor( 1997): MSG_ID_EVENT_IND data: %MBMSEV:4,6212000028E4
03-15 13:42:22.758 E/MtkEmbmsAdaptor( 1997): sendCommand fail!! mAdaptorIoThread is null!
03-15 13:42:22.759 D/RILJ    ( 1997): [4882]< OPERATOR {, , } [SUB0]
03-15 13:42:22.759 I/AT      ( 1287): [0] AT< +COPS: 0 (RIL_CMD_RT_7, tid:496814314736)
03-15 13:42:22.759 I/AT      ( 1287): [0] AT< OK (RIL_CMD_RT_7, tid:496814314736)
03-15 13:42:22.760 I/AT      ( 1287): [0] AT> AT+EGREG? (RIL_CMD_RT_7, tid:496813274352)
03-15 13:42:22.760 D/RILJ    ( 1997): [4883]< QUERY_NETWORK_SELECTION_MODE {0} [SUB0]
03-15 13:42:22.760 D/MTKSST  ( 1997): [GsmSST0] EVENT_POLL_STATE_NETWORK_SELECTION_MODE
03-15 13:42:22.762 I/AT      ( 1287): [0] AT< +EGREG: 3,0,"0301","000028E4",2,0,0,0,0,14 (RIL_CMD_RT_7, tid:496814314736)
03-15 13:42:22.762 I/AT      ( 1287): [0] AT< OK (RIL_CMD_RT_7, tid:496814314736)
03-15 13:42:22.763 I/AT      ( 1287): [0] AT> AT+EREG? (RIL_CMD_RT_7, tid:496813274352)
03-15 13:42:22.763 D/agps-ril( 1287): [-1] [RtcAgpsNSlotController]onServiceStateChanged(0) cs_reg=12, cs_rat=0, ps_reg=0, ps_rat=0, iwlan_reg=0
03-15 13:42:22.764 D/RILJ    ( 1997): [4884]< DATA_REGISTRATION_STATE {.regState = NOT_REG_MT_NOT_SEARCHING_OP, .rat = 0, .reasonDataDenied = 14, .maxDataCalls = 1, .cellIdentity = {.cellInfoType = NONE, .cellIdentityGsm = [], .cellIdentityWcdma = [], .cellIdentityCdma = [], .cellIdentityLte = [], .cellIdentityTdscdma = []}} [SUB0]
03-15 13:42:22.764 D/NetworkRegistrationManager( 1997): onGetNetworkRegistrationStateComplete result 0 state NetworkRegistrationState{transportType=1 domain=PS regState=NOT_REG_NOT_SEARCHING accessNetworkTechnology=UNKNOWN reasonForDenial=14 emergencyEnabled=false supportedServices=null cellIdentity=null voiceSpecificStates=null dataSpecificStates=DataSpecificRegistrationStates { mMaxDataCalls=1}}
03-15 13:42:22.765 I/AT      ( 1287): [0] AT< +EREG: 3,3,"0301","000028E4",2,0,0,0,0 (RIL_CMD_RT_7, tid:496814314736)
03-15 13:42:22.765 I/AT      ( 1287): [0] AT< OK (RIL_CMD_RT_7, tid:496814314736)
03-15 13:42:22.765 I/AT      ( 1287): [0] AT> AT+VLOCINFO? (RIL_CMD_RT_7, tid:496813274352)
03-15 13:42:22.776 I/AT      ( 1287): [0] AT< +VLOCINFO:0,111,11,0,0,0,0,0,0x00000000000000000000000000000000,0x00 (RIL_CMD_RT_7, tid:496814314736)
03-15 13:42:22.776 I/AT      ( 1287): [0] AT< OK (RIL_CMD_RT_7, tid:496814314736)
03-15 13:42:22.778 D/agps-ril( 1287): [-1] [RtcAgpsNSlotController]onServiceStateChanged(0) cs_reg=13, cs_rat=0, ps_reg=0, ps_rat=0, iwlan_reg=0
03-15 13:42:22.778 D/RILJ    ( 1997): [4887]< VOICE_REGISTRATION_STATE {.regState = REG_DENIED_EM, .rat = 0, .cssSupported = false, .roamingIndicator = 0, .systemIsInPrl = -1, .defaultRoamingIndicator = 2, .reasonForDenial = 0, .cellIdentity = {.cellInfoType = NONE, .cellIdentityGsm = [], .cellIdentityWcdma = [], .cellIdentityCdma = [], .cellIdentityLte = [], .cellIdentityTdscdma = []}} [SUB0]
03-15 13:42:22.779 D/NetworkRegistrationManager( 1997): onGetNetworkRegistrationStateComplete result 0 state NetworkRegistrationState{transportType=1 domain=CS regState=DENIED accessNetworkTechnology=UNKNOWN reasonForDenial=0 emergencyEnabled=true supportedServices=[I@aa2f2bf cellIdentity=null voiceSpecificStates=VoiceSpecificRegistrationStates { mCssSupported=false mRoamingIndicator=0 mSystemIsInPrl=-1 mDefaultRoamingIndicator=2} dataSpecificStates=null}
03-15 13:42:22.779 D/MTKSST  ( 1997): [GsmSST0] Could not set ServiceState channel number. CellIdentity null
03-15 13:42:22.782 D/MTKSST  ( 1997): [GsmSST0] serviceMccmnc = ,simMccmnc = 62183
03-15 13:42:22.783 D/MTKSST  ( 1997): [GsmSST0] guix inSwitchingDss = false  mSimState = 5 PhoneId = 0
03-15 13:42:22.783 D/SubscriptionController( 1997): [getSubId]- numSubIds == 0, return DummySubIds slotIndex=1
03-15 13:42:22.786 I/chatty  ( 1997): uid=1001(radio) com.android.phone identical 3 lines
03-15 13:42:22.787 D/SubscriptionController( 1997): [getSubId]- numSubIds == 0, return DummySubIds slotIndex=1
03-15 13:42:22.788 I/AT      ( 1287): [0] AT< +EREG: 2,"0301","000028E4",2,0,0,0,0 (RIL_URC_READER, tid:496834221296)
03-15 13:42:22.788 D/MTKSST  ( 1997): [GsmSST0] ct simcard check:non-ct, need smooth 
03-15 13:42:22.788 D/MTKSST  ( 1997): [GsmSST0] oppoDelayOosState checkResult = 1,oldstate=1
03-15 13:42:22.790 I/AT      ( 1287): [0] AT< +EGREG: 2,"0301","000028E4",2,"00",0,0,0,0 (RIL_URC_READER, tid:496834221296)
03-15 13:42:22.791 I/RmcEmbmsReq( 1287): [0] postEpsNetworkUpdate urc=+EGREG: 2,"0301","000028E4",2,"00",0,0,0,0
03-15 13:42:22.791 I/AT      ( 1287): [0] AT> AT+EOPS? (RIL_CMD_READER_1, tid:496825898224)
03-15 13:42:22.791 D/RILJ    ( 1997): Unsol response received; Sending ack to ril.cpp [SUB0]
03-15 13:42:22.791 I/AT      ( 1287): [0] AT> AT+EOPS? (RIL_ATCI_READER, tid:496815355120)
03-15 13:42:22.791 D/RILJ    ( 1997): [UNSL]< UNSOL_RESPONSE_CS_NETWORK_STATE_CHANGED [SUB0]
03-15 13:42:22.791 I/RILC    ( 1287): try to getOpUnsolResponse from operator library
03-15 13:42:22.791 I/RilOpProxy( 1287): [getOpUnsolResponseInfo] dlopen failed in libmtk-rilop.so: (null)
03-15 13:42:22.791 E/RILC    ( 1287): unsupported unsolicited response code 0
03-15 13:42:22.791 D/MTKSST  ( 1997): [GsmSST0] onNetworkStateChangeResult state:2 lac:769 cid:10468 Act:16 cause:0
03-15 13:42:22.793 D/RILJ    ( 1997): Unsol response received; Sending ack to ril.cpp [SUB0]
03-15 13:42:22.793 D/RILJ    ( 1997): [UNSL]< UNSOL_RESPONSE_NETWORK_STATE_CHANGED [SUB0]
03-15 13:42:22.793 D/NetworkRegistrationManager( 1997): onNetworkStateChanged
03-15 13:42:22.793 D/MTKSST  ( 1997): [GsmSST0] pollState: modemTriggered=true, mPollingContext=0, RadioState=RADIO_ON
03-15 13:42:22.795 D/RILJ    ( 1997): [4891]> OPERATOR [SUB0]
03-15 13:42:22.795 D/NetworkRegistrationManager( 1997): getNetworkRegistrationState domain 2
03-15 13:42:22.795 D/NetworkRegistrationManager( 1997): getNetworkRegistrationState domain 1
03-15 13:42:22.795 I/AT      ( 1287): [0] AT< +EOPS: 0,2,"62120",1 (RIL_CMD_READER_1, tid:496826938608)
03-15 13:42:22.796 I/AT      ( 1287): [0] AT< OK (RIL_CMD_READER_1, tid:496826938608)
03-15 13:42:22.796 D/RILJ    ( 1997): [4892]> QUERY_NETWORK_SELECTION_MODE [SUB0]
03-15 13:42:22.797 I/AT      ( 1287): [0] AT> AT+EOPS? (RIL_CMD_RT_7, tid:496813274352)
03-15 13:42:22.797 I/AT      ( 1287): [0] AT< +ECSQ: 255,255,1,1,1,1,1,4096,32767,-1 (RIL_URC_READER, tid:496834221296)
03-15 13:42:22.797 I/AT      ( 1287): [0] AT< +EOPS: 0,2,"62120",1 (RIL_ATCI_READER, tid:496816395504)
03-15 13:42:22.798 I/AT      ( 1287): [0] AT< OK (RIL_ATCI_READER, tid:496816395504)
03-15 13:42:22.798 D/RILJ    ( 1997): [4893]> DATA_REGISTRATION_STATE [SUB0]
03-15 13:42:22.799 I/RtcEmbmsAt( 1287): [0] Handle URC RFX_MSG_URC_EMBMS_CELL_INFO_NOTIFICATION Slot 0 (DefaultDataSlot:0)
03-15 13:42:22.799 I/RtcEmbmsAt( 1287): [0] handleCellInfoUrc cell_id 28E4, status 0, plmn 62120
03-15 13:42:22.799 I/RtcEmbmsAt( 1287): [0] urcToSocket:+CEREG:0
03-15 13:42:22.799 D/RILJ    ( 1997): [4894]> VOICE_REGISTRATION_STATE [SUB0]
03-15 13:42:22.800 I/RtcEmbmsAt( 1287): [0] urcToSocket:%MBMSEV:4,6212000028E4
03-15 13:42:22.800 D/RILJ    ( 1997): Unsol response received; Sending ack to ril.cpp [SUB0]
03-15 13:42:22.800 D/RILJ    ( 1997): [UNSL]< UNSOL_RESPONSE_PS_NETWORK_STATE_CHANGED [SUB0]
03-15 13:42:22.800 D/MTKSST  ( 1997): [GsmSST0] onPsNetworkStateChangeResult, mPsRegState:1,newUrcState:1,info[0]:2,info[1]:62120,info[2]:2
03-15 13:42:22.801 D/RILJ    ( 1997): Unsol response received; Sending ack to ril.cpp [SUB0]
03-15 13:42:22.803 D/RILJ    ( 1997): [UNSL]< MTK: RIL_UNSOL_EMBMS_AT_INFO +CEREG:0
03-15 13:42:22.803 D/RILJ    ( 1997):  [SUB0]
03-15 13:42:22.803 D/RILJ    ( 1997): Notify mEmbmsAtInfoNotificationRegistrant [SUB0]
03-15 13:42:22.803 I/MtkEmbmsAdaptor( 1997): MSG_ID_EVENT_IND data: +CEREG:0
03-15 13:42:22.803 E/MtkEmbmsAdaptor( 1997): sendCommand fail!! mAdaptorIoThread is null!
03-15 13:42:22.804 D/RILJ    ( 1997): Unsol response received; Sending ack to ril.cpp [SUB0]
03-15 13:42:22.804 I/AT      ( 1287): [0] AT< +EOPS: 0,2,"62120",1 (RIL_CMD_RT_7, tid:496814314736)
03-15 13:42:22.804 I/AT      ( 1287): [0] AT< OK (RIL_CMD_RT_7, tid:496814314736)
03-15 13:42:22.805 D/RILJ    ( 1997): [UNSL]< MTK: RIL_UNSOL_EMBMS_AT_INFO %MBMSEV:4,6212000028E4
03-15 13:42:22.805 D/RILJ    ( 1997):  [SUB0]
03-15 13:42:22.805 I/AT      ( 1287): [0] AT> AT+COPS? (RIL_CMD_RT_7, tid:496813274352)
03-15 13:42:22.805 D/RILJ    ( 1997): Notify mEmbmsAtInfoNotificationRegistrant [SUB0]
03-15 13:42:22.805 I/MtkEmbmsAdaptor( 1997): MSG_ID_EVENT_IND data: %MBMSEV:4,6212000028E4
03-15 13:42:22.805 E/MtkEmbmsAdaptor( 1997): sendCommand fail!! mAdaptorIoThread is null!
03-15 13:42:22.805 D/RILJ    ( 1997): [4891]< OPERATOR {, , } [SUB0]
03-15 13:42:22.806 I/AT      ( 1287): [0] AT< +ECSQ: 99,99,1,1,1,1,1,2,32767,0 (RIL_URC_READER, tid:496834221296)
03-15 13:42:22.807 E/RmcNwHdlr( 1287): [0] Recevice an invalid <rssi> value from modem
03-15 13:42:22.807 I/AT      ( 1287): [0] AT< +COPS: 0 (RIL_CMD_RT_7, tid:496814314736)
03-15 13:42:22.807 I/AT      ( 1287): [0] AT< OK (RIL_CMD_RT_7, tid:496814314736)
03-15 13:42:22.807 I/AT      ( 1287): [0] AT> AT+EGREG? (RIL_CMD_RT_7, tid:496813274352)
03-15 13:42:22.808 D/RILJ    ( 1997): [4892]< QUERY_NETWORK_SELECTION_MODE {0} [SUB0]
03-15 13:42:22.808 D/MTKSST  ( 1997): [GsmSST0] EVENT_POLL_STATE_NETWORK_SELECTION_MODE
03-15 13:42:22.809 I/AT      ( 1287): [0] AT< +EGREG: 3,2,"0301","000028E4",2,0,0,0,0,0 (RIL_CMD_RT_7, tid:496814314736)
03-15 13:42:22.810 I/AT      ( 1287): [0] AT< OK (RIL_CMD_RT_7, tid:496814314736)
03-15 13:42:22.810 I/AT      ( 1287): [0] AT> AT+EREG? (RIL_CMD_RT_7, tid:496813274352)
03-15 13:42:22.810 D/agps-ril( 1287): [-1] [RtcAgpsNSlotController]onServiceStateChanged(0) cs_reg=13, cs_rat=0, ps_reg=2, ps_rat=0, iwlan_reg=0
03-15 13:42:22.811 D/RILJ    ( 1997): [4893]< DATA_REGISTRATION_STATE {.regState = NOT_REG_MT_SEARCHING_OP, .rat = 0, .reasonDataDenied = 0, .maxDataCalls = 1, .cellIdentity = {.cellInfoType = NONE, .cellIdentityGsm = [], .cellIdentityWcdma = [], .cellIdentityCdma = [], .cellIdentityLte = [], .cellIdentityTdscdma = []}} [SUB0]
03-15 13:42:22.811 D/NetworkRegistrationManager( 1997): onGetNetworkRegistrationStateComplete result 0 state NetworkRegistrationState{transportType=1 domain=PS regState=NOT_REG_SEARCHING accessNetworkTechnology=UNKNOWN reasonForDenial=0 emergencyEnabled=false supportedServices=null cellIdentity=null voiceSpecificStates=null dataSpecificStates=DataSpecificRegistrationStates { mMaxDataCalls=1}}
03-15 13:42:22.813 I/AT      ( 1287): [0] AT< +EREG: 3,2,"0301","000028E4",2,0,0,0,0 (RIL_CMD_RT_7, tid:496814314736)
03-15 13:42:22.814 I/AT      ( 1287): [0] AT< OK (RIL_CMD_RT_7, tid:496814314736)
03-15 13:42:22.814 I/AT      ( 1287): [0] AT> AT+VLOCINFO? (RIL_CMD_RT_7, tid:496813274352)
03-15 13:42:22.818 I/AT      ( 1287): [0] AT< +VLOCINFO:0,111,11,0,0,0,0,0,0x00000000000000000000000000000000,0x00 (RIL_CMD_RT_7, tid:496814314736)
03-15 13:42:22.818 I/AT      ( 1287): [0] AT< OK (RIL_CMD_RT_7, tid:496814314736)
03-15 13:42:22.819 D/agps-ril( 1287): [-1] [RtcAgpsNSlotController]onServiceStateChanged(0) cs_reg=12, cs_rat=0, ps_reg=2, ps_rat=0, iwlan_reg=0
03-15 13:42:22.820 D/RILJ    ( 1997): [4894]< VOICE_REGISTRATION_STATE {.regState = NOT_REG_MT_SEARCHING_OP_EM, .rat = 0, .cssSupported = false, .roamingIndicator = 0, .systemIsInPrl = -1, .defaultRoamingIndicator = 2, .reasonForDenial = 0, .cellIdentity = {.cellInfoType = NONE, .cellIdentityGsm = [], .cellIdentityWcdma = [], .cellIdentityCdma = [], .cellIdentityLte = [], .cellIdentityTdscdma = []}} [SUB0]
03-15 13:42:22.820 D/NetworkRegistrationManager( 1997): onGetNetworkRegistrationStateComplete result 0 state NetworkRegistrationState{transportType=1 domain=CS regState=NOT_REG_SEARCHING accessNetworkTechnology=UNKNOWN reasonForDenial=0 emergencyEnabled=true supportedServices=[I@f1b0db6 cellIdentity=null voiceSpecificStates=VoiceSpecificRegistrationStates { mCssSupported=false mRoamingIndicator=0 mSystemIsInPrl=-1 mDefaultRoamingIndicator=2} dataSpecificStates=null}
03-15 13:42:22.820 D/MTKSST  ( 1997): [GsmSST0] Could not set ServiceState channel number. CellIdentity null
03-15 13:42:22.823 D/MTKSST  ( 1997): [GsmSST0] serviceMccmnc = ,simMccmnc = 62183
03-15 13:42:22.824 D/MTKSST  ( 1997): [GsmSST0] guix inSwitchingDss = false  mSimState = 5 PhoneId = 0
03-15 13:42:22.824 D/SubscriptionController( 1997): [getSubId]- numSubIds == 0, return DummySubIds slotIndex=1
03-15 13:42:22.827 I/chatty  ( 1997): uid=1001(radio) com.android.phone identical 3 lines
03-15 13:42:22.828 D/SubscriptionController( 1997): [getSubId]- numSubIds == 0, return DummySubIds slotIndex=1
03-15 13:42:22.829 D/MTKSST  ( 1997): [GsmSST0] ct simcard check:non-ct, need smooth 
03-15 13:42:22.829 D/MTKSST  ( 1997): [GsmSST0] oppoDelayOosState checkResult = 1,oldstate=1
03-15 13:42:23.176 I/RilClient( 1287): initialize: commandFd is 0
03-15 13:42:23.176 I/RilClient( 1287): start listen on fd: 12, socket name: rild-oem
03-15 13:42:23.177 I/RmcOemHandler( 1287): requestQueryThermal Enter: -1
03-15 13:42:23.177 I/AT      ( 1287): [0] AT> AT+ETHERMAL (RIL_CMD_READER_1, tid:496825898224)
03-15 13:42:23.181 I/AT      ( 1287): [0] AT< +ETHERMAL: 1, 32767,,, 25652, 32767, -28533 (RIL_CMD_READER_1, tid:496826938608)
03-15 13:42:23.181 I/AT      ( 1287): [0] AT< OK (RIL_CMD_READER_1, tid:496826938608)
03-15 13:42:23.182 I/RmcOemHandler( 1287): requestQueryThermal success
03-15 13:42:23.182 D/RtcRilClientController( 1287): client 1001 handle requestComplete
03-15 13:42:23.183 I/AT      ( 1287): [0] AT< +ECSQ: 255,255,1,1,1,1,1,4096,32767,-1 (RIL_URC_READER, tid:496834221296)
03-15 13:42:33.190 I/RilClient( 1287): initialize: commandFd is 102
03-15 13:42:33.190 I/RilClient( 1287): start listen on fd: 12, socket name: rild-oem
03-15 13:42:33.192 I/RmcOemHandler( 1287): requestQueryThermal Enter: -1
03-15 13:42:33.192 I/AT      ( 1287): [0] AT> AT+ETHERMAL (RIL_CMD_READER_1, tid:496825898224)
03-15 13:42:33.196 I/AT      ( 1287): [0] AT< +ETHERMAL: 1, 32767,,, 25652, 32767, -28533 (RIL_CMD_READER_1, tid:496826938608)
03-15 13:42:33.196 I/AT      ( 1287): [0] AT< OK (RIL_CMD_READER_1, tid:496826938608)
03-15 13:42:33.196 I/RmcOemHandler( 1287): requestQueryThermal success
03-15 13:42:33.196 D/RtcRilClientController( 1287): client 1001 handle requestComplete
03-15 13:42:43.204 I/RilClient( 1287): initialize: commandFd is 0
03-15 13:42:43.204 I/RilClient( 1287): start listen on fd: 12, socket name: rild-oem
03-15 13:42:43.205 I/RmcOemHandler( 1287): requestQueryThermal Enter: -1
03-15 13:42:43.205 I/AT      ( 1287): [0] AT> AT+ETHERMAL (RIL_CMD_READER_1, tid:496825898224)
03-15 13:42:43.209 I/AT      ( 1287): [0] AT< +ETHERMAL: 1, 32767,,, 25652, 32767, -28533 (RIL_CMD_READER_1, tid:496826938608)
03-15 13:42:43.209 I/AT      ( 1287): [0] AT< OK (RIL_CMD_READER_1, tid:496826938608)
03-15 13:42:43.209 I/RmcOemHandler( 1287): requestQueryThermal success
03-15 13:42:43.210 D/RtcRilClientController( 1287): client 1001 handle requestComplete
03-15 13:42:50.338 I/AT      ( 1287): [0] AT< +ECSQ: 99,99,1,1,1,1,1,2,32767,0 (RIL_URC_READER, tid:496834221296)
03-15 13:42:50.339 E/RmcNwHdlr( 1287): [0] Recevice an invalid <rssi> value from modem
03-15 13:42:52.380 E/RPC     (  861): entry g_lowpower_mode
03-15 13:42:53.217 I/RilClient( 1287): initialize: commandFd is 102
03-15 13:42:53.218 I/RilClient( 1287): start listen on fd: 12, socket name: rild-oem
03-15 13:42:53.219 I/RmcOemHandler( 1287): requestQueryThermal Enter: -1
03-15 13:42:53.219 I/AT      ( 1287): [0] AT> AT+ETHERMAL (RIL_CMD_READER_1, tid:496825898224)
03-15 13:42:53.223 I/AT      ( 1287): [0] AT< +ETHERMAL: 1, 32767,,, 25652, 32767, -28533 (RIL_CMD_READER_1, tid:496826938608)
03-15 13:42:53.223 I/AT      ( 1287): [0] AT< OK (RIL_CMD_READER_1, tid:496826938608)
03-15 13:42:53.223 I/RmcOemHandler( 1287): requestQueryThermal success
03-15 13:42:53.224 D/RtcRilClientController( 1287): client 1001 handle requestComplete
03-15 13:43:03.232 I/RilClient( 1287): initialize: commandFd is 0
03-15 13:43:03.232 I/RilClient( 1287): start listen on fd: 12, socket name: rild-oem
03-15 13:43:03.233 I/RmcOemHandler( 1287): requestQueryThermal Enter: -1
03-15 13:43:03.233 I/AT      ( 1287): [0] AT> AT+ETHERMAL (RIL_CMD_READER_1, tid:496825898224)
03-15 13:43:03.237 I/AT      ( 1287): [0] AT< +ETHERMAL: 1, 32767,,, 25652, 32767, -28533 (RIL_CMD_READER_1, tid:496826938608)
03-15 13:43:03.237 I/AT      ( 1287): [0] AT< OK (RIL_CMD_READER_1, tid:496826938608)
03-15 13:43:03.237 I/RmcOemHandler( 1287): requestQueryThermal success
03-15 13:43:03.238 D/RtcRilClientController( 1287): client 1001 handle requestComplete
03-15 13:43:05.043 I/AT      ( 1287): [0] AT< +ECSQ: 255,255,1,1,1,1,1,4096,32767,-1 (RIL_URC_READER, tid:496834221296)
03-15 13:43:06.386 D/MTKSST  ( 1997): [GsmSST0] pollState: modemTriggered=false, mPollingContext=0, RadioState=RADIO_ON
03-15 13:43:06.388 D/RILJ    ( 1997): [4898]> OPERATOR [SUB0]
03-15 13:43:06.389 D/NetworkRegistrationManager( 1997): getNetworkRegistrationState domain 2
03-15 13:43:06.389 D/NetworkRegistrationManager( 1997): getNetworkRegistrationState domain 1
03-15 13:43:06.390 D/RILJ    ( 1997): [4899]> QUERY_NETWORK_SELECTION_MODE [SUB0]
03-15 13:43:06.390 D/RILJ    ( 1997): [4900]> DATA_REGISTRATION_STATE [SUB0]
03-15 13:43:06.390 I/AT      ( 1287): [0] AT> AT+EOPS? (RIL_CMD_RT_7, tid:496813274352)
03-15 13:43:06.392 D/RILJ    ( 1997): [4901]> VOICE_REGISTRATION_STATE [SUB0]
03-15 13:43:06.394 I/AT      ( 1287): [0] AT< +EOPS: 0,2,"62120",1 (RIL_CMD_RT_7, tid:496814314736)
03-15 13:43:06.394 I/AT      ( 1287): [0] AT< OK (RIL_CMD_RT_7, tid:496814314736)
03-15 13:43:06.394 I/AT      ( 1287): [0] AT> AT+COPS? (RIL_CMD_RT_7, tid:496813274352)
03-15 13:43:06.395 D/RILJ    ( 1997): [4898]< OPERATOR {, , } [SUB0]
03-15 13:43:06.398 I/AT      ( 1287): [0] AT< +COPS: 0 (RIL_CMD_RT_7, tid:496814314736)
03-15 13:43:06.398 I/AT      ( 1287): [0] AT< OK (RIL_CMD_RT_7, tid:496814314736)
03-15 13:43:06.398 I/AT      ( 1287): [0] AT> AT+EGREG? (RIL_CMD_RT_7, tid:496813274352)
03-15 13:43:06.399 D/RILJ    ( 1997): [4899]< QUERY_NETWORK_SELECTION_MODE {0} [SUB0]
03-15 13:43:06.399 D/MTKSST  ( 1997): [GsmSST0] EVENT_POLL_STATE_NETWORK_SELECTION_MODE
03-15 13:43:06.401 I/AT      ( 1287): [0] AT< +EGREG: 3,2,"0301","000028E4",2,0,0,0,0,0 (RIL_CMD_RT_7, tid:496814314736)
03-15 13:43:06.401 I/AT      ( 1287): [0] AT< OK (RIL_CMD_RT_7, tid:496814314736)
03-15 13:43:06.402 I/AT      ( 1287): [0] AT> AT+EREG? (RIL_CMD_RT_7, tid:496813274352)
03-15 13:43:06.403 D/RILJ    ( 1997): [4900]< DATA_REGISTRATION_STATE {.regState = NOT_REG_MT_SEARCHING_OP, .rat = 0, .reasonDataDenied = 0, .maxDataCalls = 1, .cellIdentity = {.cellInfoType = NONE, .cellIdentityGsm = [], .cellIdentityWcdma = [], .cellIdentityCdma = [], .cellIdentityLte = [], .cellIdentityTdscdma = []}} [SUB0]
03-15 13:43:06.403 D/NetworkRegistrationManager( 1997): onGetNetworkRegistrationStateComplete result 0 state NetworkRegistrationState{transportType=1 domain=PS regState=NOT_REG_SEARCHING accessNetworkTechnology=UNKNOWN reasonForDenial=0 emergencyEnabled=false supportedServices=null cellIdentity=null voiceSpecificStates=null dataSpecificStates=DataSpecificRegistrationStates { mMaxDataCalls=1}}
03-15 13:43:06.406 I/AT      ( 1287): [0] AT< +EREG: 3,2,"0301","000028E4",2,0,0,0,0 (RIL_CMD_RT_7, tid:496814314736)
03-15 13:43:06.406 I/AT      ( 1287): [0] AT< OK (RIL_CMD_RT_7, tid:496814314736)
03-15 13:43:06.407 I/AT      ( 1287): [0] AT> AT+VLOCINFO? (RIL_CMD_RT_7, tid:496813274352)
03-15 13:43:06.413 I/AT      ( 1287): [0] AT< +VLOCINFO:0,111,11,0,0,0,0,0,0x00000000000000000000000000000000,0x00 (RIL_CMD_RT_7, tid:496814314736)
03-15 13:43:06.413 I/AT      ( 1287): [0] AT< OK (RIL_CMD_RT_7, tid:496814314736)
03-15 13:43:06.415 D/RILJ    ( 1997): [4901]< VOICE_REGISTRATION_STATE {.regState = NOT_REG_MT_SEARCHING_OP_EM, .rat = 0, .cssSupported = false, .roamingIndicator = 0, .systemIsInPrl = -1, .defaultRoamingIndicator = 2, .reasonForDenial = 0, .cellIdentity = {.cellInfoType = NONE, .cellIdentityGsm = [], .cellIdentityWcdma = [], .cellIdentityCdma = [], .cellIdentityLte = [], .cellIdentityTdscdma = []}} [SUB0]
03-15 13:43:06.416 D/NetworkRegistrationManager( 1997): onGetNetworkRegistrationStateComplete result 0 state NetworkRegistrationState{transportType=1 domain=CS regState=NOT_REG_SEARCHING accessNetworkTechnology=UNKNOWN reasonForDenial=0 emergencyEnabled=true supportedServices=[I@46e0b53 cellIdentity=null voiceSpecificStates=VoiceSpecificRegistrationStates { mCssSupported=false mRoamingIndicator=0 mSystemIsInPrl=-1 mDefaultRoamingIndicator=2} dataSpecificStates=null}
03-15 13:43:06.416 D/MTKSST  ( 1997): [GsmSST0] Could not set ServiceState channel number. CellIdentity null
03-15 13:43:06.418 D/MTKSST  ( 1997): [GsmSST0] serviceMccmnc = ,simMccmnc = 62183
03-15 13:43:06.420 D/MTKSST  ( 1997): [GsmSST0] guix inSwitchingDss = false  mSimState = 5 PhoneId = 0
03-15 13:43:06.420 D/SubscriptionController( 1997): [getSubId]- numSubIds == 0, return DummySubIds slotIndex=1
03-15 13:43:06.423 I/chatty  ( 1997): uid=1001(radio) com.android.phone identical 3 lines
03-15 13:43:06.424 D/SubscriptionController( 1997): [getSubId]- numSubIds == 0, return DummySubIds slotIndex=1
03-15 13:43:06.425 D/MTKSST  ( 1997): [GsmSST0] ct simcard check:non-ct, need smooth 
03-15 13:43:06.425 D/MTKSST  ( 1997): [GsmSST0] oppoDelayOosState currentTime: 1773578586420  OosStartTime:1773578541376
03-15 13:43:06.425 D/MTKSST  ( 1997): [GsmSST0] oppoDelayOosState checkResult = 2,oldstate=1
03-15 13:43:06.425 D/MTKSST  ( 1997): [GsmSST0] key_log:OOS_DELAY_TIMEOUT
03-15 13:43:06.425 D/MTKSST  ( 1997): [GsmSST0] key_log:try
03-15 13:43:06.430 D/MTKSST  ( 1997): [GsmSST0] key_log:1 Out of service event Write log, return: = 1
03-15 13:43:06.433 D/MtkRILJ ( 1997): subId=2 numeric= desireLongName=true nLac=-1
03-15 13:43:06.433 D/MtkRILJ ( 1997): invalid lac, set 0
03-15 13:43:06.434 D/MtkRILJ ( 1997): plmn name update to MVNO: 
03-15 13:43:06.434 D/MtkRILJ ( 1997): subId=2 numeric= desireLongName=false nLac=-1
03-15 13:43:06.434 D/MtkRILJ ( 1997): invalid lac, set 0
03-15 13:43:06.436 D/MtkRILJ ( 1997): plmn name update to MVNO: 
03-15 13:43:06.436 D/MTKSST  ( 1997): [GsmSST0] refreshSpn: , , fromPollState=true, mForceBroadcastServiceState=false
03-15 13:43:06.436 D/MTKSST  ( 1997): [GsmSST0] Poll ServiceState done:  oldSS=[{mVoiceRegState=1(OUT_OF_SERVICE), mDataRegState=1(OUT_OF_SERVICE), mChannelNumber=-1, duplexMode()=0, mCellBandwidths=[], mVoiceRoamingType=home, mDataRoamingType=home, mVoiceOperatorAlphaLong=, mVoiceOperatorAlphaShort=, mDataOperatorAlphaLong=, mDataOperatorAlphaShort=, isManualNetworkSelection=false(automatic), mRilVoiceRadioTechnology=0(Unknown), mRilDataRadioTechnology=0(Unknown), mCssIndicator=unsupported, mNetworkId=-1, mSystemId=-1, mCdmaRoamingIndicator=-1, mCdmaDefaultRoamingIndicator=-1, mIsEmergencyOnly=true, mIsDataRoamingFromRegistration=false, mIsUsingCarrierAggregation=false, mLteEarfcnRsrpBoost=0, mNetworkRegistrationStates=[NetworkRegistrationState{transportType=1 domain=PS regState=NOT_REG_SEARCHING accessNetworkTechnology=UNKNOWN reasonForDenial=0 emergencyEnabled=false supportedServices=null cellIdentity=null voiceSpecificStates=null dataSpecificStates=DataSpecificRegistrationStates { mMaxDataCalls=1}}, NetworkRegistrationState{transportType=1 domain=CS regState=NOT_REG_SEARCHING accessNetworkTechnology=UNKNOWN reasonForDenial=0 emergencyEnabled=true supportedServices=[I@7c4a2a9 cellIdentity=null voiceSpecificStates=VoiceSpecificRegistrationStates { mCssSupported=false mRoamingIndicator=0 mSystemIsInPrl=-1 mDefaultRoamingIndicator=2} dataSpecificStates=null}], Ril Voice Regist state=2, Ril Data Regist state=2, mProprietaryDataRadioTechnology=0, VoiceRejectCause=-1, DataRejectCause=-1, IwlanRegState=1, CellularVoiceRegState=1, CellularDataRegState=1, RilCellularDataRegState=2, CellularDataRoamingType=0, RilCellularDataRadioTechnology=0, IsUsingCellularCarrierAggregation=false}] newSS=[{mVoiceRegState=1(OUT_OF_SERVICE), mDataRegState=1(OUT_OF_SERVICE), mChannelNumber=-1, duplexMode()=0, mCellBandwidths=[], mVoiceRoamingType=home, mDataRoamingType=home, mVoiceOperatorAlphaLong=, mVoiceOperatorAlphaShort=, mDataOperatorAlphaLong=, mDataOperatorAlphaShort=, isManualNetworkSelection=false(automatic), mRilVoiceRadioTechnology=0(Unknown), mRilDataRadioTechnology=0(Unknown), mCssIndicator=unsupported, mNetworkId=-1, mSystemId=-1, mCdmaRoamingIndicator=-1, mCdmaDefaultRoamingIndicator=-1, mIsEmergencyOnly=true, mIsDataRoamingFromRegistration=false, mIsUsingCarrierAggregation=false, mLteEarfcnRsrpBoost=0, mNetworkRegistrationStates=[NetworkRegistrationState{transportType=1 domain=PS regState=NOT_REG_SEARCHING accessNetworkTechnology=UNKNOWN reasonForDenial=0 emergencyEnabled=false supportedServices=null cellIdentity=null voiceSpecificStates=null dataSpecificStates=DataSpecificRegistrationStates { mMaxDataCalls=1}}, NetworkRegistrationState{transportType=1 domain=CS regState=NOT_REG_SEARCHING accessNetworkTechnology=UNKNOWN reasonForDenial=0 emergencyEnabled=true supportedServices=[I@46e0b53 cellIdentity=null voiceSpecificStates=VoiceSpecificRegistrationStates { mCssSupported=false mRoamingIndicator=0 mSystemIsInPrl=-1 mDefaultRoamingIndicator=2} dataSpecificStates=null}], Ril Voice Regist state=2, Ril Data Regist state=2, mProprietaryDataRadioTechnology=0, VoiceRejectCause=-1, DataRejectCause=-1, IwlanRegState=1, CellularVoiceRegState=1, CellularDataRegState=1, RilCellularDataRegState=2, CellularDataRoamingType=0, RilCellularDataRadioTechnology=0, IsUsingCellularCarrierAggregation=false}] oldMaxDataCalls=1 mNewMaxDataCalls=1 oldReasonDataDenied=0 mNewReasonDataDenied=0 isImsEccOnly= false
03-15 13:43:06.436 D/MTKSST  ( 1997): [GsmSST0] romFeature = allnet
03-15 13:43:06.436 D/MTKSST  ( 1997): [GsmSST0] pollStateDone: hasRegistered=false hasDeregistered=false hasDataAttached=false hasDataDetached=false hasDataRegStateChanged=false hasRilVoiceRadioTechnologyChanged= false hasRilDataRadioTechnologyChanged=false hasChanged=false hasVoiceRoamingOn=false hasVoiceRoamingOff=false hasDataRoamingOn=false hasDataRoamingOff=false hasLocationChanged=false has4gHandoff = false hasMultiApnSupport=false hasLostMultiApnSupport=false hasCssIndicatorChanged=false hasVoiceRoamingTypeChange=false hasDataRoamingTypeChange=false
03-15 13:43:06.751 E/RPC     (  861): entry g_lowpower_mode
03-15 13:43:13.245 I/RilClient( 1287): initialize: commandFd is 102
03-15 13:43:13.246 I/RilClient( 1287): start listen on fd: 12, socket name: rild-oem
03-15 13:43:13.247 I/RmcOemHandler( 1287): requestQueryThermal Enter: -1
03-15 13:43:13.247 I/AT      ( 1287): [0] AT> AT+ETHERMAL (RIL_CMD_READER_1, tid:496825898224)
03-15 13:43:13.250 I/AT      ( 1287): [0] AT< +ETHERMAL: 1, 32767,,, 25652, 32767, -28533 (RIL_CMD_READER_1, tid:496826938608)
03-15 13:43:13.250 I/AT      ( 1287): [0] AT< OK (RIL_CMD_READER_1, tid:496826938608)
03-15 13:43:13.251 I/RmcOemHandler( 1287): requestQueryThermal success
03-15 13:43:13.251 D/RtcRilClientController( 1287): client 1001 handle requestComplete
03-15 13:43:19.169 I/AT      ( 1287): [0] AT< +ECSQ: 99,99,1,1,1,1,1,2,32767,0 (RIL_URC_READER, tid:496834221296)
03-15 13:43:19.169 E/RmcNwHdlr( 1287): [0] Recevice an invalid <rssi> value from modem
03-15 13:43:23.258 I/RilClient( 1287): initialize: commandFd is 0
03-15 13:43:23.259 I/RilClient( 1287): start listen on fd: 12, socket name: rild-oem
03-15 13:43:23.260 I/RmcOemHandler( 1287): requestQueryThermal Enter: -1
03-15 13:43:23.260 I/AT      ( 1287): [0] AT> AT+ETHERMAL (RIL_CMD_READER_1, tid:496825898224)
03-15 13:43:23.270 I/AT      ( 1287): [0] AT< +ETHERMAL: 1, 32767,,, 25652, 32767, -28533 (RIL_CMD_READER_1, tid:496826938608)
03-15 13:43:23.271 I/AT      ( 1287): [0] AT< OK (RIL_CMD_READER_1, tid:496826938608)
03-15 13:43:23.271 I/RmcOemHandler( 1287): requestQueryThermal success
03-15 13:43:23.272 D/RtcRilClientController( 1287): client 1001 handle requestComplete
03-15 13:43:33.280 I/RilClient( 1287): initialize: commandFd is 102
03-15 13:43:33.280 I/RilClient( 1287): start listen on fd: 12, socket name: rild-oem
03-15 13:43:33.281 I/RmcOemHandler( 1287): requestQueryThermal Enter: -1
03-15 13:43:33.281 I/AT      ( 1287): [0] AT> AT+ETHERMAL (RIL_CMD_READER_1, tid:496825898224)
03-15 13:43:33.290 I/AT      ( 1287): [0] AT< +ETHERMAL: 1, 32767,,, 25652, 32767, -28533 (RIL_CMD_READER_1, tid:496826938608)
03-15 13:43:33.290 I/AT      ( 1287): [0] AT< OK (RIL_CMD_READER_1, tid:496826938608)
03-15 13:43:33.291 I/RmcOemHandler( 1287): requestQueryThermal success
03-15 13:43:33.291 D/RtcRilClientController( 1287): client 1001 handle requestComplete
03-15 13:43:37.359 I/AT      ( 1287): [0] AT< +ECSQ: 53,99,-232,1,1,1,1,2,32767,2 (RIL_URC_READER, tid:496834221296)
03-15 13:43:37.359 I/AT      ( 1287): [0] AT< +EREG: 3,"0301","000028E4",2,0,0,0,0 (RIL_URC_READER, tid:496834221296)
03-15 13:43:37.360 I/AT      ( 1287): [0] AT< +EGREG: 0,"0301","000028E4",2,"00",0,0,0,14 (RIL_URC_READER, tid:496834221296)
03-15 13:43:37.363 I/AT      ( 1287): [0] AT> AT+EOPS? (RIL_CMD_READER_1, tid:496825898224)
03-15 13:43:37.363 I/RmcEmbmsReq( 1287): [0] postEpsNetworkUpdate urc=+EGREG: 0,"0301","000028E4",2,"00",0,0,0,14
03-15 13:43:37.363 I/AT      ( 1287): [0] AT> AT+EOPS? (RIL_ATCI_READER, tid:496815355120)
03-15 13:43:37.363 I/RILC    ( 1287): try to getOpUnsolResponse from operator library
03-15 13:43:37.363 I/RilOpProxy( 1287): [getOpUnsolResponseInfo] dlopen failed in libmtk-rilop.so: (null)
03-15 13:43:37.363 E/RILC    ( 1287): unsupported unsolicited response code 0
03-15 13:43:37.364 D/RILJ    ( 1997): Unsol response received; Sending ack to ril.cpp [SUB0]
03-15 13:43:37.364 D/RILJ    ( 1997): [UNSL]< UNSOL_RESPONSE_CS_NETWORK_STATE_CHANGED [SUB0]
03-15 13:43:37.365 D/MTKSST  ( 1997): [GsmSST0] onNetworkStateChangeResult state:3 lac:769 cid:10468 Act:16 cause:0
03-15 13:43:37.366 D/RILJ    ( 1997): Unsol response received; Sending ack to ril.cpp [SUB0]
03-15 13:43:37.366 D/RILJ    ( 1997): [UNSL]< UNSOL_RESPONSE_NETWORK_STATE_CHANGED [SUB0]
03-15 13:43:37.366 D/NetworkRegistrationManager( 1997): onNetworkStateChanged
03-15 13:43:37.366 D/MTKSST  ( 1997): [GsmSST0] pollState: modemTriggered=true, mPollingContext=0, RadioState=RADIO_ON
03-15 13:43:37.367 I/AT      ( 1287): [0] AT< +EOPS: 0,2,"62120",1 (RIL_ATCI_READER, tid:496816395504)
03-15 13:43:37.367 I/AT      ( 1287): [0] AT< OK (RIL_ATCI_READER, tid:496816395504)
03-15 13:43:37.367 I/AT      ( 1287): [0] AT< +EOPS: 0,2,"62120",1 (RIL_CMD_READER_1, tid:496826938608)
03-15 13:43:37.367 I/AT      ( 1287): [0] AT< OK (RIL_CMD_READER_1, tid:496826938608)
03-15 13:43:37.368 I/RtcEmbmsAt( 1287): [0] Handle URC RFX_MSG_URC_EMBMS_CELL_INFO_NOTIFICATION Slot 0 (DefaultDataSlot:0)
03-15 13:43:37.368 I/RtcEmbmsAt( 1287): [0] handleCellInfoUrc cell_id 28E4, status 0, plmn 62120
03-15 13:43:37.368 I/RtcEmbmsAt( 1287): [0] urcToSocket:+CEREG:0
03-15 13:43:37.368 D/RILJ    ( 1997): [4904]> OPERATOR [SUB0]
03-15 13:43:37.368 I/RtcEmbmsAt( 1287): [0] urcToSocket:%MBMSEV:4,6212000028E4
03-15 13:43:37.368 D/NetworkRegistrationManager( 1997): getNetworkRegistrationState domain 2
03-15 13:43:37.369 D/NetworkRegistrationManager( 1997): getNetworkRegistrationState domain 1
03-15 13:43:37.370 I/AT      ( 1287): [0] AT> AT+EOPS? (RIL_CMD_RT_7, tid:496813274352)
03-15 13:43:37.370 D/RILJ    ( 1997): [4905]> DATA_REGISTRATION_STATE [SUB0]
03-15 13:43:37.370 D/RILJ    ( 1997): Unsol response received; Sending ack to ril.cpp [SUB0]
03-15 13:43:37.371 D/RILJ    ( 1997): [4906]> QUERY_NETWORK_SELECTION_MODE [SUB0]
03-15 13:43:37.371 D/RILJ    ( 1997): [UNSL]< MTK: RIL_UNSOL_EMBMS_AT_INFO +CEREG:0
03-15 13:43:37.371 D/RILJ    ( 1997):  [SUB0]
03-15 13:43:37.372 D/RILJ    ( 1997): Notify mEmbmsAtInfoNotificationRegistrant [SUB0]
03-15 13:43:37.372 I/MtkEmbmsAdaptor( 1997): MSG_ID_EVENT_IND data: +CEREG:0
03-15 13:43:37.372 E/MtkEmbmsAdaptor( 1997): sendCommand fail!! mAdaptorIoThread is null!
03-15 13:43:37.372 D/RILJ    ( 1997): [4908]> VOICE_REGISTRATION_STATE [SUB0]
03-15 13:43:37.373 D/RILJ    ( 1997): Unsol response received; Sending ack to ril.cpp [SUB0]
03-15 13:43:37.374 D/RILJ    ( 1997): [UNSL]< MTK: RIL_UNSOL_EMBMS_AT_INFO %MBMSEV:4,6212000028E4
03-15 13:43:37.374 D/RILJ    ( 1997):  [SUB0]
03-15 13:43:37.374 D/RILJ    ( 1997): Notify mEmbmsAtInfoNotificationRegistrant [SUB0]
03-15 13:43:37.374 I/MtkEmbmsAdaptor( 1997): MSG_ID_EVENT_IND data: %MBMSEV:4,6212000028E4
03-15 13:43:37.374 E/MtkEmbmsAdaptor( 1997): sendCommand fail!! mAdaptorIoThread is null!
03-15 13:43:37.375 D/RILJ    ( 1997): Unsol response received; Sending ack to ril.cpp [SUB0]
03-15 13:43:37.375 D/RILJ    ( 1997): [UNSL]< UNSOL_RESPONSE_PS_NETWORK_STATE_CHANGED [SUB0]
03-15 13:43:37.376 D/MTKSST  ( 1997): [GsmSST0] onPsNetworkStateChangeResult, mPsRegState:1,newUrcState:1,info[0]:0,info[1]:62120,info[2]:2
03-15 13:43:37.378 I/AT      ( 1287): [0] AT< +EOPS: 0,2,"62120",1 (RIL_CMD_RT_7, tid:496814314736)
03-15 13:43:37.379 I/AT      ( 1287): [0] AT< OK (RIL_CMD_RT_7, tid:496814314736)
03-15 13:43:37.379 I/AT      ( 1287): [0] AT> AT+EGREG? (RIL_CMD_RT_7, tid:496813274352)
03-15 13:43:37.380 D/RILJ    ( 1997): [4904]< OPERATOR {, , } [SUB0]
03-15 13:43:37.383 I/AT      ( 1287): [0] AT< +EGREG: 3,0,"0301","000028E4",2,0,0,0,0,14 (RIL_CMD_RT_7, tid:496814314736)
03-15 13:43:37.383 I/AT      ( 1287): [0] AT< OK (RIL_CMD_RT_7, tid:496814314736)
03-15 13:43:37.384 I/AT      ( 1287): [0] AT> AT+COPS? (RIL_CMD_RT_7, tid:496813274352)
03-15 13:43:37.384 D/agps-ril( 1287): [-1] [RtcAgpsNSlotController]onServiceStateChanged(0) cs_reg=12, cs_rat=0, ps_reg=0, ps_rat=0, iwlan_reg=0
03-15 13:43:37.385 D/RILJ    ( 1997): [4905]< DATA_REGISTRATION_STATE {.regState = NOT_REG_MT_NOT_SEARCHING_OP, .rat = 0, .reasonDataDenied = 14, .maxDataCalls = 1, .cellIdentity = {.cellInfoType = NONE, .cellIdentityGsm = [], .cellIdentityWcdma = [], .cellIdentityCdma = [], .cellIdentityLte = [], .cellIdentityTdscdma = []}} [SUB0]
03-15 13:43:37.385 D/NetworkRegistrationManager( 1997): onGetNetworkRegistrationStateComplete result 0 state NetworkRegistrationState{transportType=1 domain=PS regState=NOT_REG_NOT_SEARCHING accessNetworkTechnology=UNKNOWN reasonForDenial=14 emergencyEnabled=false supportedServices=null cellIdentity=null voiceSpecificStates=null dataSpecificStates=DataSpecificRegistrationStates { mMaxDataCalls=1}}
03-15 13:43:37.386 I/AT      ( 1287): [0] AT< +COPS: 0 (RIL_CMD_RT_7, tid:496814314736)
03-15 13:43:37.386 I/AT      ( 1287): [0] AT< OK (RIL_CMD_RT_7, tid:496814314736)
03-15 13:43:37.387 I/AT      ( 1287): [0] AT> AT+EREG? (RIL_CMD_RT_7, tid:496813274352)
03-15 13:43:37.388 D/RILJ    ( 1997): [4906]< QUERY_NETWORK_SELECTION_MODE {0} [SUB0]
03-15 13:43:37.388 D/MTKSST  ( 1997): [GsmSST0] EVENT_POLL_STATE_NETWORK_SELECTION_MODE
03-15 13:43:37.389 I/AT      ( 1287): [0] AT< +EREG: 3,3,"0301","000028E4",2,0,0,0,0 (RIL_CMD_RT_7, tid:496814314736)
03-15 13:43:37.389 I/AT      ( 1287): [0] AT< OK (RIL_CMD_RT_7, tid:496814314736)
03-15 13:43:37.390 I/AT      ( 1287): [0] AT> AT+VLOCINFO? (RIL_CMD_RT_7, tid:496813274352)
03-15 13:43:37.393 I/AT      ( 1287): [0] AT< +VLOCINFO:0,111,11,0,0,0,0,0,0x00000000000000000000000000000000,0x00 (RIL_CMD_RT_7, tid:496814314736)
03-15 13:43:37.393 I/AT      ( 1287): [0] AT< OK (RIL_CMD_RT_7, tid:496814314736)
03-15 13:43:37.394 D/agps-ril( 1287): [-1] [RtcAgpsNSlotController]onServiceStateChanged(0) cs_reg=13, cs_rat=0, ps_reg=0, ps_rat=0, iwlan_reg=0
03-15 13:43:37.394 D/RILJ    ( 1997): [4908]< VOICE_REGISTRATION_STATE {.regState = REG_DENIED_EM, .rat = 0, .cssSupported = false, .roamingIndicator = 0, .systemIsInPrl = -1, .defaultRoamingIndicator = 2, .reasonForDenial = 0, .cellIdentity = {.cellInfoType = NONE, .cellIdentityGsm = [], .cellIdentityWcdma = [], .cellIdentityCdma = [], .cellIdentityLte = [], .cellIdentityTdscdma = []}} [SUB0]
03-15 13:43:37.395 D/NetworkRegistrationManager( 1997): onGetNetworkRegistrationStateComplete result 0 state NetworkRegistrationState{transportType=1 domain=CS regState=DENIED accessNetworkTechnology=UNKNOWN reasonForDenial=0 emergencyEnabled=true supportedServices=[I@7a91da8 cellIdentity=null voiceSpecificStates=VoiceSpecificRegistrationStates { mCssSupported=false mRoamingIndicator=0 mSystemIsInPrl=-1 mDefaultRoamingIndicator=2} dataSpecificStates=null}
03-15 13:43:37.395 D/MTKSST  ( 1997): [GsmSST0] Could not set ServiceState channel number. CellIdentity null
03-15 13:43:37.397 D/MTKSST  ( 1997): [GsmSST0] serviceMccmnc = ,simMccmnc = 62183
03-15 13:43:37.399 D/MTKSST  ( 1997): [GsmSST0] guix inSwitchingDss = false  mSimState = 5 PhoneId = 0
03-15 13:43:37.399 D/SubscriptionController( 1997): [getSubId]- numSubIds == 0, return DummySubIds slotIndex=1
03-15 13:43:37.402 I/chatty  ( 1997): uid=1001(radio) com.android.phone identical 3 lines
03-15 13:43:37.403 D/SubscriptionController( 1997): [getSubId]- numSubIds == 0, return DummySubIds slotIndex=1
03-15 13:43:37.404 D/MTKSST  ( 1997): [GsmSST0] ct simcard check:non-ct, need smooth 
03-15 13:43:37.404 D/MTKSST  ( 1997): [GsmSST0] oppoOosDelayState send OPPOEVENT_CHECK_NO_SERVICE
03-15 13:43:37.404 D/MTKSST  ( 1997): [GsmSST0] ==getOosReportTimeBySS regRat=0delay=45000
03-15 13:43:37.404 D/MTKSST  ( 1997): [GsmSST0] oppoDelayOosState checkResult = 1,oldstate=2
03-15 13:43:43.299 I/RilClient( 1287): initialize: commandFd is 0
03-15 13:43:43.300 I/RilClient( 1287): start listen on fd: 12, socket name: rild-oem
03-15 13:43:43.301 I/RmcOemHandler( 1287): requestQueryThermal Enter: -1
03-15 13:43:43.301 I/AT      ( 1287): [0] AT> AT+ETHERMAL (RIL_CMD_READER_1, tid:496825898224)
03-15 13:43:43.310 I/AT      ( 1287): [0] AT< +ETHERMAL: 1, 32767,,, 25652, 32767, -28533 (RIL_CMD_READER_1, tid:496826938608)
03-15 13:43:43.310 I/AT      ( 1287): [0] AT< OK (RIL_CMD_READER_1, tid:496826938608)
03-15 13:43:43.310 I/RmcOemHandler( 1287): requestQueryThermal success
03-15 13:43:43.311 D/RtcRilClientController( 1287): client 1001 handle requestComplete
03-15 13:43:44.996 I/AT      ( 1287): [0] AT< +ECSQ: 51,99,-239,1,1,1,1,2,32767,2 (RIL_URC_READER, tid:496834221296)
03-15 13:43:50.640 I/AT      ( 1287): [0] AT< +ECSQ: 49,99,-247,1,1,1,1,2,32767,2 (RIL_URC_READER, tid:496834221296)
03-15 13:43:50.641 D/RmcNwHdlr( 1287): [0] handleSignalStrength, gsm_signal_strength: 26, gsm_bit_error_rate: 99, gsm_timing_advance: 2147483647, cdma_dbm: -1, cdma_ecio: -1, evdo_dbm: -1, evdo_ecio: -1, evdo_snr: -1, lte_signal_strength: 99, lte_rsrp: 2147483647, lte_rsrq: 2147483647, lte_rssnr: 2147483647, lte_cqi: 2147483647, lte_timing_advance: 2147483647, tdscdma_signal_strength: 99, tdscdma_bit_error_rate: 99, tdscdma_rscp: 255, wcdma_signal_strength: 99, wcdma_bit_error_rate: 99, wcdma_scdma_rscp: 255, wcdma_ecno: 255,
03-15 13:43:50.646 D/SST     ( 1997): getSignalStrengthLevel=true
03-15 13:43:50.646 D/SST     ( 1997): mOEMLevel_0=4,mOEMLevel_1:0
03-15 13:43:50.646 D/MTKSST  ( 1997): [GsmSST0] no service fix signal...
03-15 13:43:50.646 D/MTKSST  ( 1997): [GsmSST0] old:{level:4, raw:SignalStrength: 27 99 -120 -160 -120 -160 -1 99 2147483647 2147483647 2147483647 2147483647 0 2147483647 99 255 2147483647 4 4 gsm|lte use_rsrp_and_rssnr_for_lte_level  [-128, -118, -108, -98] [-115, -105, -95, -85]}, new:{level:4, raw:SignalStrength: 26 99 -120 -160 -120 -160 -1 99 2147483647 2147483647 2147483647 2147483647 0 2147483647 99 255 2147483647 4 4 gsm|lte use_rsrp_and_rssnr_for_lte_level  [-128, -118, -108, -98] [-115, -105, -95, -85]}
03-15 13:43:50.646 D/MTKSST  ( 1997): [GsmSST0] old:{level:4, raw:SignalStrength: 27 99 -120 -160 -120 -160 -1 99 2147483647 2147483647 2147483647 2147483647 0 2147483647 99 255 2147483647 4 4 gsm|lte use_rsrp_and_rssnr_for_lte_level  [-128, -118, -108, -98] [-115, -105, -95, -85]}, new:{level:4, raw:SignalStrength: 26 99 -120 -160 -120 -160 -1 99 2147483647 2147483647 2147483647 2147483647 0 2147483647 99 255 2147483647 4 4 gsm|lte use_rsrp_and_rssnr_for_lte_level  [-128, -118, -108, -98] [-115, -105, -95, -85]}new:{level:4, raw:SignalStrength: 26 99 -120 -160 -120 -160 -1 99 2147483647 2147483647 2147483647 2147483647 0 2147483647 99 255 2147483647 4 4 gsm|lte use_rsrp_and_rssnr_for_lte_level  [-128, -118, -108, -98] [-115, -105, -95, -85]}
03-15 13:43:51.039 I/AT      ( 1287): [0] AT< +ENWINFO: 254,00010000 (RIL_URC_READER, tid:496834221296)
03-15 13:43:51.040 I/AT      ( 1287): [0] AT< +EREG: 3,"03AA","0054C79F",96,0,0,0,0 (RIL_URC_READER, tid:496834221296)
03-15 13:43:51.040 D/RmcNwHdlr( 1287): [0] NWInfo: 254, len:8 ,00010000
03-15 13:43:51.045 D/RILJ    ( 1997): Unsol response received; Sending ack to ril.cpp [SUB0]
03-15 13:43:51.047 D/RILJ    ( 1997): [UNSL]< MTK: UNSOL_NETWORK_INFO networkInfo: [254, 00010000] [SUB0]
03-15 13:43:51.047 D/RILJ    ( 1997): EM_ID does not belong to critical log! [SUB0]
03-15 13:43:51.048 D/RILJ    ( 1997): Unsol response received; Sending ack to ril.cpp [SUB0]
03-15 13:43:51.048 D/RILJ    ( 1997): [UNSL]< UNSOL_RESPONSE_NETWORK_STATE_CHANGED [SUB0]
03-15 13:43:51.048 D/NetworkRegistrationManager( 1997): onNetworkStateChanged
03-15 13:43:51.048 D/MTKSST  ( 1997): [GsmSST0] pollState: modemTriggered=true, mPollingContext=0, RadioState=RADIO_ON
03-15 13:43:51.049 D/RILJ    ( 1997): Unsol response received; Sending ack to ril.cpp [SUB0]
03-15 13:43:51.049 D/RILJ    ( 1997): [UNSL]< UNSOL_RESPONSE_CS_NETWORK_STATE_CHANGED [SUB0]
03-15 13:43:51.050 D/RILJ    ( 1997): [4914]> OPERATOR [SUB0]
03-15 13:43:51.050 D/NetworkRegistrationManager( 1997): getNetworkRegistrationState domain 2
03-15 13:43:51.050 D/NetworkRegistrationManager( 1997): getNetworkRegistrationState domain 1
03-15 13:43:51.051 D/RILJ    ( 1997): [4915]> DATA_REGISTRATION_STATE [SUB0]
03-15 13:43:51.051 I/AT      ( 1287): [0] AT> AT+EOPS? (RIL_CMD_RT_7, tid:496813274352)
03-15 13:43:51.051 D/RILJ    ( 1997): [4916]> QUERY_NETWORK_SELECTION_MODE [SUB0]
03-15 13:43:51.052 D/MTKSST  ( 1997): [GsmSST0] onNetworkStateChangeResult state:3 lac:938 cid:5556127 Act:3 cause:0
03-15 13:43:51.052 D/RILJ    ( 1997): [4917]> VOICE_REGISTRATION_STATE [SUB0]
03-15 13:43:51.054 I/AT      ( 1287): [0] AT< +EOPS: 0,2,"62120",1 (RIL_CMD_RT_7, tid:496814314736)
03-15 13:43:51.055 I/AT      ( 1287): [0] AT< OK (RIL_CMD_RT_7, tid:496814314736)
03-15 13:43:51.055 I/AT      ( 1287): [0] AT> AT+EGREG? (RIL_CMD_RT_7, tid:496813274352)
03-15 13:43:51.056 D/RILJ    ( 1997): [4914]< OPERATOR {, , } [SUB0]
03-15 13:43:51.058 I/AT      ( 1287): [0] AT< +EGREG: 3,0,"0301","000028E4",2,0,0,0,0,14 (RIL_CMD_RT_7, tid:496814314736)
03-15 13:43:51.058 I/AT      ( 1287): [0] AT< OK (RIL_CMD_RT_7, tid:496814314736)
03-15 13:43:51.059 I/AT      ( 1287): [0] AT> AT+COPS? (RIL_CMD_RT_7, tid:496813274352)
03-15 13:43:51.060 D/RILJ    ( 1997): [4915]< DATA_REGISTRATION_STATE {.regState = NOT_REG_MT_NOT_SEARCHING_OP, .rat = 0, .reasonDataDenied = 14, .maxDataCalls = 1, .cellIdentity = {.cellInfoType = NONE, .cellIdentityGsm = [], .cellIdentityWcdma = [], .cellIdentityCdma = [], .cellIdentityLte = [], .cellIdentityTdscdma = []}} [SUB0]
03-15 13:43:51.060 D/NetworkRegistrationManager( 1997): onGetNetworkRegistrationStateComplete result 0 state NetworkRegistrationState{transportType=1 domain=PS regState=NOT_REG_NOT_SEARCHING accessNetworkTechnology=UNKNOWN reasonForDenial=14 emergencyEnabled=false supportedServices=null cellIdentity=null voiceSpecificStates=null dataSpecificStates=DataSpecificRegistrationStates { mMaxDataCalls=1}}
03-15 13:43:51.064 I/AT      ( 1287): [0] AT< +COPS: 0 (RIL_CMD_RT_7, tid:496814314736)
03-15 13:43:51.064 I/AT      ( 1287): [0] AT< OK (RIL_CMD_RT_7, tid:496814314736)
03-15 13:43:51.064 I/AT      ( 1287): [0] AT> AT+EREG? (RIL_CMD_RT_7, tid:496813274352)
03-15 13:43:51.065 D/RILJ    ( 1997): [4916]< QUERY_NETWORK_SELECTION_MODE {0} [SUB0]
03-15 13:43:51.065 D/MTKSST  ( 1997): [GsmSST0] EVENT_POLL_STATE_NETWORK_SELECTION_MODE
03-15 13:43:51.067 I/AT      ( 1287): [0] AT< +EREG: 3,3,"03AA","0054C79F",96,0,0,0,0 (RIL_CMD_RT_7, tid:496814314736)
03-15 13:43:51.067 I/AT      ( 1287): [0] AT< OK (RIL_CMD_RT_7, tid:496814314736)
03-15 13:43:51.067 I/AT      ( 1287): [0] AT> AT+VLOCINFO? (RIL_CMD_RT_7, tid:496813274352)
03-15 13:43:51.071 I/AT      ( 1287): [0] AT< +VLOCINFO:0,111,11,0,0,0,0,0,0x00000000000000000000000000000000,0x00 (RIL_CMD_RT_7, tid:496814314736)
03-15 13:43:51.072 I/AT      ( 1287): [0] AT< OK (RIL_CMD_RT_7, tid:496814314736)
03-15 13:43:51.073 D/RILJ    ( 1997): [4917]< VOICE_REGISTRATION_STATE {.regState = REG_DENIED_EM, .rat = 0, .cssSupported = false, .roamingIndicator = 0, .systemIsInPrl = -1, .defaultRoamingIndicator = 2, .reasonForDenial = 0, .cellIdentity = {.cellInfoType = NONE, .cellIdentityGsm = [], .cellIdentityWcdma = [], .cellIdentityCdma = [], .cellIdentityLte = [], .cellIdentityTdscdma = []}} [SUB0]
03-15 13:43:51.073 D/NetworkRegistrationManager( 1997): onGetNetworkRegistrationStateComplete result 0 state NetworkRegistrationState{transportType=1 domain=CS regState=DENIED accessNetworkTechnology=UNKNOWN reasonForDenial=0 emergencyEnabled=true supportedServices=[I@ff5e7fd cellIdentity=null voiceSpecificStates=VoiceSpecificRegistrationStates { mCssSupported=false mRoamingIndicator=0 mSystemIsInPrl=-1 mDefaultRoamingIndicator=2} dataSpecificStates=null}
03-15 13:43:51.073 D/MTKSST  ( 1997): [GsmSST0] Could not set ServiceState channel number. CellIdentity null
03-15 13:43:51.076 D/MTKSST  ( 1997): [GsmSST0] serviceMccmnc = ,simMccmnc = 62183
03-15 13:43:51.077 D/MTKSST  ( 1997): [GsmSST0] guix inSwitchingDss = false  mSimState = 5 PhoneId = 0
03-15 13:43:51.077 D/SubscriptionController( 1997): [getSubId]- numSubIds == 0, return DummySubIds slotIndex=1
03-15 13:43:51.081 I/chatty  ( 1997): uid=1001(radio) com.android.phone identical 3 lines
03-15 13:43:51.081 D/SubscriptionController( 1997): [getSubId]- numSubIds == 0, return DummySubIds slotIndex=1
03-15 13:43:51.082 D/MTKSST  ( 1997): [GsmSST0] ct simcard check:non-ct, need smooth 
03-15 13:43:51.082 D/MTKSST  ( 1997): [GsmSST0] oppoDelayOosState checkResult = 1,oldstate=1
03-15 13:43:51.167 I/AT      ( 1287): [0] AT< +ECSQ: 42,21,1,-313,-56,1,1,96,32767,1 (RIL_URC_READER, tid:496834221296)
03-15 13:43:51.168 D/RmcNwHdlr( 1287): [0] handleSignalStrength, gsm_signal_strength: 99, gsm_bit_error_rate: 99, gsm_timing_advance: 2147483647, cdma_dbm: -1, cdma_ecio: -1, evdo_dbm: -1, evdo_ecio: -1, evdo_snr: -1, lte_signal_strength: 99, lte_rsrp: 2147483647, lte_rsrq: 2147483647, lte_rssnr: 2147483647, lte_cqi: 2147483647, lte_timing_advance: 2147483647, tdscdma_signal_strength: 99, tdscdma_bit_error_rate: 99, tdscdma_rscp: 255, wcdma_signal_strength: 17, wcdma_bit_error_rate: 99, wcdma_scdma_rscp: 42, wcdma_ecno: 21,
03-15 13:43:51.173 D/SST     ( 1997): getSignalStrengthLevel=true
03-15 13:43:51.173 D/SST     ( 1997): mOEMLevel_0=4,mOEMLevel_1:0
03-15 13:43:51.173 D/MTKSST  ( 1997): [GsmSST0] no service fix signal...
