03-15 13:44:57.750 D/FdManager( 1997): [phoneId0]onChargingModeSwitched: preCharging = true mIsCharging = false preEnableFdonCharging = 0 mEnableFdOnCharing = 0
03-15 13:44:57.750 D/FdManager( 1997): [phoneId0]isDefaultDataSubId: subId = 2 dataSubId = 2
03-15 13:44:57.752 D/MtkRILJ ( 1997): [4929]> MTK: RIL_REQUEST_SET_FD_MODE [SUB0]
03-15 13:44:57.752 D/FdManager( 1997): [phoneId0]regionmark=, operator=, country=
03-15 13:44:57.753 I/chatty  ( 1997): uid=1001(radio) com.android.phone identical 2 lines
03-15 13:44:57.753 D/FdManager( 1997): [phoneId0]regionmark=, operator=, country=
03-15 13:44:57.753 D/FdManager( 1997): [phoneId0]Update fast dormancy idle timer executed.
03-15 13:44:57.753 D/FdManager( 1997): [phoneId0]setFdConf setFdTimerValue 
03-15 13:44:57.754 I/AT      ( 1287): [0] AT> AT+EFD=1 (RIL_CMD_READER_4, tid:496817435888)
03-15 13:44:57.757 I/AT      ( 1287): [0] AT< OK (RIL_CMD_READER_4, tid:496818476272)
03-15 13:44:57.759 D/RILJ    ( 1997): [4929]< MTK: RIL_REQUEST_SET_FD_MODE  [SUB0]
03-15 13:44:57.759 D/MtkTelephonyRegistryEx( 1367): idMatchEx: rSubId=2147483647, subId=2, dSubId=2, rPhoneId=-1, phoneId=0
03-15 13:44:57.759 D/MtkTelephonyRegistryEx( 1367): idMatchEx: rSubId=2147483647, subId=2, dSubId=2, rPhoneId=0, phoneId=0
03-15 13:44:57.759 D/MtkTelephonyRegistryEx( 1367): idMatchEx: rSubId=2147483647, subId=2, dSubId=2, rPhoneId=1, phoneId=0
03-15 13:44:57.759 D/MtkTelephonyRegistryEx( 1367): idMatchEx: rSubId=2, subId=2, dSubId=2, rPhoneId=0, phoneId=0
03-15 13:44:57.760 D/MtkTelephonyRegistryEx( 1367): idMatchEx: rSubId=2, subId=2, dSubId=2, rPhoneId=0, phoneId=0
03-15 13:44:57.760 D/MtkTelephonyRegistryEx( 1367): idMatchEx: rSubId=2147483647, subId=2, dSubId=2, rPhoneId=1, phoneId=0
03-15 13:44:57.760 D/MtkTelephonyRegistryEx( 1367): idMatchEx: rSubId=2, subId=2, dSubId=2, rPhoneId=0, phoneId=0
03-15 13:44:57.760 D/MtkTelephonyRegistryEx( 1367): idMatchEx: rSubId=2, subId=2, dSubId=2, rPhoneId=0, phoneId=0
03-15 13:44:57.760 D/MtkTelephonyRegistryEx( 1367): idMatchEx: rSubId=2147483647, subId=2, dSubId=2, rPhoneId=1, phoneId=0
03-15 13:44:57.761 D/MtkTelephonyRegistryEx( 1367): idMatchEx: rSubId=2147483647, subId=2, dSubId=2, rPhoneId=-1, phoneId=0
03-15 13:44:57.761 D/MtkTelephonyRegistryEx( 1367): idMatchEx: rSubId=2147483647, subId=2, dSubId=2, rPhoneId=0, phoneId=0
03-15 13:44:57.761 D/MtkTelephonyRegistryEx( 1367): idMatchEx: rSubId=2147483647, subId=2, dSubId=2, rPhoneId=1, phoneId=0
03-15 13:44:57.761 D/MtkTelephonyRegistryEx( 1367): idMatchEx: rSubId=2, subId=2, dSubId=2, rPhoneId=0, phoneId=0
03-15 13:44:57.762 D/MtkTelephonyRegistryEx( 1367): idMatchEx: rSubId=2, subId=2, dSubId=2, rPhoneId=0, phoneId=0
03-15 13:44:57.762 D/MtkTelephonyRegistryEx( 1367): idMatchEx: rSubId=2147483647, subId=2, dSubId=2, rPhoneId=1, phoneId=0
03-15 13:44:57.762 D/MtkTelephonyRegistryEx( 1367): idMatchEx: rSubId=2, subId=2, dSubId=2, rPhoneId=0, phoneId=0
03-15 13:44:57.762 D/MtkTelephonyRegistryEx( 1367): idMatchEx: rSubId=2, subId=2, dSubId=2, rPhoneId=0, phoneId=0
03-15 13:44:57.762 D/MtkTelephonyRegistryEx( 1367): idMatchEx: rSubId=2147483647, subId=2, dSubId=2, rPhoneId=1, phoneId=0
03-15 13:44:57.762 D/SubscriptionController( 1997): [getSubId]- numSubIds == 0, return DummySubIds slotIndex=1
03-15 13:44:57.763 D/MtkTelephonyRegistryEx( 1367): idMatchEx: rSubId=2147483647, subId=-3, dSubId=2, rPhoneId=-1, phoneId=1
03-15 13:44:57.763 D/MtkTelephonyRegistryEx( 1367): idMatchEx: rSubId=2147483647, subId=-3, dSubId=2, rPhoneId=0, phoneId=1
03-15 13:44:57.763 D/MtkTelephonyRegistryEx( 1367): idMatchEx: rSubId=2147483647, subId=-3, dSubId=2, rPhoneId=1, phoneId=1
03-15 13:44:57.763 D/MtkTelephonyRegistryEx( 1367): idMatchEx: rSubId=2, subId=-3, dSubId=2, rPhoneId=0, phoneId=1
03-15 13:44:57.763 D/MtkTelephonyRegistryEx( 1367): idMatchEx: rSubId=2, subId=-3, dSubId=2, rPhoneId=0, phoneId=1
03-15 13:44:57.763 D/MtkTelephonyRegistryEx( 1367): idMatchEx: rSubId=2147483647, subId=-3, dSubId=2, rPhoneId=1, phoneId=1
03-15 13:44:57.763 D/MtkTelephonyRegistryEx( 1367): idMatchEx: rSubId=2, subId=-3, dSubId=2, rPhoneId=0, phoneId=1
03-15 13:44:57.763 D/MtkTelephonyRegistryEx( 1367): idMatchEx: rSubId=2, subId=-3, dSubId=2, rPhoneId=0, phoneId=1
03-15 13:44:57.763 D/MtkTelephonyRegistryEx( 1367): idMatchEx: rSubId=2147483647, subId=-3, dSubId=2, rPhoneId=1, phoneId=1
03-15 13:44:57.764 D/SubscriptionController( 1997): [getSubId]- numSubIds == 0, return DummySubIds slotIndex=1
03-15 13:44:57.764 D/MtkTelephonyRegistryEx( 1367): idMatchEx: rSubId=2147483647, subId=-3, dSubId=2, rPhoneId=-1, phoneId=1
03-15 13:44:57.764 D/MtkTelephonyRegistryEx( 1367): idMatchEx: rSubId=2147483647, subId=-3, dSubId=2, rPhoneId=0, phoneId=1
03-15 13:44:57.764 D/MtkTelephonyRegistryEx( 1367): idMatchEx: rSubId=2147483647, subId=-3, dSubId=2, rPhoneId=1, phoneId=1
03-15 13:44:57.764 D/MtkTelephonyRegistryEx( 1367): idMatchEx: rSubId=2, subId=-3, dSubId=2, rPhoneId=0, phoneId=1
03-15 13:44:57.764 D/MtkTelephonyRegistryEx( 1367): idMatchEx: rSubId=2, subId=-3, dSubId=2, rPhoneId=0, phoneId=1
03-15 13:44:57.764 D/MtkTelephonyRegistryEx( 1367): idMatchEx: rSubId=2147483647, subId=-3, dSubId=2, rPhoneId=1, phoneId=1
03-15 13:44:57.764 D/MtkTelephonyRegistryEx( 1367): idMatchEx: rSubId=2, subId=-3, dSubId=2, rPhoneId=0, phoneId=1
03-15 13:44:57.764 D/MtkTelephonyRegistryEx( 1367): idMatchEx: rSubId=2, subId=-3, dSubId=2, rPhoneId=0, phoneId=1
03-15 13:44:57.764 D/MtkTelephonyRegistryEx( 1367): idMatchEx: rSubId=2147483647, subId=-3, dSubId=2, rPhoneId=1, phoneId=1
03-15 13:44:57.766 D/RILJ    ( 1997): [4930]> RIL_REQUEST_SEND_DEVICE_STATE 1:false [SUB1]
03-15 13:44:57.766 E/RfxRoot ( 1287): no RfxBaseData, send error to RILJ
03-15 13:44:57.767 D/RILJ    ( 1997): [4931]> RIL_REQUEST_SEND_DEVICE_STATE 1:false [SUB0]
03-15 13:44:57.767 D/FdManager( 1997): [phoneId0]handleMessage: msg.what = 0
03-15 13:44:57.768 E/RfxRoot ( 1287): no RfxBaseData, send error to RILJ
03-15 13:44:57.768 D/RILJ    ( 1997): [4930]< RIL_REQUEST_SEND_DEVICE_STATE error 6 [SUB1]
03-15 13:44:57.768 D/RilRequest( 1997): [4930]< RIL_REQUEST_SEND_DEVICE_STATE error: com.android.internal.telephony.CommandException: REQUEST_NOT_SUPPORTED ret=
03-15 13:44:57.768 I/AT      ( 1287): [0] AT< +ERFTX: 11,5,0,0,0,0,0,5,119,61 (RIL_CMD_READER_1, tid:496826938608)
03-15 13:44:57.768 I/AT      ( 1287): [0] AT< OK (RIL_CMD_READER_1, tid:496826938608)
03-15 13:44:57.769 D/RILJ    ( 1997): [4931]< RIL_REQUEST_SEND_DEVICE_STATE error 6 [SUB0]
03-15 13:44:57.770 D/RilRequest( 1997): [4931]< RIL_REQUEST_SEND_DEVICE_STATE error: com.android.internal.telephony.CommandException: REQUEST_NOT_SUPPORTED ret=
03-15 13:44:57.770 D/RILJ    ( 1997): [4928]< RIL_REQUEST_GET_ACTIVITY_INFO ModemActivityInfo{ mTimestamp=4797568 mSleepTimeMs=119 mIdleTimeMs=61 mTxTimeMs[]=[0, 0, 0, 0, 0] mRxTimeMs=5 mEnergyUsed=0} [SUB0]
03-15 13:44:57.837 D/MwiRIL  ( 2408): [3673]> RIL_REQUEST_NOTIFY_EPDG_SCREEN_STATE [SUB0]
03-15 13:44:57.837 E/RILC    ( 1287): notifyEPDGScreenState: serial 25
03-15 13:44:57.838 D/RmcMwi  ( 1287): [0] notifyEPDGScreenState: state:2
03-15 13:44:57.838 I/AT      ( 1287): [0] AT> AT+ESCREENSTATE = 2 (RIL_CMD_READER_3, tid:496819516656)
03-15 13:44:57.848 I/AT      ( 1287): [0] AT< +CME ERROR: 100 (RIL_CMD_READER_3, tid:496820557040)
03-15 13:44:57.849 E/RfxBaseHandler( 1287): [0] 60531 failed!
03-15 13:44:57.849 E/RILC    ( 1287): notifyEPDGScreenStateResponse: radioService[2]->mRadioResponseMwiV3_3 NOT NULL
03-15 13:44:57.850 D/MwiRIL  ( 2408): [3673]< RIL_REQUEST_NOTIFY_EPDG_SCREEN_STATE error 38 [SUB0]
03-15 13:44:57.850 D/MwiRIL-RilRequest( 2408): [3673]< RIL_REQUEST_NOTIFY_EPDG_SCREEN_STATE error: com.android.internal.telephony.CommandException: INTERNAL_ERR ret=
03-15 13:45:00.192 D/TelephonyManager( 5362): getCellLocation returning null due to NullPointerException java.lang.NullPointerException: Attempt to invoke virtual method 'boolean android.os.Bundle.isEmpty()' on a null object reference
03-15 13:45:02.825 I/AT      ( 1287): [0] AT< +ECSQ: 45,26,1,-303,-45,1,1,96,32767,1 (RIL_URC_READER, tid:496834221296)
03-15 13:45:02.825 D/RmcNwHdlr( 1287): [0] handleSignalStrength, gsm_signal_strength: 99, gsm_bit_error_rate: 99, gsm_timing_advance: 2147483647, cdma_dbm: -1, cdma_ecio: -1, evdo_dbm: -1, evdo_ecio: -1, evdo_snr: -1, lte_signal_strength: 99, lte_rsrp: 2147483647, lte_rsrq: 2147483647, lte_rssnr: 2147483647, lte_cqi: 2147483647, lte_timing_advance: 2147483647, tdscdma_signal_strength: 99, tdscdma_bit_error_rate: 99, tdscdma_rscp: 255, wcdma_signal_strength: 19, wcdma_bit_error_rate: 99, wcdma_scdma_rscp: 45, wcdma_ecno: 26,
03-15 13:45:02.829 D/SST     ( 1997): getSignalStrengthLevel=true
03-15 13:45:02.829 D/SST     ( 1997): mOEMLevel_0=4,mOEMLevel_1:0
03-15 13:45:02.829 D/MTKSST  ( 1997): [GsmSST0] no service fix signal...
03-15 13:45:02.831 W/MtkSignalStrength( 1367): [getLteLevel] null op customization instance
03-15 13:45:02.832 D/MTKSST  ( 1997): [GsmSST0] ===oppoNotifySignalStrengthe=mSignalStrength==SignalStrength: 99 99 -120 -160 -120 -160 -1 99 2147483647 2147483647 2147483647 2147483647 0 2147483647 19 45 -75 4 4 gsm|lte use_rsrp_and_rssnr_for_lte_level  [-128, -118, -108, -98] [-115, -105, -95, -85]
03-15 13:45:02.832 I/phonestatemonitor( 1997): onSignalStrengthChanged.
03-15 13:45:02.832 D/MTKSST  ( 1997): [GsmSST0] old:{level:4, raw:SignalStrength: 99 99 -120 -160 -120 -160 -1 99 2147483647 2147483647 2147483647 2147483647 0 2147483647 19 46 -74 4 4 gsm|lte use_rsrp_and_rssnr_for_lte_level  [-128, -118, -108, -98] [-115, -105, -95, -85]}, new:{level:4, raw:SignalStrength: 99 99 -120 -160 -120 -160 -1 99 2147483647 2147483647 2147483647 2147483647 0 2147483647 19 45 -75 4 4 gsm|lte use_rsrp_and_rssnr_for_lte_level  [-128, -118, -108, -98] [-115, -105, -95, -85]}
03-15 13:45:02.833 D/MTKSST  ( 1997): [GsmSST0] old:{level:4, raw:SignalStrength: 99 99 -120 -160 -120 -160 -1 99 2147483647 2147483647 2147483647 2147483647 0 2147483647 19 46 -74 4 4 gsm|lte use_rsrp_and_rssnr_for_lte_level  [-128, -118, -108, -98] [-115, -105, -95, -85]}, new:{level:4, raw:SignalStrength: 99 99 -120 -160 -120 -160 -1 99 2147483647 2147483647 2147483647 2147483647 0 2147483647 19 45 -75 4 4 gsm|lte use_rsrp_and_rssnr_for_lte_level  [-128, -118, -108, -98] [-115, -105, -95, -85]}new:{level:4, raw:SignalStrength: 99 99 -120 -160 -120 -160 -1 99 2147483647 2147483647 2147483647 2147483647 0 2147483647 19 45 -75 4 4 gsm|lte use_rsrp_and_rssnr_for_lte_level  [-128, -118, -108, -98] [-115, -105, -95, -85]}
03-15 13:45:03.457 I/RilClient( 1287): initialize: commandFd is 0
03-15 13:45:03.457 I/RilClient( 1287): start listen on fd: 12, socket name: rild-oem
03-15 13:45:03.458 I/RmcOemHandler( 1287): requestQueryThermal Enter: -1
03-15 13:45:03.458 I/AT      ( 1287): [0] AT> AT+ETHERMAL (RIL_CMD_READER_1, tid:496825898224)
03-15 13:45:03.461 I/AT      ( 1287): [0] AT< +ETHERMAL: 2, 32767, -127, 20821, 32767, -20554 (RIL_CMD_READER_1, tid:496826938608)
03-15 13:45:03.462 I/AT      ( 1287): [0] AT< OK (RIL_CMD_READER_1, tid:496826938608)
03-15 13:45:03.462 I/RmcOemHandler( 1287): requestQueryThermal success
03-15 13:45:03.462 D/RtcRilClientController( 1287): client 1001 handle requestComplete
03-15 13:45:06.844 E/RPC     (  861): entry g_lowpower_mode
03-15 13:45:07.401 I/AT      ( 1287): [0] AT< +PSBEARER: 24,0,0,0 (RIL_URC_READER, tid:496834221296)
03-15 13:45:07.401 I/AT      ( 1287): [0] AT< +EREG: 2,"03AA","0054C79F",96,0,0,0,0 (RIL_URC_READER, tid:496834221296)
03-15 13:45:07.402 I/AT      ( 1287): [0] AT< +EGREG: 2,"03AA","0054C79F",96,"02",0,0,0,0 (RIL_URC_READER, tid:496834221296)
03-15 13:45:07.404 I/RmcEmbmsReq( 1287): [0] postEpsNetworkUpdate urc=+EGREG: 2,"03AA","0054C79F",96,"02",0,0,0,0
03-15 13:45:07.404 I/AT      ( 1287): [0] AT> AT+EOPS? (RIL_ATCI_READER, tid:496815355120)
03-15 13:45:07.404 I/RILC    ( 1287): try to getOpUnsolResponse from operator library
03-15 13:45:07.404 I/RilOpProxy( 1287): [getOpUnsolResponseInfo] dlopen failed in libmtk-rilop.so: (null)
03-15 13:45:07.404 E/RILC    ( 1287): unsupported unsolicited response code 0
03-15 13:45:07.405 I/AT      ( 1287): [0] AT> AT+EOPS? (RIL_CMD_READER_1, tid:496825898224)
03-15 13:45:07.408 D/RILJ    ( 1997): Unsol response received; Sending ack to ril.cpp [SUB0]
03-15 13:45:07.408 D/RILJ    ( 1997): [UNSL]< UNSOL_RESPONSE_CS_NETWORK_STATE_CHANGED [SUB0]
03-15 13:45:07.408 D/MTKSST  ( 1997): [GsmSST0] onNetworkStateChangeResult state:2 lac:938 cid:5556127 Act:3 cause:0
03-15 13:45:07.409 D/RILJ    ( 1997): Unsol response received; Sending ack to ril.cpp [SUB0]
03-15 13:45:07.409 D/RILJ    ( 1997): [UNSL]< UNSOL_RESPONSE_NETWORK_STATE_CHANGED [SUB0]
03-15 13:45:07.410 D/NetworkRegistrationManager( 1997): onNetworkStateChanged
03-15 13:45:07.410 D/MTKSST  ( 1997): [GsmSST0] pollState: modemTriggered=true, mPollingContext=0, RadioState=RADIO_ON
03-15 13:45:07.410 I/AT      ( 1287): [0] AT< +EOPS: 0,2,"62120",1 (RIL_ATCI_READER, tid:496816395504)
03-15 13:45:07.411 I/AT      ( 1287): [0] AT< OK (RIL_ATCI_READER, tid:496816395504)
03-15 13:45:07.411 I/RtcEmbmsAt( 1287): [0] Handle URC RFX_MSG_URC_EMBMS_CELL_INFO_NOTIFICATION Slot 0 (DefaultDataSlot:0)
03-15 13:45:07.411 I/RtcEmbmsAt( 1287): [0] handleCellInfoUrc cell_id 54C79F, status 0, plmn 62120
03-15 13:45:07.411 I/RtcEmbmsAt( 1287): [0] urcToSocket:+CEREG:0
03-15 13:45:07.412 I/AT      ( 1287): [0] AT< +EOPS: 0,2,"62120",1 (RIL_CMD_READER_1, tid:496826938608)
03-15 13:45:07.412 D/RILJ    ( 1997): [4934]> OPERATOR [SUB0]
03-15 13:45:07.412 I/RtcEmbmsAt( 1287): [0] urcToSocket:%MBMSEV:4,62120054C79F
03-15 13:45:07.412 D/NetworkRegistrationManager( 1997): getNetworkRegistrationState domain 2
03-15 13:45:07.413 D/NetworkRegistrationManager( 1997): getNetworkRegistrationState domain 1
03-15 13:45:07.413 I/AT      ( 1287): [0] AT< +ECSQ: 255,255,1,1,1,1,1,4096,32767,-1 (RIL_URC_READER, tid:496834221296)
03-15 13:45:07.413 I/AT      ( 1287): [0] AT< OK (RIL_CMD_READER_1, tid:496826938608)
03-15 13:45:07.414 I/AT      ( 1287): [0] AT> AT+EOPS? (RIL_CMD_RT_7, tid:496813274352)
03-15 13:45:07.415 D/RILJ    ( 1997): Unsol response received; Sending ack to ril.cpp [SUB0]
03-15 13:45:07.415 D/RILJ    ( 1997): [4935]> DATA_REGISTRATION_STATE [SUB0]
03-15 13:45:07.416 D/RILJ    ( 1997): [4936]> QUERY_NETWORK_SELECTION_MODE [SUB0]
03-15 13:45:07.416 D/RILJ    ( 1997): [UNSL]< MTK: RIL_UNSOL_EMBMS_AT_INFO +CEREG:0
03-15 13:45:07.416 D/RILJ    ( 1997):  [SUB0]
03-15 13:45:07.417 D/RILJ    ( 1997): Notify mEmbmsAtInfoNotificationRegistrant [SUB0]
03-15 13:45:07.417 I/MtkEmbmsAdaptor( 1997): MSG_ID_EVENT_IND data: +CEREG:0
03-15 13:45:07.417 D/RILJ    ( 1997): [4938]> VOICE_REGISTRATION_STATE [SUB0]
03-15 13:45:07.417 E/MtkEmbmsAdaptor( 1997): sendCommand fail!! mAdaptorIoThread is null!
03-15 13:45:07.418 D/RILJ    ( 1997): Unsol response received; Sending ack to ril.cpp [SUB0]
03-15 13:45:07.419 D/RILJ    ( 1997): [UNSL]< MTK: RIL_UNSOL_EMBMS_AT_INFO %MBMSEV:4,62120054C79F
03-15 13:45:07.419 D/RILJ    ( 1997):  [SUB0]
03-15 13:45:07.419 D/RILJ    ( 1997): Notify mEmbmsAtInfoNotificationRegistrant [SUB0]
03-15 13:45:07.419 I/MtkEmbmsAdaptor( 1997): MSG_ID_EVENT_IND data: %MBMSEV:4,62120054C79F
03-15 13:45:07.419 E/MtkEmbmsAdaptor( 1997): sendCommand fail!! mAdaptorIoThread is null!
03-15 13:45:07.419 I/AT      ( 1287): [0] AT< +ECSQ: 99,99,1,1,1,1,1,1,32767,0 (RIL_URC_READER, tid:496834221296)
03-15 13:45:07.420 I/AT      ( 1287): [0] AT< +EOPS: 0,2,"62120",1 (RIL_CMD_RT_7, tid:496814314736)
03-15 13:45:07.420 I/AT      ( 1287): [0] AT< OK (RIL_CMD_RT_7, tid:496814314736)
03-15 13:45:07.420 E/RmcNwHdlr( 1287): [0] Recevice an invalid <rssi> value from modem
03-15 13:45:07.421 D/RILJ    ( 1997): Unsol response received; Sending ack to ril.cpp [SUB0]
03-15 13:45:07.421 I/AT      ( 1287): [0] AT> AT+EGREG? (RIL_CMD_RT_7, tid:496813274352)
03-15 13:45:07.421 D/RILJ    ( 1997): [UNSL]< UNSOL_RESPONSE_PS_NETWORK_STATE_CHANGED [SUB0]
03-15 13:45:07.421 D/MTKSST  ( 1997): [GsmSST0] onPsNetworkStateChangeResult, mPsRegState:1,newUrcState:1,info[0]:2,info[1]:62120,info[2]:15
03-15 13:45:07.422 D/RILJ    ( 1997): [4934]< OPERATOR {, , } [SUB0]
03-15 13:45:07.425 I/AT      ( 1287): [0] AT< +EGREG: 3,2,"03AA","0054C79F",96,0,0,0,0,0 (RIL_CMD_RT_7, tid:496814314736)
03-15 13:45:07.425 I/AT      ( 1287): [0] AT< OK (RIL_CMD_RT_7, tid:496814314736)
03-15 13:45:07.426 I/AT      ( 1287): [0] AT> AT+COPS? (RIL_CMD_RT_7, tid:496813274352)
03-15 13:45:07.426 D/agps-ril( 1287): [-1] [RtcAgpsNSlotController]onServiceStateChanged(0) cs_reg=13, cs_rat=0, ps_reg=2, ps_rat=0, iwlan_reg=0
03-15 13:45:07.427 D/RILJ    ( 1997): [4935]< DATA_REGISTRATION_STATE {.regState = NOT_REG_MT_SEARCHING_OP, .rat = 0, .reasonDataDenied = 0, .maxDataCalls = 1, .cellIdentity = {.cellInfoType = NONE, .cellIdentityGsm = [], .cellIdentityWcdma = [], .cellIdentityCdma = [], .cellIdentityLte = [], .cellIdentityTdscdma = []}} [SUB0]
03-15 13:45:07.427 D/NetworkRegistrationManager( 1997): onGetNetworkRegistrationStateComplete result 0 state NetworkRegistrationState{transportType=1 domain=PS regState=NOT_REG_SEARCHING accessNetworkTechnology=UNKNOWN reasonForDenial=0 emergencyEnabled=false supportedServices=null cellIdentity=null voiceSpecificStates=null dataSpecificStates=DataSpecificRegistrationStates { mMaxDataCalls=1}}
03-15 13:45:07.429 I/AT      ( 1287): [0] AT< +COPS: 0 (RIL_CMD_RT_7, tid:496814314736)
03-15 13:45:07.429 I/AT      ( 1287): [0] AT< OK (RIL_CMD_RT_7, tid:496814314736)
03-15 13:45:07.429 I/AT      ( 1287): [0] AT> AT+EREG? (RIL_CMD_RT_7, tid:496813274352)
03-15 13:45:07.430 D/RILJ    ( 1997): [4936]< QUERY_NETWORK_SELECTION_MODE {0} [SUB0]
03-15 13:45:07.430 D/MTKSST  ( 1997): [GsmSST0] EVENT_POLL_STATE_NETWORK_SELECTION_MODE
03-15 13:45:07.432 I/AT      ( 1287): [0] AT< +EREG: 3,2,"03AA","0054C79F",96,0,0,0,0 (RIL_CMD_RT_7, tid:496814314736)
03-15 13:45:07.432 I/AT      ( 1287): [0] AT< OK (RIL_CMD_RT_7, tid:496814314736)
03-15 13:45:07.432 I/AT      ( 1287): [0] AT> AT+VLOCINFO? (RIL_CMD_RT_7, tid:496813274352)
03-15 13:45:07.435 I/AT      ( 1287): [0] AT< +VLOCINFO:0,111,11,0,0,0,0,0,0x00000000000000000000000000000000,0x00 (RIL_CMD_RT_7, tid:496814314736)
03-15 13:45:07.436 I/AT      ( 1287): [0] AT< OK (RIL_CMD_RT_7, tid:496814314736)
03-15 13:45:07.437 D/agps-ril( 1287): [-1] [RtcAgpsNSlotController]onServiceStateChanged(0) cs_reg=12, cs_rat=0, ps_reg=2, ps_rat=0, iwlan_reg=0
03-15 13:45:07.437 D/RILJ    ( 1997): [4938]< VOICE_REGISTRATION_STATE {.regState = NOT_REG_MT_SEARCHING_OP_EM, .rat = 0, .cssSupported = false, .roamingIndicator = 0, .systemIsInPrl = -1, .defaultRoamingIndicator = 2, .reasonForDenial = 0, .cellIdentity = {.cellInfoType = NONE, .cellIdentityGsm = [], .cellIdentityWcdma = [], .cellIdentityCdma = [], .cellIdentityLte = [], .cellIdentityTdscdma = []}} [SUB0]
03-15 13:45:07.437 D/NetworkRegistrationManager( 1997): onGetNetworkRegistrationStateComplete result 0 state NetworkRegistrationState{transportType=1 domain=CS regState=NOT_REG_SEARCHING accessNetworkTechnology=UNKNOWN reasonForDenial=0 emergencyEnabled=true supportedServices=[I@857a097 cellIdentity=null voiceSpecificStates=VoiceSpecificRegistrationStates { mCssSupported=false mRoamingIndicator=0 mSystemIsInPrl=-1 mDefaultRoamingIndicator=2} dataSpecificStates=null}
03-15 13:45:07.438 D/MTKSST  ( 1997): [GsmSST0] Could not set ServiceState channel number. CellIdentity null
03-15 13:45:07.440 D/MTKSST  ( 1997): [GsmSST0] serviceMccmnc = ,simMccmnc = 62183
03-15 13:45:07.441 D/MTKSST  ( 1997): [GsmSST0] guix inSwitchingDss = false  mSimState = 5 PhoneId = 0
03-15 13:45:07.441 D/SubscriptionController( 1997): [getSubId]- numSubIds == 0, return DummySubIds slotIndex=1
03-15 13:45:07.445 I/chatty  ( 1997): uid=1001(radio) com.android.phone identical 3 lines
03-15 13:45:07.445 D/SubscriptionController( 1997): [getSubId]- numSubIds == 0, return DummySubIds slotIndex=1
03-15 13:45:07.446 D/MTKSST  ( 1997): [GsmSST0] ct simcard check:non-ct, need smooth 
03-15 13:45:07.446 D/MTKSST  ( 1997): [GsmSST0] oppoOosDelayState send OPPOEVENT_CHECK_NO_SERVICE
03-15 13:45:07.446 D/MTKSST  ( 1997): [GsmSST0] ==getOosReportTimeBySS regRat=0delay=45000
03-15 13:45:07.446 D/MTKSST  ( 1997): [GsmSST0] oppoDelayOosState checkResult = 1,oldstate=2
03-15 13:45:07.774 I/AT      ( 1287): [0] AT< +ECSQ: 255,255,1,1,1,1,1,4096,32767,-1 (RIL_URC_READER, tid:496834221296)
03-15 13:45:07.836 D/FdManager( 1997): [phoneId0]isScreenOn: Screens all off
03-15 13:45:07.836 D/FdManager( 1997): [phoneId0]onScreenSwitched: screenOn = false
03-15 13:45:07.839 D/MtkRILJ ( 1997): [4941]> MTK: RIL_REQUEST_SET_FD_MODE [SUB0]
03-15 13:45:07.840 I/AT      ( 1287): [0] AT> AT+EFD=3,0 (RIL_CMD_READER_4, tid:496817435888)
03-15 13:45:07.841 D/FdManager( 1997): [phoneId1]isScreenOn: Screens all off
03-15 13:45:07.841 D/FdManager( 1997): [phoneId1]onScreenSwitched: screenOn = false
03-15 13:45:07.842 D/MtkRILJ ( 1997): [4942]> MTK: RIL_REQUEST_SET_FD_MODE [SUB1]
03-15 13:45:07.843 I/AT      ( 1287): [0] AT< OK (RIL_CMD_READER_4, tid:496818476272)
03-15 13:45:07.844 I/RfxRoot ( 1287): Reject message [type=REQUEST, source=GSM, dest=GSM, pId=RFX_MSG_REQUEST_SET_FD_MODE(53023), pToken=1294, id=RFX_MSG_REQUEST_SET_FD_MODE(53023), token=1390, slotId=1,             clientId = -1, error = 0, isSentOnCdmaCapabilitySlot = 2, sendToMainProtocol = 0,            m_priority = 1, pTimeStamp = 4601003620812]
03-15 13:45:07.844 D/RILJ    ( 1997): [4942]< MTK: RIL_REQUEST_SET_FD_MODE error 1 [SUB1]
03-15 13:45:07.845 D/RILJ    ( 1997): [4943]> RIL_REQUEST_SEND_DEVICE_STATE 2:true [SUB0]
03-15 13:45:07.845 D/RilRequest( 1997): [4942]< MTK: RIL_REQUEST_SET_FD_MODE error: com.android.internal.telephony.CommandException: RADIO_NOT_AVAILABLE ret=
03-15 13:45:07.846 E/RfxRoot ( 1287): no RfxBaseData, send error to RILJ
03-15 13:45:07.846 D/RILJ    ( 1997): [4941]< MTK: RIL_REQUEST_SET_FD_MODE  [SUB0]
03-15 13:45:07.847 D/RILJ    ( 1997): [4944]> RIL_REQUEST_SET_UNSOLICITED_RESPONSE_FILTER 0 [SUB0]
03-15 13:45:07.847 D/RILJ    ( 1997): [4943]< RIL_REQUEST_SEND_DEVICE_STATE error 6 [SUB0]
03-15 13:45:07.847 D/RilRequest( 1997): [4943]< RIL_REQUEST_SEND_DEVICE_STATE error: com.android.internal.telephony.CommandException: REQUEST_NOT_SUPPORTED ret=
03-15 13:45:07.849 D/RILJ    ( 1997): [4945]> RIL_REQUEST_SEND_DEVICE_STATE 2:true [SUB1]
03-15 13:45:07.849 I/AT      ( 1287): [0] AT> AT+ECSQ=0 (RIL_CMD_READER_1, tid:496825898224)
03-15 13:45:07.850 D/RILJ    ( 1997): [4946]> RIL_REQUEST_SET_UNSOLICITED_RESPONSE_FILTER 0 [SUB1]
03-15 13:45:07.850 D/MTKSST  ( 1997): [GsmSST0] [POWERSTATE]-------------------------SCRENN OFF----------------------------------
03-15 13:45:07.850 D/MTKSST  ( 1997): [POWERSTATE]mScreenOffTime:1773578707mScreenOnTime:1773578697 mCidChangeCount:0
03-15 13:45:07.850 D/MTKSST  ( 1997): [GsmSST0] [POWERSTATE]mReselectCountPerMin:0.0
03-15 13:45:07.850 D/MTKSST  ( 1997): [GsmSST0] leon EVENT_OEM_SCREEN_CHANGED:false
03-15 13:45:07.851 I/AT      ( 1287): [0] AT< OK (RIL_CMD_READER_1, tid:496826938608)
03-15 13:45:07.851 I/AT      ( 1287): [0] AT> AT+EREG=5 (RIL_CMD_READER_1, tid:496825898224)
03-15 13:45:07.851 D/MtkRILJ ( 1997): [4947]> OEM_HOOK_STRINGS strings = AT+EINFO=1082,402,1   [SUB0]
03-15 13:45:07.851 D/OemProximitySensor( 1997): onScreenChanged:false, processSwitch
03-15 13:45:07.851 D/FdManager( 1997): [phoneId1]handleMessage: msg.what = 0
03-15 13:45:07.851 E/FdManager( 1997): [phoneId1]handleMessage: RIL_REQUEST_SET_FD_MODE error!
03-15 13:45:07.851 D/FdManager( 1997): [phoneId0]handleMessage: msg.what = 0
03-15 13:45:07.852 D/MTKSST  ( 1997): [GsmSST1] [POWERSTATE]-------------------------SCRENN OFF----------------------------------
03-15 13:45:07.852 D/MTKSST  ( 1997): [POWERSTATE]mScreenOffTime:1773578707mScreenOnTime:1773578697 mCidChangeCount:0
03-15 13:45:07.852 D/MTKSST  ( 1997): [GsmSST1] [POWERSTATE]mReselectCountPerMin:0.0
03-15 13:45:07.852 D/MTKSST  ( 1997): [GsmSST1] leon EVENT_OEM_SCREEN_CHANGED:false
03-15 13:45:07.852 E/RfxRoot ( 1287): no RfxBaseData, send error to RILJ
03-15 13:45:07.852 D/RpOemCtlr( 1287): onHandleOemHookString, data[0] = AT+EINFO=1082,402,1
03-15 13:45:07.852 D/RILJ    ( 1997): [4945]< RIL_REQUEST_SEND_DEVICE_STATE error 6 [SUB1]
03-15 13:45:07.852 D/RilRequest( 1997): [4945]< RIL_REQUEST_SEND_DEVICE_STATE error: com.android.internal.telephony.CommandException: REQUEST_NOT_SUPPORTED ret=
03-15 13:45:07.852 I/AT      ( 1287): [1] AT> AT+ECSQ=0 (RIL_CMD2_READER_1, tid:496797668592)
03-15 13:45:07.852 D/MtkRILJ ( 1997): [4948]> OEM_HOOK_STRINGS strings = AT+EINFO=1082,402,1   [SUB1]
03-15 13:45:07.853 D/RpOemCtlr( 1287): onHandleOemHookString, data[0] = AT+EINFO=1082,402,1
03-15 13:45:07.854 D/MtkTelephonyRegistryEx( 1367): idMatchEx: rSubId=2147483647, subId=2, dSubId=2, rPhoneId=-1, phoneId=0
03-15 13:45:07.854 I/AT      ( 1287): [0] AT< +EREG: 2,"03AA","0054C79F",96,0,0,0,0 (RIL_URC_READER, tid:496834221296)
03-15 13:45:07.854 D/MtkTelephonyRegistryEx( 1367): idMatchEx: rSubId=2147483647, subId=2, dSubId=2, rPhoneId=0, phoneId=0
03-15 13:45:07.854 D/MtkTelephonyRegistryEx( 1367): idMatchEx: rSubId=2147483647, subId=2, dSubId=2, rPhoneId=1, phoneId=0
03-15 13:45:07.854 D/MtkTelephonyRegistryEx( 1367): idMatchEx: rSubId=2, subId=2, dSubId=2, rPhoneId=0, phoneId=0
03-15 13:45:07.854 D/MtkTelephonyRegistryEx( 1367): idMatchEx: rSubId=2, subId=2, dSubId=2, rPhoneId=0, phoneId=0
03-15 13:45:07.854 D/MtkTelephonyRegistryEx( 1367): idMatchEx: rSubId=2147483647, subId=2, dSubId=2, rPhoneId=1, phoneId=0
03-15 13:45:07.854 D/MtkTelephonyRegistryEx( 1367): idMatchEx: rSubId=2, subId=2, dSubId=2, rPhoneId=0, phoneId=0
03-15 13:45:07.854 D/MtkTelephonyRegistryEx( 1367): idMatchEx: rSubId=2, subId=2, dSubId=2, rPhoneId=0, phoneId=0
03-15 13:45:07.855 D/MtkTelephonyRegistryEx( 1367): idMatchEx: rSubId=2147483647, subId=2, dSubId=2, rPhoneId=1, phoneId=0
03-15 13:45:07.855 I/AT      ( 1287): [0] AT< OK (RIL_CMD_READER_1, tid:496826938608)
03-15 13:45:07.855 I/AT      ( 1287): [0] AT> AT+EGREG=5 (RIL_CMD_READER_1, tid:496825898224)
03-15 13:45:07.856 I/AT      ( 1287): [1] AT< OK (RIL_CMD2_READER_1, tid:496798708976)
03-15 13:45:07.856 I/AT      ( 1287): [1] AT> AT+EREG=5 (RIL_CMD2_READER_1, tid:496797668592)
03-15 13:45:07.857 D/RILJ    ( 1997): Unsol response received; Sending ack to ril.cpp [SUB0]
03-15 13:45:07.857 D/RILJ    ( 1997): [UNSL]< UNSOL_RESPONSE_CS_NETWORK_STATE_CHANGED [SUB0]
03-15 13:45:07.857 D/MtkTelephonyRegistryEx( 1367): idMatchEx: rSubId=2147483647, subId=2, dSubId=2, rPhoneId=-1, phoneId=0
03-15 13:45:07.857 D/MtkTelephonyRegistryEx( 1367): idMatchEx: rSubId=2147483647, subId=2, dSubId=2, rPhoneId=0, phoneId=0
03-15 13:45:07.857 D/MtkTelephonyRegistryEx( 1367): idMatchEx: rSubId=2147483647, subId=2, dSubId=2, rPhoneId=1, phoneId=0
03-15 13:45:07.857 D/MtkTelephonyRegistryEx( 1367): idMatchEx: rSubId=2, subId=2, dSubId=2, rPhoneId=0, phoneId=0
03-15 13:45:07.857 D/MtkTelephonyRegistryEx( 1367): idMatchEx: rSubId=2, subId=2, dSubId=2, rPhoneId=0, phoneId=0
03-15 13:45:07.857 D/MtkTelephonyRegistryEx( 1367): idMatchEx: rSubId=2147483647, subId=2, dSubId=2, rPhoneId=1, phoneId=0
03-15 13:45:07.857 D/MtkTelephonyRegistryEx( 1367): idMatchEx: rSubId=2, subId=2, dSubId=2, rPhoneId=0, phoneId=0
03-15 13:45:07.857 D/MtkTelephonyRegistryEx( 1367): idMatchEx: rSubId=2, subId=2, dSubId=2, rPhoneId=0, phoneId=0
03-15 13:45:07.858 D/MtkTelephonyRegistryEx( 1367): idMatchEx: rSubId=2147483647, subId=2, dSubId=2, rPhoneId=1, phoneId=0
03-15 13:45:07.858 I/AT      ( 1287): [0] AT< OK (RIL_CMD_READER_1, tid:496826938608)
03-15 13:45:07.858 I/AT      ( 1287): [0] AT< +EGREG: 2,"03AA","0054C79F",96,"02",0,0,0,0 (RIL_URC_READER, tid:496834221296)
03-15 13:45:07.858 D/SubscriptionController( 1997): [getSubId]- numSubIds == 0, return DummySubIds slotIndex=1
03-15 13:45:07.858 I/AT      ( 1287): [0] AT> AT+PSBEARER=0 (RIL_CMD_READER_1, tid:496825898224)
03-15 13:45:07.858 D/RILJ    ( 1997): Unsol response received; Sending ack to ril.cpp [SUB0]
03-15 13:45:07.858 D/RILJ    ( 1997): [UNSL]< UNSOL_RESPONSE_NETWORK_STATE_CHANGED [SUB0]
03-15 13:45:07.859 D/NetworkRegistrationManager( 1997): onNetworkStateChanged
03-15 13:45:07.859 I/RmcEmbmsReq( 1287): [0] postEpsNetworkUpdate urc=+EGREG: 2,"03AA","0054C79F",96,"02",0,0,0,0
03-15 13:45:07.859 I/AT      ( 1287): [0] AT> AT+EOPS? (RIL_ATCI_READER, tid:496815355120)
03-15 13:45:07.860 I/AT      ( 1287): [1] AT< +EREG: 0,"0000","00000000",0,0,0,0,0 (RIL_URC2_READER, tid:496829019376)
03-15 13:45:07.860 I/AT      ( 1287): [1] AT< OK (RIL_CMD2_READER_1, tid:496798708976)
03-15 13:45:07.860 I/RILC    ( 1287): try to getOpUnsolResponse from operator library
03-15 13:45:07.860 I/RilOpProxy( 1287): [getOpUnsolResponseInfo] dlopen failed in libmtk-rilop.so: (null)
03-15 13:45:07.860 E/RILC    ( 1287): unsupported unsolicited response code 0
03-15 13:45:07.860 I/AT      ( 1287): [1] AT> AT+EGREG=5 (RIL_CMD2_READER_1, tid:496797668592)
03-15 13:45:07.860 D/MtkTelephonyRegistryEx( 1367): idMatchEx: rSubId=2147483647, subId=-3, dSubId=2, rPhoneId=-1, phoneId=1
03-15 13:45:07.860 D/MtkTelephonyRegistryEx( 1367): idMatchEx: rSubId=2147483647, subId=-3, dSubId=2, rPhoneId=0, phoneId=1
03-15 13:45:07.860 D/MtkTelephonyRegistryEx( 1367): idMatchEx: rSubId=2147483647, subId=-3, dSubId=2, rPhoneId=1, phoneId=1
03-15 13:45:07.861 D/MtkTelephonyRegistryEx( 1367): idMatchEx: rSubId=2, subId=-3, dSubId=2, rPhoneId=0, phoneId=1
03-15 13:45:07.861 D/MtkTelephonyRegistryEx( 1367): idMatchEx: rSubId=2, subId=-3, dSubId=2, rPhoneId=0, phoneId=1
03-15 13:45:07.861 D/MtkTelephonyRegistryEx( 1367): idMatchEx: rSubId=2147483647, subId=-3, dSubId=2, rPhoneId=1, phoneId=1
03-15 13:45:07.861 D/MtkTelephonyRegistryEx( 1367): idMatchEx: rSubId=2, subId=-3, dSubId=2, rPhoneId=0, phoneId=1
03-15 13:45:07.861 D/MtkTelephonyRegistryEx( 1367): idMatchEx: rSubId=2, subId=-3, dSubId=2, rPhoneId=0, phoneId=1
03-15 13:45:07.861 D/MtkTelephonyRegistryEx( 1367): idMatchEx: rSubId=2147483647, subId=-3, dSubId=2, rPhoneId=1, phoneId=1
03-15 13:45:07.862 D/SubscriptionController( 1997): [getSubId]- numSubIds == 0, return DummySubIds slotIndex=1
03-15 13:45:07.862 I/AT      ( 1287): [0] AT< +EOPS: 0,2,"62120",1 (RIL_ATCI_READER, tid:496816395504)
03-15 13:45:07.862 I/AT      ( 1287): [0] AT< OK (RIL_ATCI_READER, tid:496816395504)
03-15 13:45:07.862 I/AT      ( 1287): [0] AT< OK (RIL_CMD_READER_1, tid:496826938608)
03-15 13:45:07.862 D/MtkTelephonyRegistryEx( 1367): idMatchEx: rSubId=2147483647, subId=-3, dSubId=2, rPhoneId=-1, phoneId=1
03-15 13:45:07.862 I/AT      ( 1287): [0] AT> AT+EREGINFO=0 (RIL_CMD_READER_1, tid:496825898224)
03-15 13:45:07.863 I/RtcEmbmsAt( 1287): [0] Handle URC RFX_MSG_URC_EMBMS_CELL_INFO_NOTIFICATION Slot 0 (DefaultDataSlot:0)
03-15 13:45:07.863 I/RtcEmbmsAt( 1287): [0] handleCellInfoUrc cell_id 54C79F, status 0, plmn 62120
03-15 13:45:07.863 I/RtcEmbmsAt( 1287): [0] urcToSocket:+CEREG:0
03-15 13:45:07.863 D/RILJ    ( 1997): Unsol response received; Sending ack to ril.cpp [SUB1]
03-15 13:45:07.863 D/RILJ    ( 1997): [UNSL]< UNSOL_RESPONSE_CS_NETWORK_STATE_CHANGED [SUB1]
03-15 13:45:07.863 I/RtcEmbmsAt( 1287): [0] urcToSocket:%MBMSEV:4,62120054C79F
03-15 13:45:07.863 D/MtkTelephonyRegistryEx( 1367): idMatchEx: rSubId=2147483647, subId=-3, dSubId=2, rPhoneId=0, phoneId=1
03-15 13:45:07.863 D/MtkTelephonyRegistryEx( 1367): idMatchEx: rSubId=2147483647, subId=-3, dSubId=2, rPhoneId=1, phoneId=1
03-15 13:45:07.863 D/MtkTelephonyRegistryEx( 1367): idMatchEx: rSubId=2, subId=-3, dSubId=2, rPhoneId=0, phoneId=1
03-15 13:45:07.863 D/MtkTelephonyRegistryEx( 1367): idMatchEx: rSubId=2, subId=-3, dSubId=2, rPhoneId=0, phoneId=1
03-15 13:45:07.863 D/MtkTelephonyRegistryEx( 1367): idMatchEx: rSubId=2147483647, subId=-3, dSubId=2, rPhoneId=1, phoneId=1
03-15 13:45:07.864 I/AT      ( 1287): [1] AT< +EGREG: 0,"0000","00000000",0,"00",0,0,0,0 (RIL_URC2_READER, tid:496829019376)
03-15 13:45:07.864 D/MtkTelephonyRegistryEx( 1367): idMatchEx: rSubId=2, subId=-3, dSubId=2, rPhoneId=0, phoneId=1
03-15 13:45:07.864 D/MtkTelephonyRegistryEx( 1367): idMatchEx: rSubId=2, subId=-3, dSubId=2, rPhoneId=0, phoneId=1
03-15 13:45:07.864 D/MtkTelephonyRegistryEx( 1367): idMatchEx: rSubId=2147483647, subId=-3, dSubId=2, rPhoneId=1, phoneId=1
03-15 13:45:07.864 I/AT      ( 1287): [1] AT< OK (RIL_CMD2_READER_1, tid:496798708976)
03-15 13:45:07.864 I/AT      ( 1287): [1] AT> AT+PSBEARER=0 (RIL_CMD2_READER_1, tid:496797668592)
03-15 13:45:07.864 I/RmcEmbmsReq( 1287): [1] postEpsNetworkUpdate urc=+EGREG: 0,"0000","00000000",0,"00",0,0,0,0
03-15 13:45:07.864 I/AT      ( 1287): [1] AT> AT+EOPS? (RIL_ATCI2_READER, tid:496789345520)
03-15 13:45:07.864 I/RILC    ( 1287): try to getOpUnsolResponse from operator library
03-15 13:45:07.864 I/RilOpProxy( 1287): [getOpUnsolResponseInfo] dlopen failed in libmtk-rilop.so: (null)
03-15 13:45:07.864 E/RILC    ( 1287): unsupported unsolicited response code 0
03-15 13:45:07.864 D/RILJ    ( 1997): Unsol response received; Sending ack to ril.cpp [SUB1]
03-15 13:45:07.864 D/RILJ    ( 1997): [UNSL]< UNSOL_RESPONSE_NETWORK_STATE_CHANGED [SUB1]
03-15 13:45:07.865 D/MTKSST  ( 1997): [GsmSST0] onNetworkStateChangeResult state:2 lac:938 cid:5556127 Act:3 cause:0
03-15 13:45:07.865 D/NetworkRegistrationManager( 1997): onNetworkStateChanged
03-15 13:45:07.865 D/MTKSST  ( 1997): [GsmSST0] pollState: modemTriggered=true, mPollingContext=0, RadioState=RADIO_ON
03-15 13:45:07.865 I/AT      ( 1287): [0] AT< OK (RIL_CMD_READER_1, tid:496826938608)
03-15 13:45:07.865 I/AT      ( 1287): [0] AT> AT+EDEFROAM=0 (RIL_CMD_READER_1, tid:496825898224)
03-15 13:45:07.865 D/RILJ    ( 1997): Unsol response received; Sending ack to ril.cpp [SUB0]
03-15 13:45:07.866 D/RILJ    ( 1997): [UNSL]< MTK: RIL_UNSOL_EMBMS_AT_INFO +CEREG:0
03-15 13:45:07.866 D/RILJ    ( 1997):  [SUB0]
03-15 13:45:07.866 D/RILJ    ( 1997): Notify mEmbmsAtInfoNotificationRegistrant [SUB0]
03-15 13:45:07.867 D/RILJ    ( 1997): [4954]> OPERATOR [SUB0]
03-15 13:45:07.867 I/AT      ( 1287): [1] AT< OK (RIL_CMD2_READER_1, tid:496798708976)
03-15 13:45:07.867 I/AT      ( 1287): [1] AT> AT+EREGINFO=0 (RIL_CMD2_READER_1, tid:496797668592)
03-15 13:45:07.868 I/AT      ( 1287): [0] AT> AT+EOPS? (RIL_CMD_RT_7, tid:496813274352)
03-15 13:45:07.868 I/AT      ( 1287): [1] AT< +EOPS: 0,2,"",1 (RIL_ATCI2_READER, tid:496790385904)
03-15 13:45:07.868 I/AT      ( 1287): [1] AT< OK (RIL_ATCI2_READER, tid:496790385904)
03-15 13:45:07.868 D/NetworkRegistrationManager( 1997): getNetworkRegistrationState domain 2
03-15 13:45:07.868 E/RmcEmbmsReq( 1287): [1] Error due to cell_id = 0
03-15 13:45:07.868 D/NetworkRegistrationManager( 1997): getNetworkRegistrationState domain 1
03-15 13:45:07.869 I/AT      ( 1287): [0] AT< OK (RIL_CMD_READER_1, tid:496826938608)
03-15 13:45:07.869 I/AT      ( 1287): [0] AT> AT+EXLCE=0 (RIL_CMD_READER_1, tid:496825898224)
03-15 13:45:07.869 D/RILJ    ( 1997): Unsol response received; Sending ack to ril.cpp [SUB0]
03-15 13:45:07.869 D/RILJ    ( 1997): [4956]> DATA_REGISTRATION_STATE [SUB0]
03-15 13:45:07.870 D/RILJ    ( 1997): [UNSL]< MTK: RIL_UNSOL_EMBMS_AT_INFO %MBMSEV:4,62120054C79F
03-15 13:45:07.870 D/RILJ    ( 1997):  [SUB0]
03-15 13:45:07.870 D/RILJ    ( 1997): Notify mEmbmsAtInfoNotificationRegistrant [SUB0]
03-15 13:45:07.870 I/AT      ( 1287): [1] AT< OK (RIL_CMD2_READER_1, tid:496798708976)
03-15 13:45:07.870 D/RILJ    ( 1997): [4957]> QUERY_NETWORK_SELECTION_MODE [SUB0]
03-15 13:45:07.871 I/AT      ( 1287): [1] AT> AT+EDEFROAM=0 (RIL_CMD2_READER_1, tid:496797668592)
03-15 13:45:07.871 D/RILJ    ( 1997): [4958]> VOICE_REGISTRATION_STATE [SUB0]
03-15 13:45:07.871 D/MTKSST  ( 1997): [GsmSST1] onNetworkStateChangeResult state:0 lac:0 cid:0 Act:0 cause:0
03-15 13:45:07.871 I/AT      ( 1287): [0] AT< +EOPS: 0,2,"62120",1 (RIL_CMD_RT_7, tid:496814314736)
03-15 13:45:07.871 I/AT      ( 1287): [0] AT< OK (RIL_CMD_RT_7, tid:496814314736)
03-15 13:45:07.872 D/MTKSST  ( 1997): [GsmSST1] pollState: modemTriggered=true, mPollingContext=0, RadioState=RADIO_OFF
03-15 13:45:07.872 I/AT      ( 1287): [0] AT> AT+EGREG? (RIL_CMD_RT_7, tid:496813274352)
03-15 13:45:07.872 D/SST     ( 1997): handleNetworkUnavailable
03-15 13:45:07.872 D/MTKSST  ( 1997): [GsmSST1] cleanMccProperties phoneId:1 sysMcc:621 sysMcc2:621
03-15 13:45:07.872 D/RILJ    ( 1997): [4954]< OPERATOR {, , } [SUB0]
03-15 13:45:07.873 I/AT      ( 1287): [0] AT< OK (RIL_CMD_READER_1, tid:496826938608)
03-15 13:45:07.873 I/AT      ( 1287): [0] AT> AT+EINFO=1082,402,1 (RIL_CMD_READER_1, tid:496825898224)
03-15 13:45:07.874 D/RILJ    ( 1997): [4959]> OPERATOR [SUB1]
03-15 13:45:07.874 I/AT      ( 1287): [1] AT< OK (RIL_CMD2_READER_1, tid:496798708976)
03-15 13:45:07.874 I/AT      ( 1287): [1] AT> AT+EXLCE=0 (RIL_CMD2_READER_1, tid:496797668592)
03-15 13:45:07.874 D/NetworkRegistrationManager( 1997): getNetworkRegistrationState domain 2
03-15 13:45:07.875 D/NetworkRegistrationManager( 1997): getNetworkRegistrationState domain 1
03-15 13:45:07.875 D/RILJ    ( 1997): [4944]< RIL_REQUEST_SET_UNSOLICITED_RESPONSE_FILTER  [SUB0]
03-15 13:45:07.875 I/AT      ( 1287): [0] AT< +EGREG: 5,2,"03AA","0054C79F",96,0,0,0,0,0 (RIL_CMD_RT_7, tid:496814314736)
03-15 13:45:07.875 I/AT      ( 1287): [1] AT> AT+EOPS? (RIL_CMD2_RT_7, tid:496785183984)
03-15 13:45:07.875 I/AT      ( 1287): [0] AT< OK (RIL_CMD_RT_7, tid:496814314736)
03-15 13:45:07.875 D/RILJ    ( 1997): [4961]> QUERY_NETWORK_SELECTION_MODE [SUB1]
03-15 13:45:07.876 I/AT      ( 1287): [0] AT> AT+COPS? (RIL_CMD_RT_7, tid:496813274352)
03-15 13:45:07.876 I/MtkEmbmsAdaptor( 1997): MSG_ID_EVENT_IND data: +CEREG:0
03-15 13:45:07.876 E/MtkEmbmsAdaptor( 1997): sendCommand fail!! mAdaptorIoThread is null!
03-15 13:45:07.876 I/MtkEmbmsAdaptor( 1997): MSG_ID_EVENT_IND data: %MBMSEV:4,62120054C79F
03-15 13:45:07.876 E/MtkEmbmsAdaptor( 1997): sendCommand fail!! mAdaptorIoThread is null!
03-15 13:45:07.877 D/NetworkRegistrationManager( 1997): onGetNetworkRegistrationStateComplete result 0 state NetworkRegistrationState{transportType=1 domain=PS regState=NOT_REG_SEARCHING accessNetworkTechnology=UNKNOWN reasonForDenial=0 emergencyEnabled=false supportedServices=null cellIdentity=null voiceSpecificStates=null dataSpecificStates=DataSpecificRegistrationStates { mMaxDataCalls=1}}
03-15 13:45:07.877 D/RILJ    ( 1997): [4956]< DATA_REGISTRATION_STATE {.regState = NOT_REG_MT_SEARCHING_OP, .rat = 0, .reasonDataDenied = 0, .maxDataCalls = 1, .cellIdentity = {.cellInfoType = NONE, .cellIdentityGsm = [], .cellIdentityWcdma = [], .cellIdentityCdma = [], .cellIdentityLte = [], .cellIdentityTdscdma = []}} [SUB0]
03-15 13:45:07.877 D/RILJ    ( 1997): [4960]> DATA_REGISTRATION_STATE [SUB1]
03-15 13:45:07.877 I/AT      ( 1287): [0] AT< OK (RIL_CMD_READER_1, tid:496826938608)
03-15 13:45:07.878 I/AT      ( 1287): [0] AT> AT+EOPS? (RIL_CMD_READER_1, tid:496825898224)
03-15 13:45:07.878 D/RILJ    ( 1997): [4962]> VOICE_REGISTRATION_STATE [SUB1]
03-15 13:45:07.878 I/AT      ( 1287): [1] AT< OK (RIL_CMD2_READER_1, tid:496798708976)
03-15 13:45:07.878 I/AT      ( 1287): [1] AT> AT+EINFO=1082,402,1 (RIL_CMD2_READER_1, tid:496797668592)
03-15 13:45:07.879 D/RILJ    ( 1997): [4947]< OEM_HOOK_STRINGS {} [SUB0]
03-15 13:45:07.879 D/RILJ    ( 1997): [4946]< RIL_REQUEST_SET_UNSOLICITED_RESPONSE_FILTER  [SUB1]
03-15 13:45:07.879 I/AT      ( 1287): [1] AT< +EOPS: 0,2,"",1 (RIL_CMD2_RT_7, tid:496786224368)
03-15 13:45:07.880 I/AT      ( 1287): [1] AT< OK (RIL_CMD2_RT_7, tid:496786224368)
03-15 13:45:07.880 I/AT      ( 1287): [1] AT> AT+COPS? (RIL_CMD2_RT_7, tid:496785183984)
03-15 13:45:07.880 I/AT      ( 1287): [0] AT< +COPS: 0 (RIL_CMD_RT_7, tid:496814314736)
03-15 13:45:07.880 I/AT      ( 1287): [0] AT< OK (RIL_CMD_RT_7, tid:496814314736)
03-15 13:45:07.880 I/AT      ( 1287): [0] AT> AT+EREG? (RIL_CMD_RT_7, tid:496813274352)
03-15 13:45:07.881 D/RILJ    ( 1997): [4959]< OPERATOR {, , } [SUB1]
03-15 13:45:07.881 D/RILJ    ( 1997): [4957]< QUERY_NETWORK_SELECTION_MODE {0} [SUB0]
03-15 13:45:07.881 D/MTKSST  ( 1997): [GsmSST0] EVENT_POLL_STATE_NETWORK_SELECTION_MODE
03-15 13:45:07.881 I/AT      ( 1287): [0] AT< +EOPS: 0,2,"62120",1 (RIL_CMD_READER_1, tid:496826938608)
03-15 13:45:07.882 I/AT      ( 1287): [0] AT< OK (RIL_CMD_READER_1, tid:496826938608)
03-15 13:45:07.882 I/AT      ( 1287): [1] AT< OK (RIL_CMD2_READER_1, tid:496798708976)
03-15 13:45:07.882 I/AT      ( 1287): [1] AT> AT+EOPS? (RIL_CMD2_READER_1, tid:496797668592)
03-15 13:45:07.883 I/AT      ( 1287): [1] AT< +COPS: 0 (RIL_CMD2_RT_7, tid:496786224368)
03-15 13:45:07.884 I/AT      ( 1287): [1] AT< OK (RIL_CMD2_RT_7, tid:496786224368)
03-15 13:45:07.884 I/AT      ( 1287): [1] AT> AT+EGREG? (RIL_CMD2_RT_7, tid:496785183984)
03-15 13:45:07.884 I/AT      ( 1287): [0] AT< +EREG: 5,2,"03AA","0054C79F",96,0,0,0,0 (RIL_CMD_RT_7, tid:496814314736)
03-15 13:45:07.884 I/AT      ( 1287): [0] AT< OK (RIL_CMD_RT_7, tid:496814314736)
03-15 13:45:07.884 I/AT      ( 1287): [0] AT> AT+VLOCINFO? (RIL_CMD_RT_7, tid:496813274352)
03-15 13:45:07.885 I/AT      ( 1287): [1] AT< +EOPS: 0,2,"",1 (RIL_CMD2_READER_1, tid:496798708976)
03-15 13:45:07.885 I/AT      ( 1287): [1] AT< OK (RIL_CMD2_READER_1, tid:496798708976)
03-15 13:45:07.886 I/AT      ( 1287): [1] AT< +EGREG: 5,0,"0000","00000000",0,0,0,0,0,0 (RIL_CMD2_RT_7, tid:496786224368)
03-15 13:45:07.886 I/AT      ( 1287): [1] AT< OK (RIL_CMD2_RT_7, tid:496786224368)
03-15 13:45:07.887 I/AT      ( 1287): [1] AT> AT+EREG? (RIL_CMD2_RT_7, tid:496785183984)
03-15 13:45:07.887 D/RILJ    ( 1997): Unsol response received; Sending ack to ril.cpp [SUB0]
03-15 13:45:07.887 D/RILJ    ( 1997): [UNSL]< UNSOL_RESPONSE_PS_NETWORK_STATE_CHANGED [SUB0]
03-15 13:45:07.888 D/MTKSST  ( 1997): [GsmSST0] onPsNetworkStateChangeResult, mPsRegState:1,newUrcState:1,info[0]:2,info[1]:62120,info[2]:15
03-15 13:45:07.888 D/RILJ    ( 1997): [4948]< OEM_HOOK_STRINGS {} [SUB1]
03-15 13:45:07.888 D/RILJ    ( 1997): [4961]< QUERY_NETWORK_SELECTION_MODE {0} [SUB1]
03-15 13:45:07.888 D/MTKSST  ( 1997): [GsmSST1] EVENT_POLL_STATE_NETWORK_SELECTION_MODE
03-15 13:45:07.888 I/AT      ( 1287): [0] AT< +VLOCINFO:0,111,11,0,0,0,0,0,0x00000000000000000000000000000000,0x00 (RIL_CMD_RT_7, tid:496814314736)
03-15 13:45:07.888 I/AT      ( 1287): [0] AT< OK (RIL_CMD_RT_7, tid:496814314736)
03-15 13:45:07.889 D/RILJ    ( 1997): Unsol response received; Sending ack to ril.cpp [SUB1]
03-15 13:45:07.889 D/RILJ    ( 1997): [UNSL]< UNSOL_RESPONSE_PS_NETWORK_STATE_CHANGED [SUB1]
03-15 13:45:07.890 I/AT      ( 1287): [1] AT< +EREG: 5,0,"0000","00000000",0,0,0,0,0 (RIL_CMD2_RT_7, tid:496786224368)
03-15 13:45:07.890 D/MTKSST  ( 1997): [GsmSST1] onPsNetworkStateChangeResult, mPsRegState:3,newUrcState:1,info[0]:0,info[1]:0,info[2]:0
03-15 13:45:07.890 D/RILJ    ( 1997): [4960]< DATA_REGISTRATION_STATE {.regState = NOT_REG_MT_NOT_SEARCHING_OP, .rat = 0, .reasonDataDenied = 0, .maxDataCalls = 1, .cellIdentity = {.cellInfoType = NONE, .cellIdentityGsm = [], .cellIdentityWcdma = [], .cellIdentityCdma = [], .cellIdentityLte = [], .cellIdentityTdscdma = []}} [SUB1]
03-15 13:45:07.890 D/NetworkRegistrationManager( 1997): onGetNetworkRegistrationStateComplete result 0 state NetworkRegistrationState{transportType=1 domain=PS regState=NOT_REG_NOT_SEARCHING accessNetworkTechnology=UNKNOWN reasonForDenial=0 emergencyEnabled=false supportedServices=null cellIdentity=null voiceSpecificStates=null dataSpecificStates=DataSpecificRegistrationStates { mMaxDataCalls=1}}
03-15 13:45:07.890 I/AT      ( 1287): [1] AT< OK (RIL_CMD2_RT_7, tid:496786224368)
03-15 13:45:07.890 I/AT      ( 1287): [1] AT> AT+VLOCINFO? (RIL_CMD2_RT_7, tid:496785183984)
03-15 13:45:07.890 D/RILJ    ( 1997): [4958]< VOICE_REGISTRATION_STATE {.regState = NOT_REG_MT_SEARCHING_OP_EM, .rat = 0, .cssSupported = false, .roamingIndicator = 0, .systemIsInPrl = -1, .defaultRoamingIndicator = 2, .reasonForDenial = 0, .cellIdentity = {.cellInfoType = NONE, .cellIdentityGsm = [], .cellIdentityWcdma = [], .cellIdentityCdma = [], .cellIdentityLte = [], .cellIdentityTdscdma = []}} [SUB0]
03-15 13:45:07.890 D/NetworkRegistrationManager( 1997): onGetNetworkRegistrationStateComplete result 0 state NetworkRegistrationState{transportType=1 domain=CS regState=NOT_REG_SEARCHING accessNetworkTechnology=UNKNOWN reasonForDenial=0 emergencyEnabled=true supportedServices=[I@b2457fa cellIdentity=null voiceSpecificStates=VoiceSpecificRegistrationStates { mCssSupported=false mRoamingIndicator=0 mSystemIsInPrl=-1 mDefaultRoamingIndicator=2} dataSpecificStates=null}
03-15 13:45:07.891 D/MTKSST  ( 1997): [GsmSST0] Could not set ServiceState channel number. CellIdentity null
03-15 13:45:07.892 D/MTKSST  ( 1997): [GsmSST0] serviceMccmnc = ,simMccmnc = 62183
03-15 13:45:07.894 D/MTKSST  ( 1997): [GsmSST0] guix inSwitchingDss = false  mSimState = 5 PhoneId = 0
03-15 13:45:07.894 D/SubscriptionController( 1997): [getSubId]- numSubIds == 0, return DummySubIds slotIndex=1
03-15 13:45:07.894 I/AT      ( 1287): [1] AT< +VLOCINFO:0,111,11,0,0,0,0,0,0x00000000000000000000000000000000,0x00 (RIL_CMD2_RT_7, tid:496786224368)
03-15 13:45:07.894 I/AT      ( 1287): [1] AT< OK (RIL_CMD2_RT_7, tid:496786224368)
03-15 13:45:07.895 D/RILJ    ( 1997): [4962]< VOICE_REGISTRATION_STATE {.regState = NOT_REG_MT_NOT_SEARCHING_OP_EM, .rat = 0, .cssSupported = false, .roamingIndicator = 0, .systemIsInPrl = -1, .defaultRoamingIndicator = 2, .reasonForDenial = 0, .cellIdentity = {.cellInfoType = NONE, .cellIdentityGsm = [], .cellIdentityWcdma = [], .cellIdentityCdma = [], .cellIdentityLte = [], .cellIdentityTdscdma = []}} [SUB1]
03-15 13:45:07.895 D/NetworkRegistrationManager( 1997): onGetNetworkRegistrationStateComplete result 0 state NetworkRegistrationState{transportType=1 domain=CS regState=NOT_REG_NOT_SEARCHING accessNetworkTechnology=UNKNOWN reasonForDenial=0 emergencyEnabled=true supportedServices=[I@2e49008 cellIdentity=null voiceSpecificStates=VoiceSpecificRegistrationStates { mCssSupported=false mRoamingIndicator=0 mSystemIsInPrl=-1 mDefaultRoamingIndicator=2} dataSpecificStates=null}
03-15 13:45:07.896 D/SubscriptionController( 1997): [getSubId]- numSubIds == 0, return DummySubIds slotIndex=1
03-15 13:45:07.897 I/chatty  ( 1997): uid=1001(radio) com.android.phone identical 2 lines
03-15 13:45:07.898 D/SubscriptionController( 1997): [getSubId]- numSubIds == 0, return DummySubIds slotIndex=1
03-15 13:45:07.898 D/MTKSST  ( 1997): [GsmSST0] ct simcard check:non-ct, need smooth 
03-15 13:45:07.898 D/MTKSST  ( 1997): [GsmSST0] oppoDelayOosState checkResult = 1,oldstate=1
03-15 13:45:07.899 D/MTKSST  ( 1997): [GsmSST1] Could not set ServiceState channel number. CellIdentity null
03-15 13:45:07.899 D/SubscriptionController( 1997): [getSubId]- numSubIds == 0, return DummySubIds slotIndex=1
03-15 13:45:07.900 D/MTKSST  ( 1997): [GsmSST1] serviceMccmnc = ,simMccmnc = null
03-15 13:45:07.900 D/SubscriptionController( 1997): [getSubId]- numSubIds == 0, return DummySubIds slotIndex=1
03-15 13:45:07.900 D/MTKSST  ( 1997): [GsmSST1] guix inSwitchingDss = false  mSimState = 1 PhoneId = 1
03-15 13:45:07.900 D/MTKSST  ( 1997): [GsmSST1] oppoDelayOosState checkResult = 0,oldstate=0
03-15 13:45:07.901 D/SubscriptionController( 1997): [getSubId]- numSubIds == 0, return DummySubIds slotIndex=1
03-15 13:45:07.904 I/chatty  ( 1997): uid=1001(radio) com.android.phone identical 4 lines
03-15 13:45:07.904 D/SubscriptionController( 1997): [getSubId]- numSubIds == 0, return DummySubIds slotIndex=1
03-15 13:45:07.904 D/MtkRILJ ( 1997): subId=-3 numeric= desireLongName=true nLac=-1
03-15 13:45:07.904 D/MtkRILJ ( 1997): invalid lac, set 0
03-15 13:45:07.905 D/MtkRILJ ( 1997): plmn name update to Nitz: 
03-15 13:45:07.905 D/MtkRILJ ( 1997): plmn name update to MVNO: 
03-15 13:45:07.905 D/SubscriptionController( 1997): [getSubId]- numSubIds == 0, return DummySubIds slotIndex=1
03-15 13:45:07.905 D/MtkRILJ ( 1997): subId=-3 numeric= desireLongName=false nLac=-1
03-15 13:45:07.905 D/MtkRILJ ( 1997): invalid lac, set 0
03-15 13:45:07.905 D/MtkRILJ ( 1997): plmn name update to Nitz: 
03-15 13:45:07.905 D/MtkRILJ ( 1997): plmn name update to MVNO: 
03-15 13:45:07.905 D/MTKSST  ( 1997): [GsmSST1] refreshSpn: , , fromPollState=true, mForceBroadcastServiceState=false
03-15 13:45:07.905 D/MTKSST  ( 1997): [GsmSST1] set service state as POWER_OFF
